#
# There is insufficient memory for the Java Runtime Environment to continue.
# Native memory allocation (mmap) failed to map 37748736 bytes. Error detail: G1 virtual space
# Possible reasons:
#   The system is out of physical RAM or swap space
#   This process is running with CompressedOops enabled, and the Java Heap may be blocking the growth of the native heap
# Possible solutions:
#   Reduce memory load on the system
#   Increase physical memory or swap space
#   Check if swap backing store is full
#   Decrease Java heap size (-Xmx/-Xms)
#   Decrease number of Java threads
#   Decrease Java thread stack sizes (-Xss)
#   Set larger code cache with -XX:ReservedCodeCacheSize=
#   JVM is running with Unscaled Compressed Oops mode in which the Java heap is
#     placed in the first 4GB address space. The Java Heap base address is the
#     maximum limit for the native heap growth. Please use -XX:HeapBaseMinAddress
#     to set the Java Heap base and to place the Java Heap above 4GB virtual address.
# This output file may be truncated or incomplete.
#
#  Out of Memory Error (os_windows.cpp:3714), pid=9244, tid=8116
#
# JRE version: OpenJDK Runtime Environment Temurin-21.0.11+10 (21.0.11+10) (build 21.0.11+10-LTS)
# Java VM: OpenJDK 64-Bit Server VM Temurin-21.0.11+10 (21.0.11+10-LTS, mixed mode, sharing, tiered, compressed oops, compressed class ptrs, g1 gc, windows-amd64)
# No core dump will be written. Minidumps are not enabled by default on client versions of Windows
#

---------------  S U M M A R Y ------------

Command Line: -Dclassworlds.conf=C:\Users\singh\maven\apache-maven-3.9.6\bin\m2.conf -Dmaven.home=C:\Users\singh\maven\apache-maven-3.9.6 -Dlibrary.jansi.path=C:\Users\singh\maven\apache-maven-3.9.6\lib\jansi-native -Dmaven.multiModuleProjectDirectory=C:\HIGH LEVEL PROJECTS\upi-dispute-platform\backend org.codehaus.plexus.classworlds.launcher.Launcher spring-boot:run

Host: AMD Ryzen 5 5500U with Radeon Graphics         , 12 cores, 5G,  Windows 11 , 64 bit Build 26100 (10.0.26100.8521)
Time: Tue Jun 16 06:00:56 2026 India Standard Time elapsed time: 18.201236 seconds (0d 0h 0m 18s)

---------------  T H R E A D  ---------------

Current thread (0x0000028045289c00):  VMThread "VM Thread"          [id=8116, stack(0x000000a4f2e00000,0x000000a4f2f00000) (1024K)]

Stack: [0x000000a4f2e00000,0x000000a4f2f00000]
Native frames: (J=compiled Java code, j=interpreted, Vv=VM code, C=native code)
V  [jvm.dll+0x6d7e19]
V  [jvm.dll+0x8b5096]
V  [jvm.dll+0x8b764e]
V  [jvm.dll+0x8b7d33]
V  [jvm.dll+0x284596]
V  [jvm.dll+0x6d4735]
V  [jvm.dll+0x6c845a]
V  [jvm.dll+0x35ef08]
V  [jvm.dll+0x366b46]
V  [jvm.dll+0x3b7c2e]
V  [jvm.dll+0x3b7ed8]
V  [jvm.dll+0x33310c]
V  [jvm.dll+0x333197]
V  [jvm.dll+0x376f6c]
V  [jvm.dll+0x37570e]
V  [jvm.dll+0x332851]
V  [jvm.dll+0x375138]
V  [jvm.dll+0x8bda20]
V  [jvm.dll+0x8bed94]
V  [jvm.dll+0x8bf2c0]
V  [jvm.dll+0x8bf563]
V  [jvm.dll+0x85fb0d]
V  [jvm.dll+0x6d664d]
C  [ucrtbase.dll+0x2cd30]
C  [KERNEL32.DLL+0x2e957]
C  [ntdll.dll+0x87c1c]

VM_Operation (0x000000a4f27fc570): G1TryInitiateConcMark, mode: safepoint, requested by thread 0x0000028026885a10


---------------  P R O C E S S  ---------------

Threads class SMR info:
_java_thread_list=0x000002808b374e20, length=11, elements={
0x0000028026885a10, 0x00000280452a0370, 0x00000280452a2fe0, 0x00000280452ad010,
0x00000280452adcd0, 0x00000280452b0290, 0x00000280452b0e20, 0x00000280452b8c50,
0x00000280452b96f0, 0x00000280454092b0, 0x000002804540cb10
}

Java Threads: ( => current thread )
  0x0000028026885a10 JavaThread "main"                              [_thread_blocked, id=6032, stack(0x000000a4f2700000,0x000000a4f2800000) (1024K)]
  0x00000280452a0370 JavaThread "Reference Handler"          daemon [_thread_blocked, id=27708, stack(0x000000a4f2f00000,0x000000a4f3000000) (1024K)]
  0x00000280452a2fe0 JavaThread "Finalizer"                  daemon [_thread_blocked, id=17908, stack(0x000000a4f3000000,0x000000a4f3100000) (1024K)]
  0x00000280452ad010 JavaThread "Signal Dispatcher"          daemon [_thread_blocked, id=19960, stack(0x000000a4f3100000,0x000000a4f3200000) (1024K)]
  0x00000280452adcd0 JavaThread "Attach Listener"            daemon [_thread_blocked, id=25468, stack(0x000000a4f3200000,0x000000a4f3300000) (1024K)]
  0x00000280452b0290 JavaThread "Service Thread"             daemon [_thread_blocked, id=6000, stack(0x000000a4f3300000,0x000000a4f3400000) (1024K)]
  0x00000280452b0e20 JavaThread "Monitor Deflation Thread"   daemon [_thread_blocked, id=15748, stack(0x000000a4f3400000,0x000000a4f3500000) (1024K)]
  0x00000280452b8c50 JavaThread "C2 CompilerThread0"         daemon [_thread_blocked, id=22132, stack(0x000000a4f3500000,0x000000a4f3600000) (1024K)]
  0x00000280452b96f0 JavaThread "C1 CompilerThread0"         daemon [_thread_blocked, id=24960, stack(0x000000a4f3600000,0x000000a4f3700000) (1024K)]
  0x00000280454092b0 JavaThread "Notification Thread"        daemon [_thread_blocked, id=19784, stack(0x000000a4f3700000,0x000000a4f3800000) (1024K)]
  0x000002804540cb10 JavaThread "Common-Cleaner"             daemon [_thread_blocked, id=4348, stack(0x000000a4f3800000,0x000000a4f3900000) (1024K)]
Total: 11

Other Threads:
=>0x0000028045289c00 VMThread "VM Thread"                           [id=8116, stack(0x000000a4f2e00000,0x000000a4f2f00000) (1024K)]
  0x0000028045276070 WatcherThread "VM Periodic Task Thread"        [id=18564, stack(0x000000a4f2d00000,0x000000a4f2e00000) (1024K)]
  0x0000028028cef800 WorkerThread "GC Thread#0"                     [id=17728, stack(0x000000a4f2800000,0x000000a4f2900000) (1024K)]
  0x0000028045e72b10 WorkerThread "GC Thread#1"                     [id=26196, stack(0x000000a4f3900000,0x000000a4f3a00000) (1024K)]
  0x0000028045eac740 WorkerThread "GC Thread#2"                     [id=7276, stack(0x000000a4f3a00000,0x000000a4f3b00000) (1024K)]
  0x000002808b020c10 WorkerThread "GC Thread#3"                     [id=13896, stack(0x000000a4f3b00000,0x000000a4f3c00000) (1024K)]
  0x000002808b020fc0 WorkerThread "GC Thread#4"                     [id=24840, stack(0x000000a4f3c00000,0x000000a4f3d00000) (1024K)]
  0x000002808b021370 WorkerThread "GC Thread#5"                     [id=3492, stack(0x000000a4f3d00000,0x000000a4f3e00000) (1024K)]
  0x000002808b021720 WorkerThread "GC Thread#6"                     [id=24384, stack(0x000000a4f3e00000,0x000000a4f3f00000) (1024K)]
  0x0000028045e89e90 WorkerThread "GC Thread#7"                     [id=24608, stack(0x000000a4f3f00000,0x000000a4f4000000) (1024K)]
  0x000002808b043dc0 WorkerThread "GC Thread#8"                     [id=4480, stack(0x000000a4f4000000,0x000000a4f4100000) (1024K)]
  0x000002808b044520 WorkerThread "GC Thread#9"                     [id=28544, stack(0x000000a4f4100000,0x000000a4f4200000) (1024K)]
  0x0000028028cfe350 ConcurrentGCThread "G1 Main Marker"            [id=24860, stack(0x000000a4f2900000,0x000000a4f2a00000) (1024K)]
  0x0000028028cffcf0 WorkerThread "G1 Conc#0"                       [id=26284, stack(0x000000a4f2a00000,0x000000a4f2b00000) (1024K)]
  0x000002808b043a10 WorkerThread "G1 Conc#1"                       [id=17528, stack(0x000000a4f4200000,0x000000a4f4300000) (1024K)]
  0x000002808c9587c0 WorkerThread "G1 Conc#2"                       [id=19012, stack(0x000000a4f4300000,0x000000a4f4400000) (1024K)]
  0x0000028028d6d350 ConcurrentGCThread "G1 Refine#0"               [id=18716, stack(0x000000a4f2b00000,0x000000a4f2c00000) (1024K)]
  0x0000028028d6ded0 ConcurrentGCThread "G1 Service"                [id=9420, stack(0x000000a4f2c00000,0x000000a4f2d00000) (1024K)]
Total: 18

Threads with active compile tasks:
C2 CompilerThread0  18226 6571       4       lombok.core.AST::buildWithField (21 bytes)
Total: 1

VM state: at safepoint (normal execution)

VM Mutex/Monitor currently owned by a thread:  ([mutex/lock_event])
[0x00007ffc71b3f570] Threads_lock - owner thread: 0x0000028045289c00
[0x00007ffc71b3f670] Heap_lock - owner thread: 0x0000028026885a10

Heap address: 0x00000000a2600000, size: 1498 MB, Compressed Oops mode: 32-bit

CDS archive(s) mapped at: [0x0000028046000000-0x0000028046c80000-0x0000028046c80000), size 13107200, SharedBaseAddress: 0x0000028046000000, ArchiveRelocationMode: 1.
Compressed class space mapped at: 0x0000028047000000-0x0000028087000000, reserved size: 1073741824
Narrow klass base: 0x0000028046000000, Narrow klass shift: 0, Narrow klass range: 0x100000000

GC Precious Log:
 CardTable entry size: 512
 Card Set container configuration: InlinePtr #cards 5 size 8 Array Of Cards #cards 12 size 40 Howl #buckets 4 coarsen threshold 1843 Howl Bitmap #cards 512 size 80 coarsen threshold 460 Card regions per heap region 1 cards per card region 2048
 CPUs: 12 total, 12 available
 Memory: 5989M
 Large Page Support: Disabled
 NUMA Support: Disabled
 Compressed Oops: Enabled (32-bit)
 Heap Region Size: 1M
 Heap Min Capacity: 8M
 Heap Initial Capacity: 94M
 Heap Max Capacity: 1498M
 Pre-touch: Disabled
 Parallel Workers: 10
 Concurrent Workers: 3
 Concurrent Refinement Workers: 10
 Periodic GC: Disabled

Heap:
 garbage-first heap   total 101376K, used 45029K [0x00000000a2600000, 0x0000000100000000)
  region size 1024K, 3 young (3072K), 3 survivors (3072K)
 Metaspace       used 31394K, committed 31808K, reserved 1114112K
  class space    used 3592K, committed 3776K, reserved 1048576K

Heap Regions: E=young(eden), S=young(survivor), O=old, HS=humongous(starts), HC=humongous(continues), CS=collection set, F=free, TAMS=top-at-mark-start, PB=parsable bottom
|   0|0x00000000a2600000, 0x00000000a2700000, 0x00000000a2700000|100%| O|  |TAMS 0x00000000a2700000| PB 0x00000000a2600000| Untracked 
|   1|0x00000000a2700000, 0x00000000a2800000, 0x00000000a2800000|100%| O|  |TAMS 0x00000000a2800000| PB 0x00000000a2700000| Untracked 
|   2|0x00000000a2800000, 0x00000000a2900000, 0x00000000a2900000|100%| O|  |TAMS 0x00000000a2900000| PB 0x00000000a2800000| Untracked 
|   3|0x00000000a2900000, 0x00000000a2a00000, 0x00000000a2a00000|100%| O|  |TAMS 0x00000000a2a00000| PB 0x00000000a2900000| Untracked 
|   4|0x00000000a2a00000, 0x00000000a2b00000, 0x00000000a2b00000|100%| O|  |TAMS 0x00000000a2b00000| PB 0x00000000a2a00000| Untracked 
|   5|0x00000000a2b00000, 0x00000000a2c00000, 0x00000000a2c00000|100%| O|  |TAMS 0x00000000a2c00000| PB 0x00000000a2b00000| Untracked 
|   6|0x00000000a2c00000, 0x00000000a2d00000, 0x00000000a2d00000|100%| O|  |TAMS 0x00000000a2d00000| PB 0x00000000a2c00000| Untracked 
|   7|0x00000000a2d00000, 0x00000000a2e00000, 0x00000000a2e00000|100%| O|  |TAMS 0x00000000a2e00000| PB 0x00000000a2d00000| Untracked 
|   8|0x00000000a2e00000, 0x00000000a2f00000, 0x00000000a2f00000|100%| O|  |TAMS 0x00000000a2f00000| PB 0x00000000a2e00000| Untracked 
|   9|0x00000000a2f00000, 0x00000000a3000000, 0x00000000a3000000|100%| O|  |TAMS 0x00000000a3000000| PB 0x00000000a2f00000| Untracked 
|  10|0x00000000a3000000, 0x00000000a3100000, 0x00000000a3100000|100%| O|  |TAMS 0x00000000a3100000| PB 0x00000000a3000000| Untracked 
|  11|0x00000000a3100000, 0x00000000a3200000, 0x00000000a3200000|100%| O|  |TAMS 0x00000000a3200000| PB 0x00000000a3100000| Untracked 
|  12|0x00000000a3200000, 0x00000000a3300000, 0x00000000a3300000|100%| O|  |TAMS 0x00000000a3300000| PB 0x00000000a3200000| Untracked 
|  13|0x00000000a3300000, 0x00000000a3400000, 0x00000000a3400000|100%|HS|  |TAMS 0x00000000a3400000| PB 0x00000000a3300000| Complete 
|  14|0x00000000a3400000, 0x00000000a3500000, 0x00000000a3500000|100%| O|  |TAMS 0x00000000a3500000| PB 0x00000000a3400000| Untracked 
|  15|0x00000000a3500000, 0x00000000a3600000, 0x00000000a3600000|100%| O|  |TAMS 0x00000000a3600000| PB 0x00000000a3500000| Untracked 
|  16|0x00000000a3600000, 0x00000000a3700000, 0x00000000a3700000|100%|HS|  |TAMS 0x00000000a3700000| PB 0x00000000a3600000| Complete 
|  17|0x00000000a3700000, 0x00000000a3800000, 0x00000000a3800000|100%|HC|  |TAMS 0x00000000a3800000| PB 0x00000000a3700000| Complete 
|  18|0x00000000a3800000, 0x00000000a3900000, 0x00000000a3900000|100%| O|  |TAMS 0x00000000a3900000| PB 0x00000000a3800000| Untracked 
|  19|0x00000000a3900000, 0x00000000a3a00000, 0x00000000a3a00000|100%| O|  |TAMS 0x00000000a3a00000| PB 0x00000000a3900000| Untracked 
|  20|0x00000000a3a00000, 0x00000000a3b00000, 0x00000000a3b00000|100%| O|  |TAMS 0x00000000a3b00000| PB 0x00000000a3a00000| Untracked 
|  21|0x00000000a3b00000, 0x00000000a3c00000, 0x00000000a3c00000|100%| O|  |TAMS 0x00000000a3c00000| PB 0x00000000a3b00000| Untracked 
|  22|0x00000000a3c00000, 0x00000000a3d00000, 0x00000000a3d00000|100%| O|  |TAMS 0x00000000a3d00000| PB 0x00000000a3c00000| Untracked 
|  23|0x00000000a3d00000, 0x00000000a3e00000, 0x00000000a3e00000|100%| O|  |TAMS 0x00000000a3e00000| PB 0x00000000a3d00000| Untracked 
|  24|0x00000000a3e00000, 0x00000000a3f00000, 0x00000000a3f00000|100%| O|  |TAMS 0x00000000a3f00000| PB 0x00000000a3e00000| Untracked 
|  25|0x00000000a3f00000, 0x00000000a4000000, 0x00000000a4000000|100%| O|  |TAMS 0x00000000a4000000| PB 0x00000000a3f00000| Untracked 
|  26|0x00000000a4000000, 0x00000000a4100000, 0x00000000a4100000|100%| O|  |TAMS 0x00000000a4100000| PB 0x00000000a4000000| Untracked 
|  27|0x00000000a4100000, 0x00000000a4200000, 0x00000000a4200000|100%| O|  |TAMS 0x00000000a4200000| PB 0x00000000a4100000| Untracked 
|  28|0x00000000a4200000, 0x00000000a4200000, 0x00000000a4300000|  0%| F|  |TAMS 0x00000000a4200000| PB 0x00000000a4200000| Untracked 
|  29|0x00000000a4300000, 0x00000000a4300000, 0x00000000a4400000|  0%| F|  |TAMS 0x00000000a4300000| PB 0x00000000a4300000| Untracked 
|  30|0x00000000a4400000, 0x00000000a4400000, 0x00000000a4500000|  0%| F|  |TAMS 0x00000000a4400000| PB 0x00000000a4400000| Untracked 
|  31|0x00000000a4500000, 0x00000000a4500000, 0x00000000a4600000|  0%| F|  |TAMS 0x00000000a4500000| PB 0x00000000a4500000| Untracked 
|  32|0x00000000a4600000, 0x00000000a4700000, 0x00000000a4700000|100%| O|  |TAMS 0x00000000a4700000| PB 0x00000000a4600000| Untracked 
|  33|0x00000000a4700000, 0x00000000a4800000, 0x00000000a4800000|100%| O|  |TAMS 0x00000000a4800000| PB 0x00000000a4700000| Untracked 
|  34|0x00000000a4800000, 0x00000000a4900000, 0x00000000a4900000|100%| O|  |TAMS 0x00000000a4900000| PB 0x00000000a4800000| Untracked 
|  35|0x00000000a4900000, 0x00000000a4a00000, 0x00000000a4a00000|100%| O|  |TAMS 0x00000000a4a00000| PB 0x00000000a4900000| Untracked 
|  36|0x00000000a4a00000, 0x00000000a4b00000, 0x00000000a4b00000|100%| O|  |TAMS 0x00000000a4b00000| PB 0x00000000a4a00000| Untracked 
|  37|0x00000000a4b00000, 0x00000000a4b00000, 0x00000000a4c00000|  0%| F|  |TAMS 0x00000000a4b00000| PB 0x00000000a4b00000| Untracked 
|  38|0x00000000a4c00000, 0x00000000a4c00000, 0x00000000a4d00000|  0%| F|  |TAMS 0x00000000a4c00000| PB 0x00000000a4c00000| Untracked 
|  39|0x00000000a4d00000, 0x00000000a4d00000, 0x00000000a4e00000|  0%| F|  |TAMS 0x00000000a4d00000| PB 0x00000000a4d00000| Untracked 
|  40|0x00000000a4e00000, 0x00000000a4e00000, 0x00000000a4f00000|  0%| F|  |TAMS 0x00000000a4e00000| PB 0x00000000a4e00000| Untracked 
|  41|0x00000000a4f00000, 0x00000000a4f00000, 0x00000000a5000000|  0%| F|  |TAMS 0x00000000a4f00000| PB 0x00000000a4f00000| Untracked 
|  42|0x00000000a5000000, 0x00000000a5000000, 0x00000000a5100000|  0%| F|  |TAMS 0x00000000a5000000| PB 0x00000000a5000000| Untracked 
|  43|0x00000000a5100000, 0x00000000a5100000, 0x00000000a5200000|  0%| F|  |TAMS 0x00000000a5100000| PB 0x00000000a5100000| Untracked 
|  44|0x00000000a5200000, 0x00000000a5200000, 0x00000000a5300000|  0%| F|  |TAMS 0x00000000a5200000| PB 0x00000000a5200000| Untracked 
|  45|0x00000000a5300000, 0x00000000a5400000, 0x00000000a5400000|100%| O|  |TAMS 0x00000000a5400000| PB 0x00000000a5300000| Untracked 
|  46|0x00000000a5400000, 0x00000000a5500000, 0x00000000a5500000|100%| O|  |TAMS 0x00000000a5500000| PB 0x00000000a5400000| Untracked 
|  47|0x00000000a5500000, 0x00000000a5600000, 0x00000000a5600000|100%| O|  |TAMS 0x00000000a5600000| PB 0x00000000a5500000| Untracked 
|  48|0x00000000a5600000, 0x00000000a5600000, 0x00000000a5700000|  0%| F|  |TAMS 0x00000000a5600000| PB 0x00000000a5600000| Untracked 
|  49|0x00000000a5700000, 0x00000000a5700000, 0x00000000a5800000|  0%| F|  |TAMS 0x00000000a5700000| PB 0x00000000a5700000| Untracked 
|  50|0x00000000a5800000, 0x00000000a5800000, 0x00000000a5900000|  0%| F|  |TAMS 0x00000000a5800000| PB 0x00000000a5800000| Untracked 
|  51|0x00000000a5900000, 0x00000000a5900000, 0x00000000a5a00000|  0%| F|  |TAMS 0x00000000a5900000| PB 0x00000000a5900000| Untracked 
|  52|0x00000000a5a00000, 0x00000000a5a00000, 0x00000000a5b00000|  0%| F|  |TAMS 0x00000000a5a00000| PB 0x00000000a5a00000| Untracked 
|  53|0x00000000a5b00000, 0x00000000a5b00000, 0x00000000a5c00000|  0%| F|  |TAMS 0x00000000a5b00000| PB 0x00000000a5b00000| Untracked 
|  54|0x00000000a5c00000, 0x00000000a5c00000, 0x00000000a5d00000|  0%| F|  |TAMS 0x00000000a5c00000| PB 0x00000000a5c00000| Untracked 
|  55|0x00000000a5d00000, 0x00000000a5d00000, 0x00000000a5e00000|  0%| F|  |TAMS 0x00000000a5d00000| PB 0x00000000a5d00000| Untracked 
|  56|0x00000000a5e00000, 0x00000000a5e00000, 0x00000000a5f00000|  0%| F|  |TAMS 0x00000000a5e00000| PB 0x00000000a5e00000| Untracked 
|  57|0x00000000a5f00000, 0x00000000a5f00000, 0x00000000a6000000|  0%| F|  |TAMS 0x00000000a5f00000| PB 0x00000000a5f00000| Untracked 
|  58|0x00000000a6000000, 0x00000000a6000000, 0x00000000a6100000|  0%| F|  |TAMS 0x00000000a6000000| PB 0x00000000a6000000| Untracked 
|  59|0x00000000a6100000, 0x00000000a6100000, 0x00000000a6200000|  0%| F|  |TAMS 0x00000000a6100000| PB 0x00000000a6100000| Untracked 
|  60|0x00000000a6200000, 0x00000000a6200000, 0x00000000a6300000|  0%| F|  |TAMS 0x00000000a6200000| PB 0x00000000a6200000| Untracked 
|  61|0x00000000a6300000, 0x00000000a6300000, 0x00000000a6400000|  0%| F|  |TAMS 0x00000000a6300000| PB 0x00000000a6300000| Untracked 
|  62|0x00000000a6400000, 0x00000000a6400000, 0x00000000a6500000|  0%| F|  |TAMS 0x00000000a6400000| PB 0x00000000a6400000| Untracked 
|  63|0x00000000a6500000, 0x00000000a6500000, 0x00000000a6600000|  0%| F|  |TAMS 0x00000000a6500000| PB 0x00000000a6500000| Untracked 
|  64|0x00000000a6600000, 0x00000000a6600000, 0x00000000a6700000|  0%| F|  |TAMS 0x00000000a6600000| PB 0x00000000a6600000| Untracked 
|  65|0x00000000a6700000, 0x00000000a6700000, 0x00000000a6800000|  0%| F|  |TAMS 0x00000000a6700000| PB 0x00000000a6700000| Untracked 
|  66|0x00000000a6800000, 0x00000000a6800000, 0x00000000a6900000|  0%| F|  |TAMS 0x00000000a6800000| PB 0x00000000a6800000| Untracked 
|  67|0x00000000a6900000, 0x00000000a6900000, 0x00000000a6a00000|  0%| F|  |TAMS 0x00000000a6900000| PB 0x00000000a6900000| Untracked 
|  68|0x00000000a6a00000, 0x00000000a6a00000, 0x00000000a6b00000|  0%| F|  |TAMS 0x00000000a6a00000| PB 0x00000000a6a00000| Untracked 
|  69|0x00000000a6b00000, 0x00000000a6b00000, 0x00000000a6c00000|  0%| F|  |TAMS 0x00000000a6b00000| PB 0x00000000a6b00000| Untracked 
|  70|0x00000000a6c00000, 0x00000000a6c00000, 0x00000000a6d00000|  0%| F|  |TAMS 0x00000000a6c00000| PB 0x00000000a6c00000| Untracked 
|  71|0x00000000a6d00000, 0x00000000a6d00000, 0x00000000a6e00000|  0%| F|  |TAMS 0x00000000a6d00000| PB 0x00000000a6d00000| Untracked 
|  72|0x00000000a6e00000, 0x00000000a6ef96a0, 0x00000000a6f00000| 97%| S|CS|TAMS 0x00000000a6e00000| PB 0x00000000a6e00000| Complete 
|  73|0x00000000a6f00000, 0x00000000a7000000, 0x00000000a7000000|100%| S|CS|TAMS 0x00000000a6f00000| PB 0x00000000a6f00000| Complete 
|  74|0x00000000a7000000, 0x00000000a7100000, 0x00000000a7100000|100%| S|CS|TAMS 0x00000000a7000000| PB 0x00000000a7000000| Complete 
|  75|0x00000000a7100000, 0x00000000a7100000, 0x00000000a7200000|  0%| F|  |TAMS 0x00000000a7100000| PB 0x00000000a7100000| Untracked 
|  76|0x00000000a7200000, 0x00000000a7200000, 0x00000000a7300000|  0%| F|  |TAMS 0x00000000a7200000| PB 0x00000000a7200000| Untracked 
|  77|0x00000000a7300000, 0x00000000a7300000, 0x00000000a7400000|  0%| F|  |TAMS 0x00000000a7300000| PB 0x00000000a7300000| Untracked 
|  78|0x00000000a7400000, 0x00000000a7400000, 0x00000000a7500000|  0%| F|  |TAMS 0x00000000a7400000| PB 0x00000000a7400000| Untracked 
|  79|0x00000000a7500000, 0x00000000a7500000, 0x00000000a7600000|  0%| F|  |TAMS 0x00000000a7500000| PB 0x00000000a7500000| Untracked 
|  80|0x00000000a7600000, 0x00000000a7600000, 0x00000000a7700000|  0%| F|  |TAMS 0x00000000a7600000| PB 0x00000000a7600000| Untracked 
|  81|0x00000000a7700000, 0x00000000a7700000, 0x00000000a7800000|  0%| F|  |TAMS 0x00000000a7700000| PB 0x00000000a7700000| Untracked 
|  82|0x00000000a7800000, 0x00000000a7800000, 0x00000000a7900000|  0%| F|  |TAMS 0x00000000a7800000| PB 0x00000000a7800000| Untracked 
|  83|0x00000000a7900000, 0x00000000a7900000, 0x00000000a7a00000|  0%| F|  |TAMS 0x00000000a7900000| PB 0x00000000a7900000| Untracked 
|  84|0x00000000a7a00000, 0x00000000a7a00000, 0x00000000a7b00000|  0%| F|  |TAMS 0x00000000a7a00000| PB 0x00000000a7a00000| Untracked 
|  85|0x00000000a7b00000, 0x00000000a7b00000, 0x00000000a7c00000|  0%| F|  |TAMS 0x00000000a7b00000| PB 0x00000000a7b00000| Untracked 
|  86|0x00000000a7c00000, 0x00000000a7c00000, 0x00000000a7d00000|  0%| F|  |TAMS 0x00000000a7c00000| PB 0x00000000a7c00000| Untracked 
|  87|0x00000000a7d00000, 0x00000000a7d00000, 0x00000000a7e00000|  0%| F|  |TAMS 0x00000000a7d00000| PB 0x00000000a7d00000| Untracked 
|  88|0x00000000a7e00000, 0x00000000a7e00000, 0x00000000a7f00000|  0%| F|  |TAMS 0x00000000a7e00000| PB 0x00000000a7e00000| Untracked 
|  89|0x00000000a7f00000, 0x00000000a7f00000, 0x00000000a8000000|  0%| F|  |TAMS 0x00000000a7f00000| PB 0x00000000a7f00000| Untracked 
|  90|0x00000000a8000000, 0x00000000a8000000, 0x00000000a8100000|  0%| F|  |TAMS 0x00000000a8000000| PB 0x00000000a8000000| Untracked 
|  91|0x00000000a8100000, 0x00000000a8100000, 0x00000000a8200000|  0%| F|  |TAMS 0x00000000a8100000| PB 0x00000000a8100000| Untracked 
|  92|0x00000000a8200000, 0x00000000a8200000, 0x00000000a8300000|  0%| F|  |TAMS 0x00000000a8200000| PB 0x00000000a8200000| Untracked 
|  93|0x00000000a8300000, 0x00000000a8300000, 0x00000000a8400000|  0%| F|  |TAMS 0x00000000a8300000| PB 0x00000000a8300000| Untracked 
|1493|0x00000000ffb00000, 0x00000000ffc00000, 0x00000000ffc00000|100%| O|  |TAMS 0x00000000ffc00000| PB 0x00000000ffb00000| Untracked 
|1494|0x00000000ffc00000, 0x00000000ffd00000, 0x00000000ffd00000|100%| O|  |TAMS 0x00000000ffd00000| PB 0x00000000ffc00000| Untracked 
|1495|0x00000000ffd00000, 0x00000000ffe00000, 0x00000000ffe00000|100%| O|  |TAMS 0x00000000ffe00000| PB 0x00000000ffd00000| Untracked 
|1496|0x00000000ffe00000, 0x00000000fff00000, 0x00000000fff00000|100%| O|  |TAMS 0x00000000fff00000| PB 0x00000000ffe00000| Untracked 
|1497|0x00000000fff00000, 0x0000000100000000, 0x0000000100000000|100%| O|  |TAMS 0x0000000100000000| PB 0x00000000fff00000| Untracked 

Card table byte_map: [0x0000028040c20000,0x0000028040f10000] _byte_map_base: 0x000002804070d000

Marking Bits: (CMBitMap*) 0x0000028028ceff10
 Bits: [0x0000028040f10000, 0x0000028042678000)

Polling page: 0x0000028026b00000

Metaspace:

Usage:
  Non-class:     27.15 MB used.
      Class:      3.51 MB used.
       Both:     30.66 MB used.

Virtual space:
  Non-class space:       64.00 MB reserved,      27.38 MB ( 43%) committed,  1 nodes.
      Class space:        1.00 GB reserved,       3.69 MB ( <1%) committed,  1 nodes.
             Both:        1.06 GB reserved,      31.06 MB (  3%) committed. 

Chunk freelists:
   Non-Class:  4.39 MB
       Class:  12.26 MB
        Both:  16.66 MB

MaxMetaspaceSize: unlimited
CompressedClassSpaceSize: 1.00 GB
Initial GC threshold: 21.00 MB
Current GC threshold: 35.56 MB
CDS: on
 - commit_granule_bytes: 65536.
 - commit_granule_words: 8192.
 - virtual_space_node_default_size: 8388608.
 - enlarge_chunks_in_place: 1.
 - use_allocation_guard: 0.


Internal statistics:

num_allocs_failed_limit: 3.
num_arena_births: 466.
num_arena_deaths: 0.
num_vsnodes_births: 2.
num_vsnodes_deaths: 0.
num_space_committed: 497.
num_space_uncommitted: 0.
num_chunks_returned_to_freelist: 3.
num_chunks_taken_from_freelist: 1586.
num_chunk_merges: 3.
num_chunk_splits: 1117.
num_chunks_enlarged: 872.
num_inconsistent_stats: 0.

CodeHeap 'non-profiled nmethods': size=120000Kb used=3544Kb max_used=3544Kb free=116455Kb
 bounds [0x0000028038ea0000, 0x0000028039220000, 0x00000280403d0000]
CodeHeap 'profiled nmethods': size=120000Kb used=16099Kb max_used=16099Kb free=103900Kb
 bounds [0x00000280313d0000, 0x0000028032390000, 0x0000028038900000]
CodeHeap 'non-nmethods': size=5760Kb used=1391Kb max_used=1450Kb free=4368Kb
 bounds [0x0000028038900000, 0x0000028038b70000, 0x0000028038ea0000]
CodeCache: size=245760Kb, used=21034Kb, max_used=21093Kb, free=224723Kb
 total_blobs=8056, nmethods=7506, adapters=454, full_count=0
Compilation: enabled, stopped_count=0, restarted_count=0

Compilation events (20 events):
Event: 16.168 Thread 0x00000280452b96f0 7545       2       sun.nio.fs.WindowsPath::elementAsString (62 bytes)
Event: 16.168 Thread 0x00000280452b96f0 nmethod 7545 0x0000028032383f90 code [0x0000028032384180, 0x0000028032384420]
Event: 16.168 Thread 0x00000280452b96f0 7544       2       com.sun.tools.javac.file.CacheFSInfo$$Lambda/0x000002804726ef70::apply (13 bytes)
Event: 16.168 Thread 0x00000280452b96f0 nmethod 7544 0x0000028032384710 code [0x00000280323848c0, 0x0000028032384a60]
Event: 16.171 Thread 0x00000280452b96f0 7546       2       java.util.jar.Attributes::<init> (13 bytes)
Event: 16.171 Thread 0x00000280452b96f0 nmethod 7546 0x0000028032384b10 code [0x0000028032384cc0, 0x0000028032384e38]
Event: 16.172 Thread 0x00000280452b96f0 7547       2       java.util.Hashtable::<init> (9 bytes)
Event: 16.172 Thread 0x00000280452b96f0 nmethod 7547 0x0000028032384f10 code [0x00000280323850e0, 0x0000028032385210]
Event: 16.174 Thread 0x00000280452b96f0 7548       2       java.util.zip.ZipCoder::get (20 bytes)
Event: 16.175 Thread 0x00000280452b96f0 nmethod 7548 0x0000028032385290 code [0x0000028032385440, 0x0000028032385620]
Event: 16.176 Thread 0x00000280452b96f0 7551   !   2       java.util.zip.ZipFile$Source::get (177 bytes)
Event: 16.177 Thread 0x00000280452b96f0 nmethod 7551 0x0000028032385710 code [0x00000280323859a0, 0x0000028032386428]
Event: 16.177 Thread 0x00000280452b96f0 7549       2       java.util.zip.ZipFile::<init> (144 bytes)
Event: 16.177 Thread 0x00000280452b96f0 nmethod 7549 0x0000028032386a90 code [0x0000028032386d00, 0x0000028032387528]
Event: 16.177 Thread 0x00000280452b96f0 7550       2       java.util.zip.ZipFile$CleanableResource::<init> (63 bytes)
Event: 16.177 Thread 0x00000280452b96f0 nmethod 7550 0x0000028032387910 code [0x0000028032387b60, 0x00000280323883e0]
Event: 16.177 Thread 0x00000280452b96f0 7553       2       jdk.internal.perf.PerfCounter::getZipFileCount (4 bytes)
Event: 16.178 Thread 0x00000280452b96f0 nmethod 7553 0x0000028032388690 code [0x0000028032388820, 0x0000028032388910]
Event: 16.178 Thread 0x00000280452b96f0 7552       2       java.util.zip.ZipFile$Source$Key::<init> (23 bytes)
Event: 16.178 Thread 0x00000280452b96f0 nmethod 7552 0x0000028032388990 code [0x0000028032388b40, 0x0000028032388d38]

GC Heap History (20 events):
Event: 2.384 GC heap after
{Heap after GC invocations=1 (full 0):
 garbage-first heap   total 96256K, used 3992K [0x00000000a2600000, 0x0000000100000000)
  region size 1024K, 3 young (3072K), 3 survivors (3072K)
 Metaspace       used 5874K, committed 6016K, reserved 1114112K
  class space    used 682K, committed 768K, reserved 1048576K
}
Event: 3.047 GC heap before
{Heap before GC invocations=1 (full 0):
 garbage-first heap   total 96256K, used 35736K [0x00000000a2600000, 0x0000000100000000)
  region size 1024K, 34 young (34816K), 3 survivors (3072K)
 Metaspace       used 11072K, committed 11200K, reserved 1114112K
  class space    used 1321K, committed 1408K, reserved 1048576K
}
Event: 3.053 GC heap after
{Heap after GC invocations=2 (full 0):
 garbage-first heap   total 96256K, used 6035K [0x00000000a2600000, 0x0000000100000000)
  region size 1024K, 3 young (3072K), 3 survivors (3072K)
 Metaspace       used 11072K, committed 11200K, reserved 1114112K
  class space    used 1321K, committed 1408K, reserved 1048576K
}
Event: 5.569 GC heap before
{Heap before GC invocations=2 (full 0):
 garbage-first heap   total 96256K, used 60307K [0x00000000a2600000, 0x0000000100000000)
  region size 1024K, 56 young (57344K), 3 survivors (3072K)
 Metaspace       used 16113K, committed 16384K, reserved 1114112K
  class space    used 1882K, committed 1984K, reserved 1048576K
}
Event: 5.584 GC heap after
{Heap after GC invocations=3 (full 0):
 garbage-first heap   total 96256K, used 12905K [0x00000000a2600000, 0x0000000100000000)
  region size 1024K, 7 young (7168K), 7 survivors (7168K)
 Metaspace       used 16113K, committed 16384K, reserved 1114112K
  class space    used 1882K, committed 1984K, reserved 1048576K
}
Event: 9.638 GC heap before
{Heap before GC invocations=3 (full 0):
 garbage-first heap   total 96256K, used 63081K [0x00000000a2600000, 0x0000000100000000)
  region size 1024K, 56 young (57344K), 7 survivors (7168K)
 Metaspace       used 17329K, committed 17664K, reserved 1114112K
  class space    used 1981K, committed 2112K, reserved 1048576K
}
Event: 9.651 GC heap after
{Heap after GC invocations=4 (full 0):
 garbage-first heap   total 96256K, used 16669K [0x00000000a2600000, 0x0000000100000000)
  region size 1024K, 4 young (4096K), 4 survivors (4096K)
 Metaspace       used 17329K, committed 17664K, reserved 1114112K
  class space    used 1981K, committed 2112K, reserved 1048576K
}
Event: 9.679 GC heap before
{Heap before GC invocations=4 (full 0):
 garbage-first heap   total 96256K, used 38173K [0x00000000a2600000, 0x0000000100000000)
  region size 1024K, 6 young (6144K), 4 survivors (4096K)
 Metaspace       used 17586K, committed 17856K, reserved 1114112K
  class space    used 2002K, committed 2112K, reserved 1048576K
}
Event: 9.684 GC heap after
{Heap after GC invocations=5 (full 0):
 garbage-first heap   total 96256K, used 37012K [0x00000000a2600000, 0x0000000100000000)
  region size 1024K, 4 young (4096K), 4 survivors (4096K)
 Metaspace       used 17586K, committed 17856K, reserved 1114112K
  class space    used 2002K, committed 2112K, reserved 1048576K
}
Event: 10.412 GC heap before
{Heap before GC invocations=5 (full 0):
 garbage-first heap   total 96256K, used 65684K [0x00000000a2600000, 0x0000000100000000)
  region size 1024K, 21 young (21504K), 4 survivors (4096K)
 Metaspace       used 20159K, committed 20480K, reserved 1114112K
  class space    used 2288K, committed 2432K, reserved 1048576K
}
Event: 10.418 GC heap after
{Heap after GC invocations=6 (full 0):
 garbage-first heap   total 96256K, used 17735K [0x00000000a2600000, 0x0000000100000000)
  region size 1024K, 2 young (2048K), 2 survivors (2048K)
 Metaspace       used 20159K, committed 20480K, reserved 1114112K
  class space    used 2288K, committed 2432K, reserved 1048576K
}
Event: 12.518 GC heap before
{Heap before GC invocations=6 (full 0):
 garbage-first heap   total 96256K, used 36167K [0x00000000a2600000, 0x0000000100000000)
  region size 1024K, 16 young (16384K), 2 survivors (2048K)
 Metaspace       used 21200K, committed 21504K, reserved 1114112K
  class space    used 2432K, committed 2560K, reserved 1048576K
}
Event: 12.524 GC heap after
{Heap after GC invocations=7 (full 0):
 garbage-first heap   total 96256K, used 25928K [0x00000000a2600000, 0x0000000100000000)
  region size 1024K, 6 young (6144K), 6 survivors (6144K)
 Metaspace       used 21200K, committed 21504K, reserved 1114112K
  class space    used 2432K, committed 2560K, reserved 1048576K
}
Event: 13.323 GC heap before
{Heap before GC invocations=8 (full 0):
 garbage-first heap   total 89088K, used 74056K [0x00000000a2600000, 0x0000000100000000)
  region size 1024K, 52 young (53248K), 6 survivors (6144K)
 Metaspace       used 26826K, committed 27136K, reserved 1114112K
  class space    used 3072K, committed 3200K, reserved 1048576K
}
Event: 13.341 GC heap after
{Heap after GC invocations=9 (full 0):
 garbage-first heap   total 94208K, used 38400K [0x00000000a2600000, 0x0000000100000000)
  region size 1024K, 7 young (7168K), 7 survivors (7168K)
 Metaspace       used 26826K, committed 27136K, reserved 1114112K
  class space    used 3072K, committed 3200K, reserved 1048576K
}
Event: 15.197 GC heap before
{Heap before GC invocations=9 (full 0):
 garbage-first heap   total 94208K, used 74240K [0x00000000a2600000, 0x0000000100000000)
  region size 1024K, 43 young (44032K), 7 survivors (7168K)
 Metaspace       used 28387K, committed 28800K, reserved 1114112K
  class space    used 3226K, committed 3392K, reserved 1048576K
}
Event: 15.210 GC heap after
{Heap after GC invocations=10 (full 0):
 garbage-first heap   total 94208K, used 41984K [0x00000000a2600000, 0x0000000100000000)
  region size 1024K, 4 young (4096K), 4 survivors (4096K)
 Metaspace       used 28387K, committed 28800K, reserved 1114112K
  class space    used 3226K, committed 3392K, reserved 1048576K
}
Event: 15.885 GC heap before
{Heap before GC invocations=10 (full 0):
 garbage-first heap   total 94208K, used 76800K [0x00000000a2600000, 0x0000000100000000)
  region size 1024K, 39 young (39936K), 4 survivors (4096K)
 Metaspace       used 30845K, committed 31296K, reserved 1114112K
  class space    used 3535K, committed 3712K, reserved 1048576K
}
Event: 15.893 GC heap after
{Heap after GC invocations=11 (full 0):
 garbage-first heap   total 94208K, used 44032K [0x00000000a2600000, 0x0000000100000000)
  region size 1024K, 2 young (2048K), 2 survivors (2048K)
 Metaspace       used 30845K, committed 31296K, reserved 1114112K
  class space    used 3535K, committed 3712K, reserved 1048576K
}
Event: 16.187 GC heap before
{Heap before GC invocations=11 (full 0):
 garbage-first heap   total 94208K, used 55296K [0x00000000a2600000, 0x0000000100000000)
  region size 1024K, 14 young (14336K), 2 survivors (2048K)
 Metaspace       used 31394K, committed 31808K, reserved 1114112K
  class space    used 3592K, committed 3776K, reserved 1048576K
}

Dll operation events (8 events):
Event: 0.012 Loaded shared library C:\Program Files\Eclipse Adoptium\jdk-21.0.11.10-hotspot\bin\java.dll
Event: 0.050 Loaded shared library C:\Program Files\Eclipse Adoptium\jdk-21.0.11.10-hotspot\bin\jsvml.dll
Event: 0.059 Loaded shared library C:\Program Files\Eclipse Adoptium\jdk-21.0.11.10-hotspot\bin\net.dll
Event: 0.062 Loaded shared library C:\Program Files\Eclipse Adoptium\jdk-21.0.11.10-hotspot\bin\nio.dll
Event: 0.067 Loaded shared library C:\Program Files\Eclipse Adoptium\jdk-21.0.11.10-hotspot\bin\zip.dll
Event: 0.245 Loaded shared library C:\Program Files\Eclipse Adoptium\jdk-21.0.11.10-hotspot\bin\jimage.dll
Event: 0.423 Loaded shared library C:\Users\singh\maven\apache-maven-3.9.6\lib\jansi-native\Windows\x86_64\jansi.dll
Event: 0.441 Loaded shared library C:\Program Files\Eclipse Adoptium\jdk-21.0.11.10-hotspot\bin\verify.dll

Deoptimization events (20 events):
Event: 16.048 Thread 0x0000028026885a10 Uncommon trap: trap_request=0xffffffde fr.pc=0x00000280390aa428 relative=0x0000000000000088
Event: 16.048 Thread 0x0000028026885a10 Uncommon trap: reason=class_check action=maybe_recompile pc=0x00000280390aa428 method=java.lang.Integer.equals(Ljava/lang/Object;)Z @ 1 c2
Event: 16.048 Thread 0x0000028026885a10 DEOPT PACKING pc=0x00000280390aa428 sp=0x000000a4f27fd6b0
Event: 16.048 Thread 0x0000028026885a10 DEOPT UNPACKING pc=0x0000028038954422 sp=0x000000a4f27fd640 mode 2
Event: 16.048 Thread 0x0000028026885a10 Uncommon trap: trap_request=0xffffffde fr.pc=0x00000280390aa428 relative=0x0000000000000088
Event: 16.048 Thread 0x0000028026885a10 Uncommon trap: reason=class_check action=maybe_recompile pc=0x00000280390aa428 method=java.lang.Integer.equals(Ljava/lang/Object;)Z @ 1 c2
Event: 16.048 Thread 0x0000028026885a10 DEOPT PACKING pc=0x00000280390aa428 sp=0x000000a4f27fd5b0
Event: 16.048 Thread 0x0000028026885a10 DEOPT UNPACKING pc=0x0000028038954422 sp=0x000000a4f27fd540 mode 2
Event: 16.092 Thread 0x0000028026885a10 Uncommon trap: trap_request=0xffffff45 fr.pc=0x00000280391e3940 relative=0x00000000000000e0
Event: 16.092 Thread 0x0000028026885a10 Uncommon trap: reason=unstable_if action=reinterpret pc=0x00000280391e3940 method=jdk.internal.reflect.MethodHandleObjectFieldAccessorImpl.get(Ljava/lang/Object;)Ljava/lang/Object; @ 4 c2
Event: 16.092 Thread 0x0000028026885a10 DEOPT PACKING pc=0x00000280391e3940 sp=0x000000a4f27fc750
Event: 16.092 Thread 0x0000028026885a10 DEOPT UNPACKING pc=0x0000028038954422 sp=0x000000a4f27fc6e8 mode 2
Event: 16.113 Thread 0x0000028026885a10 Uncommon trap: trap_request=0xffffff45 fr.pc=0x0000028039177468 relative=0x0000000000000188
Event: 16.113 Thread 0x0000028026885a10 Uncommon trap: reason=unstable_if action=reinterpret pc=0x0000028039177468 method=java.nio.file.FileTreeWalker.getAttributes(Ljava/nio/file/Path;Z)Ljava/nio/file/attribute/BasicFileAttributes; @ 8 c2
Event: 16.113 Thread 0x0000028026885a10 DEOPT PACKING pc=0x0000028039177468 sp=0x000000a4f27fdaf0
Event: 16.113 Thread 0x0000028026885a10 DEOPT UNPACKING pc=0x0000028038954422 sp=0x000000a4f27fda78 mode 2
Event: 16.133 Thread 0x0000028026885a10 DEOPT PACKING pc=0x0000028031e1914e sp=0x000000a4f27fd0e0
Event: 16.133 Thread 0x0000028026885a10 DEOPT UNPACKING pc=0x0000028038954bc2 sp=0x000000a4f27fc660 mode 0
Event: 16.133 Thread 0x0000028026885a10 DEOPT PACKING pc=0x0000028031e1914e sp=0x000000a4f27fd0e0
Event: 16.133 Thread 0x0000028026885a10 DEOPT UNPACKING pc=0x0000028038954bc2 sp=0x000000a4f27fc660 mode 0

Classes loaded (20 events):
Event: 15.835 Loading class java/lang/invoke/MethodHandleImpl$Makers
Event: 15.836 Loading class java/lang/invoke/MethodHandleImpl$Makers done
Event: 15.836 Loading class java/lang/invoke/MethodHandleImpl$Makers$1
Event: 15.836 Loading class java/lang/invoke/MethodHandleImpl$Makers$1 done
Event: 15.836 Loading class java/lang/invoke/MethodHandleImpl$Makers$2
Event: 15.836 Loading class java/lang/invoke/MethodHandleImpl$Makers$2 done
Event: 15.836 Loading class java/lang/invoke/MethodHandleImpl$Makers$3
Event: 15.836 Loading class java/lang/invoke/MethodHandleImpl$Makers$3 done
Event: 15.839 Loading class java/lang/runtime/ObjectMethods$1
Event: 15.839 Loading class java/lang/runtime/ObjectMethods$1 done
Event: 15.841 Loading class java/lang/invoke/DirectMethodHandle$1
Event: 15.842 Loading class java/lang/invoke/DirectMethodHandle$1 done
Event: 15.994 Loading class java/io/DataOutputStream
Event: 15.995 Loading class java/io/DataOutputStream done
Event: 16.055 Loading class java/util/EnumMap$Values
Event: 16.056 Loading class java/util/EnumMap$Values done
Event: 16.056 Loading class java/util/EnumMap$ValueIterator
Event: 16.056 Loading class java/util/EnumMap$ValueIterator done
Event: 16.056 Loading class java/util/WeakHashMap$KeyIterator
Event: 16.056 Loading class java/util/WeakHashMap$KeyIterator done

Classes unloaded (0 events):
No events

Classes redefined (0 events):
No events

Internal exceptions (20 events):
Event: 15.988 Thread 0x0000028026885a10 Exception <a 'sun/nio/fs/WindowsException'{0x00000000a79ad1d8}> (0x00000000a79ad1d8) 
thrown [s\src\hotspot\share\prims\jni.cpp, line 520]
Event: 15.988 Thread 0x0000028026885a10 Exception <a 'sun/nio/fs/WindowsException'{0x00000000a79ad8b0}> (0x00000000a79ad8b0) 
thrown [s\src\hotspot\share\prims\jni.cpp, line 520]
Event: 15.989 Thread 0x0000028026885a10 Exception <a 'sun/nio/fs/WindowsException'{0x00000000a79ae750}> (0x00000000a79ae750) 
thrown [s\src\hotspot\share\prims\jni.cpp, line 520]
Event: 15.996 Thread 0x0000028026885a10 Exception <a 'sun/nio/fs/WindowsException'{0x00000000a79e45b8}> (0x00000000a79e45b8) 
thrown [s\src\hotspot\share\prims\jni.cpp, line 520]
Event: 15.996 Thread 0x0000028026885a10 Exception <a 'sun/nio/fs/WindowsException'{0x00000000a79e4c90}> (0x00000000a79e4c90) 
thrown [s\src\hotspot\share\prims\jni.cpp, line 520]
Event: 15.996 Thread 0x0000028026885a10 Exception <a 'sun/nio/fs/WindowsException'{0x00000000a79e5b30}> (0x00000000a79e5b30) 
thrown [s\src\hotspot\share\prims\jni.cpp, line 520]
Event: 16.001 Thread 0x0000028026885a10 Exception <a 'sun/nio/fs/WindowsException'{0x00000000a78005f8}> (0x00000000a78005f8) 
thrown [s\src\hotspot\share\prims\jni.cpp, line 520]
Event: 16.001 Thread 0x0000028026885a10 Exception <a 'sun/nio/fs/WindowsException'{0x00000000a7800cb0}> (0x00000000a7800cb0) 
thrown [s\src\hotspot\share\prims\jni.cpp, line 520]
Event: 16.001 Thread 0x0000028026885a10 Exception <a 'sun/nio/fs/WindowsException'{0x00000000a7801a68}> (0x00000000a7801a68) 
thrown [s\src\hotspot\share\prims\jni.cpp, line 520]
Event: 16.026 Thread 0x0000028026885a10 Exception <a 'java/lang/NoSuchMethodError'{0x00000000a77728c0}: 'java.lang.Object java.lang.invoke.DirectMethodHandle$Holder.newInvokeSpecial(java.lang.Object, java.lang.Object, java.lang.Object, java.lang.Object, java.lang.Object, java.lang.Object, java.lang.Object, int)'> (0x00000000a77728c0) 
thrown [s\src\hotspot\share\interpreter\linkResolver.cpp, line 773]
Event: 16.026 Thread 0x0000028026885a10 Exception <a 'java/lang/NoSuchMethodError'{0x00000000a7777788}: 'java.lang.Object java.lang.invoke.DirectMethodHandle$Holder.invokeSpecial(java.lang.Object, java.lang.Object, java.lang.Object, java.lang.Object, java.lang.Object, java.lang.Object, java.lang.Object, java.lang.Object, int)'> (0x00000000a7777788) 
thrown [s\src\hotspot\share\interpreter\linkResolver.cpp, line 773]
Event: 16.040 Thread 0x0000028026885a10 Exception <a 'sun/nio/fs/WindowsException'{0x00000000a7638130}> (0x00000000a7638130) 
thrown [s\src\hotspot\share\prims\jni.cpp, line 520]
Event: 16.040 Thread 0x0000028026885a10 Exception <a 'sun/nio/fs/WindowsException'{0x00000000a76387f8}> (0x00000000a76387f8) 
thrown [s\src\hotspot\share\prims\jni.cpp, line 520]
Event: 16.040 Thread 0x0000028026885a10 Exception <a 'sun/nio/fs/WindowsException'{0x00000000a7639610}> (0x00000000a7639610) 
thrown [s\src\hotspot\share\prims\jni.cpp, line 520]
Event: 16.047 Thread 0x0000028026885a10 Exception <a 'sun/nio/fs/WindowsException'{0x00000000a767d718}> (0x00000000a767d718) 
thrown [s\src\hotspot\share\prims\jni.cpp, line 520]
Event: 16.047 Thread 0x0000028026885a10 Exception <a 'sun/nio/fs/WindowsException'{0x00000000a767dde8}> (0x00000000a767dde8) 
thrown [s\src\hotspot\share\prims\jni.cpp, line 520]
Event: 16.047 Thread 0x0000028026885a10 Exception <a 'sun/nio/fs/WindowsException'{0x00000000a767ec40}> (0x00000000a767ec40) 
thrown [s\src\hotspot\share\prims\jni.cpp, line 520]
Event: 16.054 Thread 0x0000028026885a10 Exception <a 'sun/nio/fs/WindowsException'{0x00000000a76e5310}> (0x00000000a76e5310) 
thrown [s\src\hotspot\share\prims\jni.cpp, line 520]
Event: 16.054 Thread 0x0000028026885a10 Exception <a 'sun/nio/fs/WindowsException'{0x00000000a76e59d0}> (0x00000000a76e59d0) 
thrown [s\src\hotspot\share\prims\jni.cpp, line 520]
Event: 16.054 Thread 0x0000028026885a10 Exception <a 'sun/nio/fs/WindowsException'{0x00000000a76e67a0}> (0x00000000a76e67a0) 
thrown [s\src\hotspot\share\prims\jni.cpp, line 520]

ZGC Phase Switch (0 events):
No events

VM Operations (20 events):
Event: 15.695 Executing safepoint VM operation: ICBufferFull done
Event: 15.726 Executing non-safepoint VM operation: HandshakeAllThreads (Deoptimize)
Event: 15.726 Executing non-safepoint VM operation: HandshakeAllThreads (Deoptimize) done
Event: 15.805 Executing safepoint VM operation: ICBufferFull
Event: 15.805 Executing safepoint VM operation: ICBufferFull done
Event: 15.858 Executing non-safepoint VM operation: HandshakeAllThreads (Deoptimize)
Event: 15.858 Executing non-safepoint VM operation: HandshakeAllThreads (Deoptimize) done
Event: 15.863 Executing non-safepoint VM operation: HandshakeAllThreads (Deoptimize)
Event: 15.863 Executing non-safepoint VM operation: HandshakeAllThreads (Deoptimize) done
Event: 15.864 Executing non-safepoint VM operation: HandshakeAllThreads (Deoptimize)
Event: 15.864 Executing non-safepoint VM operation: HandshakeAllThreads (Deoptimize) done
Event: 15.876 Executing safepoint VM operation: ICBufferFull
Event: 15.876 Executing safepoint VM operation: ICBufferFull done
Event: 15.878 Executing non-safepoint VM operation: HandshakeAllThreads (Deoptimize)
Event: 15.878 Executing non-safepoint VM operation: HandshakeAllThreads (Deoptimize) done
Event: 15.885 Executing safepoint VM operation: G1CollectForAllocation (G1 Evacuation Pause)
Event: 15.893 Executing safepoint VM operation: G1CollectForAllocation (G1 Evacuation Pause) done
Event: 16.022 Executing safepoint VM operation: ICBufferFull
Event: 16.022 Executing safepoint VM operation: ICBufferFull done
Event: 16.187 Executing safepoint VM operation: G1TryInitiateConcMark (G1 Humongous Allocation)

Memory protections (0 events):
No events

Nmethod flushes (0 events):
No events

Events (13 events):
Event: 0.026 Thread 0x0000028026885a10 Thread added: 0x0000028026885a10
Event: 0.042 Thread 0x0000028026885a10 Thread added: 0x00000280452a0370
Event: 0.042 Thread 0x0000028026885a10 Thread added: 0x00000280452a2fe0
Event: 0.042 Thread 0x0000028026885a10 Thread added: 0x00000280452ad010
Event: 0.042 Thread 0x0000028026885a10 Thread added: 0x00000280452adcd0
Event: 0.042 Thread 0x0000028026885a10 Thread added: 0x00000280452b0290
Event: 0.042 Thread 0x0000028026885a10 Thread added: 0x00000280452b0e20
Event: 0.043 Thread 0x0000028026885a10 Thread added: 0x00000280452b8c50
Event: 0.043 Thread 0x0000028026885a10 Thread added: 0x00000280452b96f0
Event: 0.054 Thread 0x0000028026885a10 Thread added: 0x00000280454092b0
Event: 0.056 Thread 0x0000028026885a10 Thread added: 0x000002804540cb10
Event: 4.774 Thread 0x00000280452b96f0 Thread added: 0x000002808b822b00
Event: 7.756 Thread 0x000002808b822b00 Thread exited: 0x000002808b822b00


Dynamic libraries:
0x00007ff74abe0000 - 0x00007ff74abee000 	C:\Program Files\Eclipse Adoptium\jdk-21.0.11.10-hotspot\bin\java.exe
0x00007ffca7ea0000 - 0x00007ffca8106000 	C:\WINDOWS\SYSTEM32\ntdll.dll
0x00007ffca7200000 - 0x00007ffca72c9000 	C:\WINDOWS\System32\KERNEL32.DLL
0x00007ffca56e0000 - 0x00007ffca5ada000 	C:\WINDOWS\System32\KERNELBASE.dll
0x00007ffca5410000 - 0x00007ffca555c000 	C:\WINDOWS\System32\ucrtbase.dll
0x00007ffc97020000 - 0x00007ffc97038000 	C:\Program Files\Eclipse Adoptium\jdk-21.0.11.10-hotspot\bin\jli.dll
0x00007ffca7000000 - 0x00007ffca71c7000 	C:\WINDOWS\System32\USER32.dll
0x00007ffc94e60000 - 0x00007ffc950f2000 	C:\WINDOWS\WinSxS\amd64_microsoft.windows.common-controls_6595b64144ccf1df_6.0.26100.8521_none_3e08b75ce33403b3\COMCTL32.dll
0x00007ffc8e710000 - 0x00007ffc8e72e000 	C:\Program Files\Eclipse Adoptium\jdk-21.0.11.10-hotspot\bin\VCRUNTIME140.dll
0x00007ffca51c0000 - 0x00007ffca51e7000 	C:\WINDOWS\System32\win32u.dll
0x00007ffca6340000 - 0x00007ffca63e9000 	C:\WINDOWS\System32\msvcrt.dll
0x00007ffca7e30000 - 0x00007ffca7e5b000 	C:\WINDOWS\System32\GDI32.dll
0x00007ffca5ae0000 - 0x00007ffca5c0b000 	C:\WINDOWS\System32\gdi32full.dll
0x00007ffca51f0000 - 0x00007ffca5293000 	C:\WINDOWS\System32\msvcp_win.dll
0x00007ffca7c80000 - 0x00007ffca7cb2000 	C:\WINDOWS\System32\IMM32.DLL
0x00007ffca0070000 - 0x00007ffca007c000 	C:\Program Files\Eclipse Adoptium\jdk-21.0.11.10-hotspot\bin\vcruntime140_1.dll
0x00007ffc87c60000 - 0x00007ffc87ced000 	C:\Program Files\Eclipse Adoptium\jdk-21.0.11.10-hotspot\bin\msvcp140.dll
0x00007ffc70e80000 - 0x00007ffc71c22000 	C:\Program Files\Eclipse Adoptium\jdk-21.0.11.10-hotspot\bin\server\jvm.dll
0x00007ffca6270000 - 0x00007ffca6326000 	C:\WINDOWS\System32\ADVAPI32.dll
0x00007ffca5c10000 - 0x00007ffca5cba000 	C:\WINDOWS\System32\sechost.dll
0x00007ffca7cc0000 - 0x00007ffca7dd8000 	C:\WINDOWS\System32\RPCRT4.dll
0x00007ffca63f0000 - 0x00007ffca6470000 	C:\WINDOWS\System32\WS2_32.dll
0x00007ffca4fb0000 - 0x00007ffca500e000 	C:\WINDOWS\SYSTEM32\POWRPROF.dll
0x00007ffc9bfa0000 - 0x00007ffc9bfd6000 	C:\WINDOWS\SYSTEM32\WINMM.dll
0x00007ffc9bfe0000 - 0x00007ffc9bfeb000 	C:\WINDOWS\SYSTEM32\VERSION.dll
0x00007ffca4f90000 - 0x00007ffca4fa4000 	C:\WINDOWS\SYSTEM32\UMPDC.dll
0x00007ffca3ec0000 - 0x00007ffca3edb000 	C:\WINDOWS\SYSTEM32\kernel.appcore.dll
0x00007ffc97060000 - 0x00007ffc9706a000 	C:\Program Files\Eclipse Adoptium\jdk-21.0.11.10-hotspot\bin\jimage.dll
0x00007ffc9bbd0000 - 0x00007ffc9be12000 	C:\WINDOWS\SYSTEM32\DBGHELP.DLL
0x00007ffca5cc0000 - 0x00007ffca6043000 	C:\WINDOWS\System32\combase.dll
0x00007ffca6e90000 - 0x00007ffca6f69000 	C:\WINDOWS\System32\OLEAUT32.dll
0x00007ffc93220000 - 0x00007ffc9325b000 	C:\WINDOWS\SYSTEM32\dbgcore.DLL
0x00007ffca52a0000 - 0x00007ffca5348000 	C:\WINDOWS\System32\bcryptPrimitives.dll
0x00007ffc8e6f0000 - 0x00007ffc8e710000 	C:\Program Files\Eclipse Adoptium\jdk-21.0.11.10-hotspot\bin\java.dll
0x00007ffca74f0000 - 0x00007ffca7c74000 	C:\WINDOWS\System32\SHELL32.dll
0x00007ffca2ce0000 - 0x00007ffca3560000 	C:\WINDOWS\SYSTEM32\windows.storage.dll
0x00007ffca6c90000 - 0x00007ffca6d86000 	C:\WINDOWS\System32\SHCORE.dll
0x00007ffca6d90000 - 0x00007ffca6df7000 	C:\WINDOWS\System32\shlwapi.dll
0x00007ffca5050000 - 0x00007ffca5079000 	C:\WINDOWS\SYSTEM32\profapi.dll
0x00007ffc82ae0000 - 0x00007ffc82bb7000 	C:\Program Files\Eclipse Adoptium\jdk-21.0.11.10-hotspot\bin\jsvml.dll
0x00007ffc97010000 - 0x00007ffc97020000 	C:\Program Files\Eclipse Adoptium\jdk-21.0.11.10-hotspot\bin\net.dll
0x00007ffc9cf50000 - 0x00007ffc9d079000 	C:\WINDOWS\SYSTEM32\WINHTTP.dll
0x00007ffca4430000 - 0x00007ffca449c000 	C:\WINDOWS\system32\mswsock.dll
0x00007ffc8d740000 - 0x00007ffc8d756000 	C:\Program Files\Eclipse Adoptium\jdk-21.0.11.10-hotspot\bin\nio.dll
0x00007ffc8d720000 - 0x00007ffc8d738000 	C:\Program Files\Eclipse Adoptium\jdk-21.0.11.10-hotspot\bin\zip.dll
0x0000000069ac0000 - 0x0000000069ae4000 	C:\Users\singh\maven\apache-maven-3.9.6\lib\jansi-native\Windows\x86_64\jansi.dll
0x00007ffc954e0000 - 0x00007ffc954f0000 	C:\Program Files\Eclipse Adoptium\jdk-21.0.11.10-hotspot\bin\verify.dll

JVMTI agents: none

dbghelp: loaded successfully - version: 4.0.5 - missing functions: none
symbol engine: initialized successfully - sym options: 0x614 - pdb path: .;C:\Program Files\Eclipse Adoptium\jdk-21.0.11.10-hotspot\bin;C:\WINDOWS\SYSTEM32;C:\WINDOWS\WinSxS\amd64_microsoft.windows.common-controls_6595b64144ccf1df_6.0.26100.8521_none_3e08b75ce33403b3;C:\Program Files\Eclipse Adoptium\jdk-21.0.11.10-hotspot\bin\server;C:\Users\singh\maven\apache-maven-3.9.6\lib\jansi-native\Windows\x86_64

VM Arguments:
jvm_args: -Dclassworlds.conf=C:\Users\singh\maven\apache-maven-3.9.6\bin\m2.conf -Dmaven.home=C:\Users\singh\maven\apache-maven-3.9.6 -Dlibrary.jansi.path=C:\Users\singh\maven\apache-maven-3.9.6\lib\jansi-native -Dmaven.multiModuleProjectDirectory=C:\HIGH LEVEL PROJECTS\upi-dispute-platform\backend 
java_command: org.codehaus.plexus.classworlds.launcher.Launcher spring-boot:run
java_class_path (initial): C:\Users\singh\maven\apache-maven-3.9.6\boot\plexus-classworlds-2.7.0.jar
Launcher Type: SUN_STANDARD

[Global flags]
     intx CICompilerCount                          = 4                                         {product} {ergonomic}
     uint ConcGCThreads                            = 3                                         {product} {ergonomic}
     uint G1ConcRefinementThreads                  = 10                                        {product} {ergonomic}
   size_t G1HeapRegionSize                         = 1048576                                   {product} {ergonomic}
    uintx GCDrainStackTargetSize                   = 64                                        {product} {ergonomic}
   size_t InitialHeapSize                          = 98566144                                  {product} {ergonomic}
   size_t MarkStackSize                            = 4194304                                   {product} {ergonomic}
   size_t MaxHeapSize                              = 1570766848                                {product} {ergonomic}
   size_t MaxNewSize                               = 941621248                                 {product} {ergonomic}
   size_t MinHeapDeltaBytes                        = 1048576                                   {product} {ergonomic}
   size_t MinHeapSize                              = 8388608                                   {product} {ergonomic}
    uintx NonNMethodCodeHeapSize                   = 5839372                                {pd product} {ergonomic}
    uintx NonProfiledCodeHeapSize                  = 122909434                              {pd product} {ergonomic}
    uintx ProfiledCodeHeapSize                     = 122909434                              {pd product} {ergonomic}
    uintx ReservedCodeCacheSize                    = 251658240                              {pd product} {ergonomic}
     bool SegmentedCodeCache                       = true                                      {product} {ergonomic}
   size_t SoftMaxHeapSize                          = 1570766848                             {manageable} {ergonomic}
     bool UseCompressedOops                        = true                           {product lp64_product} {ergonomic}
     bool UseG1GC                                  = true                                      {product} {ergonomic}
     bool UseLargePagesIndividualAllocation        = false                                  {pd product} {ergonomic}

Logging:
Log output configuration:
 #0: stdout all=warning uptime,level,tags foldmultilines=false
 #1: stderr all=off uptime,level,tags foldmultilines=false

Release file:
IMPLEMENTOR="Eclipse Adoptium" 
IMPLEMENTOR_VERSION="Temurin-21.0.11+10" 
JAVA_RUNTIME_VERSION="21.0.11+10-LTS" 
JAVA_VERSION="21.0.11" 
JAVA_VERSION_DATE="2026-04-21" 
LIBC="default" 
MODULES="java.base java.compiler java.datatransfer java.xml java.prefs java.desktop java.instrument java.logging java.management java.security.sasl java.naming java.rmi java.management.rmi java.net.http java.scripting java.security.jgss java.transaction.xa java.sql java.sql.rowset java.xml.crypto java.se java.smartcardio jdk.accessibility jdk.internal.jvmstat jdk.attach jdk.charsets jdk.internal.opt jdk.zipfs jdk.compiler jdk.crypto.ec jdk.crypto.cryptoki jdk.crypto.mscapi jdk.dynalink jdk.internal.ed jdk.editpad jdk.hotspot.agent jdk.httpserver jdk.incubator.vector jdk.internal.le jdk.internal.vm.ci jdk.internal.vm.compiler jdk.internal.vm.compiler.management jdk.jartool jdk.javadoc jdk.jcmd jdk.management jdk.management.agent jdk.jconsole jdk.jdeps jdk.jdwp.agent jdk.jdi jdk.jfr jdk.jlink jdk.jpackage jdk.jshell jdk.jsobject jdk.jstatd jdk.localedata jdk.management.jfr jdk.naming.dns jdk.naming.rmi jdk.net jdk.nio.mapmode jdk.random jdk.sctp jdk.security.auth jdk.security.jgss jdk.unsupported jdk.unsupported.desktop jdk.xml.dom" 
OS_ARCH="x86_64" 
OS_NAME="Windows" 
SOURCE=".:git:254494ad7d75" 
BUILD_SOURCE="git:a612825ee82a20ac872d60958c349854c1f29a8e"
BUILD_SOURCE_REPO="https://github.com/adoptium/temurin-build.git"
SOURCE_REPO="https://github.com/adoptium/jdk21u.git"
FULL_VERSION="21.0.11+10-LTS"
SEMANTIC_VERSION="21.0.11+10"
BUILD_INFO="OS: Windows Server 2022 Version: 10.0"
JVM_VARIANT="Hotspot"
JVM_VERSION="21.0.11+10-LTS"
IMAGE_TYPE="JDK"

Environment Variables:
JAVA_HOME=C:\Program Files\Eclipse Adoptium\jdk-21.0.11.10-hotspot\
PATH=c:\Users\singh\.vscode\extensions\vadimcn.vscode-lldb-1.12.1\bin;C:\Program Files\Eclipse Adoptium\jdk-21.0.11.10-hotspot\bin;C:\Program Files\Common Files\Oracle\Java\javapath;C:\Program Files (x86)\Common Files\Intel\Shared Libraries\redist\intel64\compiler;C:\WINDOWS\system32;C:\WINDOWS;C:\WINDOWS\System32\Wbem;C:\WINDOWS\System32\WindowsPowerShell\v1.0\;C:\WINDOWS\System32\OpenSSH\;C:\Program Files\Java\jdk-22\bin;C:\Program Files\nodejs\;C:\Program Files\Git\cmd;C:\Program Files\Docker\Docker\resources\bin;C:\Users\singh\AppData\Local\Programs\Python\Python312\Scripts\;C:\Users\singh\AppData\Local\Programs\Python\Python312\;C:\Users\singh\AppData\Local\Programs\Python\Launcher\;C:\Users\singh\AppData\Local\Microsoft\WindowsApps;C:\Users\singh\AppData\Local\GitHubDesktop\bin;C:\Users\singh\AppData\Local\Programs\Microsoft VS Code\bin;C:\Users\singh\AppData\Roaming\npm;C:\Users\singh\AppData\Local\Programs\Microsoft VS Code\bin;C:\Users\singh\maven\apache-maven-3.9.6\bin
USERNAME=singh
LANG=en_US.UTF-8
OS=Windows_NT
PROCESSOR_IDENTIFIER=AMD64 Family 23 Model 104 Stepping 1, AuthenticAMD
TMP=C:\Users\singh\AppData\Local\Temp
TEMP=C:\Users\singh\AppData\Local\Temp




Periodic native trim disabled

---------------  S Y S T E M  ---------------

OS:
 Windows 11 , 64 bit Build 26100 (10.0.26100.8521)
OS uptime: 0 days 15:10 hours
Hyper-V role detected

CPU: total 12 (initial active 12) (12 cores per cpu, 2 threads per core) family 23 model 104 stepping 1 microcode 0x8608103, cx8, cmov, fxsr, ht, mmx, 3dnowpref, sse, sse2, sse3, ssse3, sse4a, sse4.1, sse4.2, popcnt, lzcnt, tsc, tscinvbit, avx, avx2, aes, clmul, bmi1, bmi2, adx, sha, fma, vzeroupper, clflush, clflushopt, hv, rdtscp, rdpid, f16c
Processor Information for processor 0
  Max Mhz: 2100, Current Mhz: 1988, Mhz Limit: 2100
Processor Information for processor 1
  Max Mhz: 2100, Current Mhz: 1988, Mhz Limit: 2100
Processor Information for processor 2
  Max Mhz: 2100, Current Mhz: 1988, Mhz Limit: 2100
Processor Information for processor 3
  Max Mhz: 2100, Current Mhz: 1988, Mhz Limit: 2100
Processor Information for processor 4
  Max Mhz: 2100, Current Mhz: 1988, Mhz Limit: 2100
Processor Information for processor 5
  Max Mhz: 2100, Current Mhz: 1988, Mhz Limit: 2100
Processor Information for processor 6
  Max Mhz: 2100, Current Mhz: 2100, Mhz Limit: 2100
Processor Information for processor 7
  Max Mhz: 2100, Current Mhz: 1988, Mhz Limit: 2100
Processor Information for processor 8
  Max Mhz: 2100, Current Mhz: 1988, Mhz Limit: 2100
Processor Information for processor 9
  Max Mhz: 2100, Current Mhz: 1988, Mhz Limit: 2100
Processor Information for processor 10
  Max Mhz: 2100, Current Mhz: 1988, Mhz Limit: 2100
Processor Information for processor 11
  Max Mhz: 2100, Current Mhz: 2100, Mhz Limit: 2100

Memory: 4k page, system-wide physical 5989M (353M free)
TotalPageFile size 24421M (AvailPageFile size 85M)
current process WorkingSet (physical memory assigned to process): 237M, peak: 241M
current process commit charge ("private bytes"): 276M, peak: 312M

vm_info: OpenJDK 64-Bit Server VM (21.0.11+10-LTS) for windows-amd64 JRE (21.0.11+10-LTS), built on 2026-04-21T00:00:00Z by "admin" with MS VC++ 17.12 (VS2022)

END.
