#
# There is insufficient memory for the Java Runtime Environment to continue.
# Native memory allocation (malloc) failed to allocate 182896 bytes. Error detail: Chunk::new
# Possible reasons:
#   The system is out of physical RAM or swap space
#   This process is running with CompressedOops enabled, and the Java Heap may be blocking the growth of the native heap
# Possible solutions:
#   Reduce memory load on the system
#   Increase physical memory or swap space
#   Check if swap backing store is full
#   Decrease Java heap size (-Xmx/-Xms)
#   Decrease number of Java threads
#   Decrease Java thread stack sizes (-Xss)
#   Set larger code cache with -XX:ReservedCodeCacheSize=
#   JVM is running with Unscaled Compressed Oops mode in which the Java heap is
#     placed in the first 4GB address space. The Java Heap base address is the
#     maximum limit for the native heap growth. Please use -XX:HeapBaseMinAddress
#     to set the Java Heap base and to place the Java Heap above 4GB virtual address.
# This output file may be truncated or incomplete.
#
#  Out of Memory Error (arena.cpp:168), pid=28028, tid=13456
#
# JRE version: OpenJDK Runtime Environment Temurin-21.0.11+10 (21.0.11+10) (build 21.0.11+10-LTS)
# Java VM: OpenJDK 64-Bit Server VM Temurin-21.0.11+10 (21.0.11+10-LTS, mixed mode, sharing, tiered, compressed oops, compressed class ptrs, g1 gc, windows-amd64)
# No core dump will be written. Minidumps are not enabled by default on client versions of Windows
#

---------------  S U M M A R Y ------------

Command Line: -Xmx256m -Xms128m -Dclassworlds.conf=C:\Users\singh\maven\apache-maven-3.9.6\bin\m2.conf -Dmaven.home=C:\Users\singh\maven\apache-maven-3.9.6 -Dlibrary.jansi.path=C:\Users\singh\maven\apache-maven-3.9.6\lib\jansi-native -Dmaven.multiModuleProjectDirectory=C:\HIGH LEVEL PROJECTS\upi-dispute-platform\backend org.codehaus.plexus.classworlds.launcher.Launcher spring-boot:run

Host: AMD Ryzen 5 5500U with Radeon Graphics         , 12 cores, 5G,  Windows 11 , 64 bit Build 26100 (10.0.26100.8521)
Time: Tue Jun 16 06:03:30 2026 India Standard Time elapsed time: 1.959528 seconds (0d 0h 0m 1s)

---------------  T H R E A D  ---------------

Current thread (0x0000014bde3026b0):  JavaThread "C2 CompilerThread0" daemon [_thread_in_native, id=13456, stack(0x000000440f500000,0x000000440f600000) (1024K)]


Current CompileTask:
C2:1959 1086   !   4       sun.nio.cs.StreamDecoder::read (78 bytes)

Stack: [0x000000440f500000,0x000000440f600000]
Native frames: (J=compiled Java code, j=interpreted, Vv=VM code, C=native code)
V  [jvm.dll+0x6d7e19]
V  [jvm.dll+0x8b5096]
V  [jvm.dll+0x8b764e]
V  [jvm.dll+0x8b7d33]
V  [jvm.dll+0x284596]
V  [jvm.dll+0xc685d]
V  [jvm.dll+0xc6da1]
V  [jvm.dll+0x2fb4ee]
V  [jvm.dll+0x5fe9a4]
V  [jvm.dll+0x255d67]
V  [jvm.dll+0x24e0f4]
V  [jvm.dll+0x24bbe6]
V  [jvm.dll+0x1cb4ae]
V  [jvm.dll+0x25baad]
V  [jvm.dll+0x25a03a]
V  [jvm.dll+0x3f868e]
V  [jvm.dll+0x85fb0d]
V  [jvm.dll+0x6d664d]
C  [ucrtbase.dll+0x2cd30]
C  [KERNEL32.DLL+0x2e957]
C  [ntdll.dll+0x87c1c]


---------------  P R O C E S S  ---------------

Threads class SMR info:
_java_thread_list=0x0000014bde466480, length=11, elements={
0x0000014bc359f4f0, 0x0000014bde2c6770, 0x0000014bde2c71d0, 0x0000014bde2cdbe0,
0x0000014bde2eeef0, 0x0000014bde2efb00, 0x0000014bde2f2f30, 0x0000014bde3026b0,
0x0000014bde303150, 0x0000014bde489090, 0x0000014bde48cd10
}

Java Threads: ( => current thread )
  0x0000014bc359f4f0 JavaThread "main"                              [_thread_in_native, id=24228, stack(0x000000440e700000,0x000000440e800000) (1024K)]
  0x0000014bde2c6770 JavaThread "Reference Handler"          daemon [_thread_blocked, id=3228, stack(0x000000440ef00000,0x000000440f000000) (1024K)]
  0x0000014bde2c71d0 JavaThread "Finalizer"                  daemon [_thread_blocked, id=22072, stack(0x000000440f000000,0x000000440f100000) (1024K)]
  0x0000014bde2cdbe0 JavaThread "Signal Dispatcher"          daemon [_thread_blocked, id=8416, stack(0x000000440f100000,0x000000440f200000) (1024K)]
  0x0000014bde2eeef0 JavaThread "Attach Listener"            daemon [_thread_blocked, id=17348, stack(0x000000440f200000,0x000000440f300000) (1024K)]
  0x0000014bde2efb00 JavaThread "Service Thread"             daemon [_thread_blocked, id=23768, stack(0x000000440f300000,0x000000440f400000) (1024K)]
  0x0000014bde2f2f30 JavaThread "Monitor Deflation Thread"   daemon [_thread_blocked, id=22780, stack(0x000000440f400000,0x000000440f500000) (1024K)]
=>0x0000014bde3026b0 JavaThread "C2 CompilerThread0"         daemon [_thread_in_native, id=13456, stack(0x000000440f500000,0x000000440f600000) (1024K)]
  0x0000014bde303150 JavaThread "C1 CompilerThread0"         daemon [_thread_blocked, id=7868, stack(0x000000440f600000,0x000000440f700000) (1024K)]
  0x0000014bde489090 JavaThread "Notification Thread"        daemon [_thread_blocked, id=27572, stack(0x000000440f700000,0x000000440f800000) (1024K)]
  0x0000014bde48cd10 JavaThread "Common-Cleaner"             daemon [_thread_blocked, id=28640, stack(0x000000440f800000,0x000000440f900000) (1024K)]
Total: 11

Other Threads:
  0x0000014bde2a6c20 VMThread "VM Thread"                           [id=15468, stack(0x000000440ee00000,0x000000440ef00000) (1024K)]
  0x0000014bde28d020 WatcherThread "VM Periodic Task Thread"        [id=13532, stack(0x000000440ed00000,0x000000440ee00000) (1024K)]
  0x0000014bc35bd370 WorkerThread "GC Thread#0"                     [id=23236, stack(0x000000440e800000,0x000000440e900000) (1024K)]
  0x0000014bc35c0270 ConcurrentGCThread "G1 Main Marker"            [id=25292, stack(0x000000440e900000,0x000000440ea00000) (1024K)]
  0x0000014bc35c0c90 WorkerThread "G1 Conc#0"                       [id=13116, stack(0x000000440ea00000,0x000000440eb00000) (1024K)]
  0x0000014bde1514a0 ConcurrentGCThread "G1 Refine#0"               [id=14704, stack(0x000000440eb00000,0x000000440ec00000) (1024K)]
  0x0000014bc365d010 ConcurrentGCThread "G1 Service"                [id=20396, stack(0x000000440ec00000,0x000000440ed00000) (1024K)]
Total: 7

Threads with active compile tasks:
C2 CompilerThread0  1989 1086   !   4       sun.nio.cs.StreamDecoder::read (78 bytes)
Total: 1

VM state: not at safepoint (normal execution)

VM Mutex/Monitor currently owned by a thread: None

Heap address: 0x00000000f0000000, size: 256 MB, Compressed Oops mode: 32-bit

CDS archive(s) mapped at: [0x0000014bdf000000-0x0000014bdfc80000-0x0000014bdfc80000), size 13107200, SharedBaseAddress: 0x0000014bdf000000, ArchiveRelocationMode: 1.
Compressed class space mapped at: 0x0000014be0000000-0x0000014c20000000, reserved size: 1073741824
Narrow klass base: 0x0000014bdf000000, Narrow klass shift: 0, Narrow klass range: 0x100000000

GC Precious Log:
 CardTable entry size: 512
 Card Set container configuration: InlinePtr #cards 5 size 8 Array Of Cards #cards 12 size 40 Howl #buckets 4 coarsen threshold 1843 Howl Bitmap #cards 512 size 80 coarsen threshold 460 Card regions per heap region 1 cards per card region 2048
 CPUs: 12 total, 12 available
 Memory: 5989M
 Large Page Support: Disabled
 NUMA Support: Disabled
 Compressed Oops: Enabled (32-bit)
 Heap Region Size: 1M
 Heap Min Capacity: 128M
 Heap Initial Capacity: 128M
 Heap Max Capacity: 256M
 Pre-touch: Disabled
 Parallel Workers: 10
 Concurrent Workers: 3
 Concurrent Refinement Workers: 10
 Periodic GC: Disabled

Heap:
 garbage-first heap   total 131072K, used 19456K [0x00000000f0000000, 0x0000000100000000)
  region size 1024K, 20 young (20480K), 0 survivors (0K)
 Metaspace       used 5775K, committed 5952K, reserved 1114112K
  class space    used 666K, committed 768K, reserved 1048576K

Heap Regions: E=young(eden), S=young(survivor), O=old, HS=humongous(starts), HC=humongous(continues), CS=collection set, F=free, TAMS=top-at-mark-start, PB=parsable bottom
|   0|0x00000000f0000000, 0x00000000f0000000, 0x00000000f0100000|  0%| F|  |TAMS 0x00000000f0000000| PB 0x00000000f0000000| Untracked 
|   1|0x00000000f0100000, 0x00000000f0100000, 0x00000000f0200000|  0%| F|  |TAMS 0x00000000f0100000| PB 0x00000000f0100000| Untracked 
|   2|0x00000000f0200000, 0x00000000f0200000, 0x00000000f0300000|  0%| F|  |TAMS 0x00000000f0200000| PB 0x00000000f0200000| Untracked 
|   3|0x00000000f0300000, 0x00000000f0300000, 0x00000000f0400000|  0%| F|  |TAMS 0x00000000f0300000| PB 0x00000000f0300000| Untracked 
|   4|0x00000000f0400000, 0x00000000f0400000, 0x00000000f0500000|  0%| F|  |TAMS 0x00000000f0400000| PB 0x00000000f0400000| Untracked 
|   5|0x00000000f0500000, 0x00000000f0500000, 0x00000000f0600000|  0%| F|  |TAMS 0x00000000f0500000| PB 0x00000000f0500000| Untracked 
|   6|0x00000000f0600000, 0x00000000f0600000, 0x00000000f0700000|  0%| F|  |TAMS 0x00000000f0600000| PB 0x00000000f0600000| Untracked 
|   7|0x00000000f0700000, 0x00000000f0700000, 0x00000000f0800000|  0%| F|  |TAMS 0x00000000f0700000| PB 0x00000000f0700000| Untracked 
|   8|0x00000000f0800000, 0x00000000f0800000, 0x00000000f0900000|  0%| F|  |TAMS 0x00000000f0800000| PB 0x00000000f0800000| Untracked 
|   9|0x00000000f0900000, 0x00000000f0900000, 0x00000000f0a00000|  0%| F|  |TAMS 0x00000000f0900000| PB 0x00000000f0900000| Untracked 
|  10|0x00000000f0a00000, 0x00000000f0a00000, 0x00000000f0b00000|  0%| F|  |TAMS 0x00000000f0a00000| PB 0x00000000f0a00000| Untracked 
|  11|0x00000000f0b00000, 0x00000000f0b00000, 0x00000000f0c00000|  0%| F|  |TAMS 0x00000000f0b00000| PB 0x00000000f0b00000| Untracked 
|  12|0x00000000f0c00000, 0x00000000f0c00000, 0x00000000f0d00000|  0%| F|  |TAMS 0x00000000f0c00000| PB 0x00000000f0c00000| Untracked 
|  13|0x00000000f0d00000, 0x00000000f0d00000, 0x00000000f0e00000|  0%| F|  |TAMS 0x00000000f0d00000| PB 0x00000000f0d00000| Untracked 
|  14|0x00000000f0e00000, 0x00000000f0e00000, 0x00000000f0f00000|  0%| F|  |TAMS 0x00000000f0e00000| PB 0x00000000f0e00000| Untracked 
|  15|0x00000000f0f00000, 0x00000000f0f00000, 0x00000000f1000000|  0%| F|  |TAMS 0x00000000f0f00000| PB 0x00000000f0f00000| Untracked 
|  16|0x00000000f1000000, 0x00000000f1000000, 0x00000000f1100000|  0%| F|  |TAMS 0x00000000f1000000| PB 0x00000000f1000000| Untracked 
|  17|0x00000000f1100000, 0x00000000f1100000, 0x00000000f1200000|  0%| F|  |TAMS 0x00000000f1100000| PB 0x00000000f1100000| Untracked 
|  18|0x00000000f1200000, 0x00000000f1200000, 0x00000000f1300000|  0%| F|  |TAMS 0x00000000f1200000| PB 0x00000000f1200000| Untracked 
|  19|0x00000000f1300000, 0x00000000f1300000, 0x00000000f1400000|  0%| F|  |TAMS 0x00000000f1300000| PB 0x00000000f1300000| Untracked 
|  20|0x00000000f1400000, 0x00000000f1400000, 0x00000000f1500000|  0%| F|  |TAMS 0x00000000f1400000| PB 0x00000000f1400000| Untracked 
|  21|0x00000000f1500000, 0x00000000f1500000, 0x00000000f1600000|  0%| F|  |TAMS 0x00000000f1500000| PB 0x00000000f1500000| Untracked 
|  22|0x00000000f1600000, 0x00000000f1600000, 0x00000000f1700000|  0%| F|  |TAMS 0x00000000f1600000| PB 0x00000000f1600000| Untracked 
|  23|0x00000000f1700000, 0x00000000f1700000, 0x00000000f1800000|  0%| F|  |TAMS 0x00000000f1700000| PB 0x00000000f1700000| Untracked 
|  24|0x00000000f1800000, 0x00000000f1800000, 0x00000000f1900000|  0%| F|  |TAMS 0x00000000f1800000| PB 0x00000000f1800000| Untracked 
|  25|0x00000000f1900000, 0x00000000f1900000, 0x00000000f1a00000|  0%| F|  |TAMS 0x00000000f1900000| PB 0x00000000f1900000| Untracked 
|  26|0x00000000f1a00000, 0x00000000f1a00000, 0x00000000f1b00000|  0%| F|  |TAMS 0x00000000f1a00000| PB 0x00000000f1a00000| Untracked 
|  27|0x00000000f1b00000, 0x00000000f1b00000, 0x00000000f1c00000|  0%| F|  |TAMS 0x00000000f1b00000| PB 0x00000000f1b00000| Untracked 
|  28|0x00000000f1c00000, 0x00000000f1c00000, 0x00000000f1d00000|  0%| F|  |TAMS 0x00000000f1c00000| PB 0x00000000f1c00000| Untracked 
|  29|0x00000000f1d00000, 0x00000000f1d00000, 0x00000000f1e00000|  0%| F|  |TAMS 0x00000000f1d00000| PB 0x00000000f1d00000| Untracked 
|  30|0x00000000f1e00000, 0x00000000f1e00000, 0x00000000f1f00000|  0%| F|  |TAMS 0x00000000f1e00000| PB 0x00000000f1e00000| Untracked 
|  31|0x00000000f1f00000, 0x00000000f1f00000, 0x00000000f2000000|  0%| F|  |TAMS 0x00000000f1f00000| PB 0x00000000f1f00000| Untracked 
|  32|0x00000000f2000000, 0x00000000f2000000, 0x00000000f2100000|  0%| F|  |TAMS 0x00000000f2000000| PB 0x00000000f2000000| Untracked 
|  33|0x00000000f2100000, 0x00000000f2100000, 0x00000000f2200000|  0%| F|  |TAMS 0x00000000f2100000| PB 0x00000000f2100000| Untracked 
|  34|0x00000000f2200000, 0x00000000f2200000, 0x00000000f2300000|  0%| F|  |TAMS 0x00000000f2200000| PB 0x00000000f2200000| Untracked 
|  35|0x00000000f2300000, 0x00000000f2300000, 0x00000000f2400000|  0%| F|  |TAMS 0x00000000f2300000| PB 0x00000000f2300000| Untracked 
|  36|0x00000000f2400000, 0x00000000f2400000, 0x00000000f2500000|  0%| F|  |TAMS 0x00000000f2400000| PB 0x00000000f2400000| Untracked 
|  37|0x00000000f2500000, 0x00000000f2500000, 0x00000000f2600000|  0%| F|  |TAMS 0x00000000f2500000| PB 0x00000000f2500000| Untracked 
|  38|0x00000000f2600000, 0x00000000f2600000, 0x00000000f2700000|  0%| F|  |TAMS 0x00000000f2600000| PB 0x00000000f2600000| Untracked 
|  39|0x00000000f2700000, 0x00000000f2700000, 0x00000000f2800000|  0%| F|  |TAMS 0x00000000f2700000| PB 0x00000000f2700000| Untracked 
|  40|0x00000000f2800000, 0x00000000f2800000, 0x00000000f2900000|  0%| F|  |TAMS 0x00000000f2800000| PB 0x00000000f2800000| Untracked 
|  41|0x00000000f2900000, 0x00000000f2900000, 0x00000000f2a00000|  0%| F|  |TAMS 0x00000000f2900000| PB 0x00000000f2900000| Untracked 
|  42|0x00000000f2a00000, 0x00000000f2a00000, 0x00000000f2b00000|  0%| F|  |TAMS 0x00000000f2a00000| PB 0x00000000f2a00000| Untracked 
|  43|0x00000000f2b00000, 0x00000000f2b00000, 0x00000000f2c00000|  0%| F|  |TAMS 0x00000000f2b00000| PB 0x00000000f2b00000| Untracked 
|  44|0x00000000f2c00000, 0x00000000f2c00000, 0x00000000f2d00000|  0%| F|  |TAMS 0x00000000f2c00000| PB 0x00000000f2c00000| Untracked 
|  45|0x00000000f2d00000, 0x00000000f2d00000, 0x00000000f2e00000|  0%| F|  |TAMS 0x00000000f2d00000| PB 0x00000000f2d00000| Untracked 
|  46|0x00000000f2e00000, 0x00000000f2e00000, 0x00000000f2f00000|  0%| F|  |TAMS 0x00000000f2e00000| PB 0x00000000f2e00000| Untracked 
|  47|0x00000000f2f00000, 0x00000000f2f00000, 0x00000000f3000000|  0%| F|  |TAMS 0x00000000f2f00000| PB 0x00000000f2f00000| Untracked 
|  48|0x00000000f3000000, 0x00000000f3000000, 0x00000000f3100000|  0%| F|  |TAMS 0x00000000f3000000| PB 0x00000000f3000000| Untracked 
|  49|0x00000000f3100000, 0x00000000f3100000, 0x00000000f3200000|  0%| F|  |TAMS 0x00000000f3100000| PB 0x00000000f3100000| Untracked 
|  50|0x00000000f3200000, 0x00000000f3200000, 0x00000000f3300000|  0%| F|  |TAMS 0x00000000f3200000| PB 0x00000000f3200000| Untracked 
|  51|0x00000000f3300000, 0x00000000f3300000, 0x00000000f3400000|  0%| F|  |TAMS 0x00000000f3300000| PB 0x00000000f3300000| Untracked 
|  52|0x00000000f3400000, 0x00000000f3400000, 0x00000000f3500000|  0%| F|  |TAMS 0x00000000f3400000| PB 0x00000000f3400000| Untracked 
|  53|0x00000000f3500000, 0x00000000f3500000, 0x00000000f3600000|  0%| F|  |TAMS 0x00000000f3500000| PB 0x00000000f3500000| Untracked 
|  54|0x00000000f3600000, 0x00000000f3600000, 0x00000000f3700000|  0%| F|  |TAMS 0x00000000f3600000| PB 0x00000000f3600000| Untracked 
|  55|0x00000000f3700000, 0x00000000f3700000, 0x00000000f3800000|  0%| F|  |TAMS 0x00000000f3700000| PB 0x00000000f3700000| Untracked 
|  56|0x00000000f3800000, 0x00000000f3800000, 0x00000000f3900000|  0%| F|  |TAMS 0x00000000f3800000| PB 0x00000000f3800000| Untracked 
|  57|0x00000000f3900000, 0x00000000f3900000, 0x00000000f3a00000|  0%| F|  |TAMS 0x00000000f3900000| PB 0x00000000f3900000| Untracked 
|  58|0x00000000f3a00000, 0x00000000f3a00000, 0x00000000f3b00000|  0%| F|  |TAMS 0x00000000f3a00000| PB 0x00000000f3a00000| Untracked 
|  59|0x00000000f3b00000, 0x00000000f3b00000, 0x00000000f3c00000|  0%| F|  |TAMS 0x00000000f3b00000| PB 0x00000000f3b00000| Untracked 
|  60|0x00000000f3c00000, 0x00000000f3c00000, 0x00000000f3d00000|  0%| F|  |TAMS 0x00000000f3c00000| PB 0x00000000f3c00000| Untracked 
|  61|0x00000000f3d00000, 0x00000000f3d00000, 0x00000000f3e00000|  0%| F|  |TAMS 0x00000000f3d00000| PB 0x00000000f3d00000| Untracked 
|  62|0x00000000f3e00000, 0x00000000f3e00000, 0x00000000f3f00000|  0%| F|  |TAMS 0x00000000f3e00000| PB 0x00000000f3e00000| Untracked 
|  63|0x00000000f3f00000, 0x00000000f3f00000, 0x00000000f4000000|  0%| F|  |TAMS 0x00000000f3f00000| PB 0x00000000f3f00000| Untracked 
|  64|0x00000000f4000000, 0x00000000f4000000, 0x00000000f4100000|  0%| F|  |TAMS 0x00000000f4000000| PB 0x00000000f4000000| Untracked 
|  65|0x00000000f4100000, 0x00000000f4100000, 0x00000000f4200000|  0%| F|  |TAMS 0x00000000f4100000| PB 0x00000000f4100000| Untracked 
|  66|0x00000000f4200000, 0x00000000f4200000, 0x00000000f4300000|  0%| F|  |TAMS 0x00000000f4200000| PB 0x00000000f4200000| Untracked 
|  67|0x00000000f4300000, 0x00000000f4300000, 0x00000000f4400000|  0%| F|  |TAMS 0x00000000f4300000| PB 0x00000000f4300000| Untracked 
|  68|0x00000000f4400000, 0x00000000f4400000, 0x00000000f4500000|  0%| F|  |TAMS 0x00000000f4400000| PB 0x00000000f4400000| Untracked 
|  69|0x00000000f4500000, 0x00000000f4500000, 0x00000000f4600000|  0%| F|  |TAMS 0x00000000f4500000| PB 0x00000000f4500000| Untracked 
|  70|0x00000000f4600000, 0x00000000f4600000, 0x00000000f4700000|  0%| F|  |TAMS 0x00000000f4600000| PB 0x00000000f4600000| Untracked 
|  71|0x00000000f4700000, 0x00000000f4700000, 0x00000000f4800000|  0%| F|  |TAMS 0x00000000f4700000| PB 0x00000000f4700000| Untracked 
|  72|0x00000000f4800000, 0x00000000f4800000, 0x00000000f4900000|  0%| F|  |TAMS 0x00000000f4800000| PB 0x00000000f4800000| Untracked 
|  73|0x00000000f4900000, 0x00000000f4900000, 0x00000000f4a00000|  0%| F|  |TAMS 0x00000000f4900000| PB 0x00000000f4900000| Untracked 
|  74|0x00000000f4a00000, 0x00000000f4a00000, 0x00000000f4b00000|  0%| F|  |TAMS 0x00000000f4a00000| PB 0x00000000f4a00000| Untracked 
|  75|0x00000000f4b00000, 0x00000000f4b00000, 0x00000000f4c00000|  0%| F|  |TAMS 0x00000000f4b00000| PB 0x00000000f4b00000| Untracked 
|  76|0x00000000f4c00000, 0x00000000f4c00000, 0x00000000f4d00000|  0%| F|  |TAMS 0x00000000f4c00000| PB 0x00000000f4c00000| Untracked 
|  77|0x00000000f4d00000, 0x00000000f4d00000, 0x00000000f4e00000|  0%| F|  |TAMS 0x00000000f4d00000| PB 0x00000000f4d00000| Untracked 
|  78|0x00000000f4e00000, 0x00000000f4e00000, 0x00000000f4f00000|  0%| F|  |TAMS 0x00000000f4e00000| PB 0x00000000f4e00000| Untracked 
|  79|0x00000000f4f00000, 0x00000000f4f00000, 0x00000000f5000000|  0%| F|  |TAMS 0x00000000f4f00000| PB 0x00000000f4f00000| Untracked 
|  80|0x00000000f5000000, 0x00000000f5000000, 0x00000000f5100000|  0%| F|  |TAMS 0x00000000f5000000| PB 0x00000000f5000000| Untracked 
|  81|0x00000000f5100000, 0x00000000f5100000, 0x00000000f5200000|  0%| F|  |TAMS 0x00000000f5100000| PB 0x00000000f5100000| Untracked 
|  82|0x00000000f5200000, 0x00000000f5200000, 0x00000000f5300000|  0%| F|  |TAMS 0x00000000f5200000| PB 0x00000000f5200000| Untracked 
|  83|0x00000000f5300000, 0x00000000f5300000, 0x00000000f5400000|  0%| F|  |TAMS 0x00000000f5300000| PB 0x00000000f5300000| Untracked 
|  84|0x00000000f5400000, 0x00000000f5400000, 0x00000000f5500000|  0%| F|  |TAMS 0x00000000f5400000| PB 0x00000000f5400000| Untracked 
|  85|0x00000000f5500000, 0x00000000f5500000, 0x00000000f5600000|  0%| F|  |TAMS 0x00000000f5500000| PB 0x00000000f5500000| Untracked 
|  86|0x00000000f5600000, 0x00000000f5600000, 0x00000000f5700000|  0%| F|  |TAMS 0x00000000f5600000| PB 0x00000000f5600000| Untracked 
|  87|0x00000000f5700000, 0x00000000f5700000, 0x00000000f5800000|  0%| F|  |TAMS 0x00000000f5700000| PB 0x00000000f5700000| Untracked 
|  88|0x00000000f5800000, 0x00000000f5800000, 0x00000000f5900000|  0%| F|  |TAMS 0x00000000f5800000| PB 0x00000000f5800000| Untracked 
|  89|0x00000000f5900000, 0x00000000f5900000, 0x00000000f5a00000|  0%| F|  |TAMS 0x00000000f5900000| PB 0x00000000f5900000| Untracked 
|  90|0x00000000f5a00000, 0x00000000f5a00000, 0x00000000f5b00000|  0%| F|  |TAMS 0x00000000f5a00000| PB 0x00000000f5a00000| Untracked 
|  91|0x00000000f5b00000, 0x00000000f5b00000, 0x00000000f5c00000|  0%| F|  |TAMS 0x00000000f5b00000| PB 0x00000000f5b00000| Untracked 
|  92|0x00000000f5c00000, 0x00000000f5c00000, 0x00000000f5d00000|  0%| F|  |TAMS 0x00000000f5c00000| PB 0x00000000f5c00000| Untracked 
|  93|0x00000000f5d00000, 0x00000000f5d00000, 0x00000000f5e00000|  0%| F|  |TAMS 0x00000000f5d00000| PB 0x00000000f5d00000| Untracked 
|  94|0x00000000f5e00000, 0x00000000f5e00000, 0x00000000f5f00000|  0%| F|  |TAMS 0x00000000f5e00000| PB 0x00000000f5e00000| Untracked 
|  95|0x00000000f5f00000, 0x00000000f5f00000, 0x00000000f6000000|  0%| F|  |TAMS 0x00000000f5f00000| PB 0x00000000f5f00000| Untracked 
|  96|0x00000000f6000000, 0x00000000f6000000, 0x00000000f6100000|  0%| F|  |TAMS 0x00000000f6000000| PB 0x00000000f6000000| Untracked 
|  97|0x00000000f6100000, 0x00000000f6100000, 0x00000000f6200000|  0%| F|  |TAMS 0x00000000f6100000| PB 0x00000000f6100000| Untracked 
|  98|0x00000000f6200000, 0x00000000f6200000, 0x00000000f6300000|  0%| F|  |TAMS 0x00000000f6200000| PB 0x00000000f6200000| Untracked 
|  99|0x00000000f6300000, 0x00000000f6300000, 0x00000000f6400000|  0%| F|  |TAMS 0x00000000f6300000| PB 0x00000000f6300000| Untracked 
| 100|0x00000000f6400000, 0x00000000f6400000, 0x00000000f6500000|  0%| F|  |TAMS 0x00000000f6400000| PB 0x00000000f6400000| Untracked 
| 101|0x00000000f6500000, 0x00000000f6500000, 0x00000000f6600000|  0%| F|  |TAMS 0x00000000f6500000| PB 0x00000000f6500000| Untracked 
| 102|0x00000000f6600000, 0x00000000f6600000, 0x00000000f6700000|  0%| F|  |TAMS 0x00000000f6600000| PB 0x00000000f6600000| Untracked 
| 103|0x00000000f6700000, 0x00000000f6700000, 0x00000000f6800000|  0%| F|  |TAMS 0x00000000f6700000| PB 0x00000000f6700000| Untracked 
| 104|0x00000000f6800000, 0x00000000f6800000, 0x00000000f6900000|  0%| F|  |TAMS 0x00000000f6800000| PB 0x00000000f6800000| Untracked 
| 105|0x00000000f6900000, 0x00000000f6900000, 0x00000000f6a00000|  0%| F|  |TAMS 0x00000000f6900000| PB 0x00000000f6900000| Untracked 
| 106|0x00000000f6a00000, 0x00000000f6a00000, 0x00000000f6b00000|  0%| F|  |TAMS 0x00000000f6a00000| PB 0x00000000f6a00000| Untracked 
| 107|0x00000000f6b00000, 0x00000000f6b75c60, 0x00000000f6c00000| 46%| E|  |TAMS 0x00000000f6b00000| PB 0x00000000f6b00000| Complete 
| 108|0x00000000f6c00000, 0x00000000f6d00000, 0x00000000f6d00000|100%| E|CS|TAMS 0x00000000f6c00000| PB 0x00000000f6c00000| Complete 
| 109|0x00000000f6d00000, 0x00000000f6e00000, 0x00000000f6e00000|100%| E|CS|TAMS 0x00000000f6d00000| PB 0x00000000f6d00000| Complete 
| 110|0x00000000f6e00000, 0x00000000f6f00000, 0x00000000f6f00000|100%| E|CS|TAMS 0x00000000f6e00000| PB 0x00000000f6e00000| Complete 
| 111|0x00000000f6f00000, 0x00000000f7000000, 0x00000000f7000000|100%| E|CS|TAMS 0x00000000f6f00000| PB 0x00000000f6f00000| Complete 
| 112|0x00000000f7000000, 0x00000000f7100000, 0x00000000f7100000|100%| E|CS|TAMS 0x00000000f7000000| PB 0x00000000f7000000| Complete 
| 113|0x00000000f7100000, 0x00000000f7200000, 0x00000000f7200000|100%| E|CS|TAMS 0x00000000f7100000| PB 0x00000000f7100000| Complete 
| 114|0x00000000f7200000, 0x00000000f7300000, 0x00000000f7300000|100%| E|CS|TAMS 0x00000000f7200000| PB 0x00000000f7200000| Complete 
| 115|0x00000000f7300000, 0x00000000f7400000, 0x00000000f7400000|100%| E|CS|TAMS 0x00000000f7300000| PB 0x00000000f7300000| Complete 
| 116|0x00000000f7400000, 0x00000000f7500000, 0x00000000f7500000|100%| E|CS|TAMS 0x00000000f7400000| PB 0x00000000f7400000| Complete 
| 117|0x00000000f7500000, 0x00000000f7600000, 0x00000000f7600000|100%| E|CS|TAMS 0x00000000f7500000| PB 0x00000000f7500000| Complete 
| 118|0x00000000f7600000, 0x00000000f7700000, 0x00000000f7700000|100%| E|CS|TAMS 0x00000000f7600000| PB 0x00000000f7600000| Complete 
| 119|0x00000000f7700000, 0x00000000f7800000, 0x00000000f7800000|100%| E|CS|TAMS 0x00000000f7700000| PB 0x00000000f7700000| Complete 
| 120|0x00000000f7800000, 0x00000000f7900000, 0x00000000f7900000|100%| E|CS|TAMS 0x00000000f7800000| PB 0x00000000f7800000| Complete 
| 121|0x00000000f7900000, 0x00000000f7a00000, 0x00000000f7a00000|100%| E|CS|TAMS 0x00000000f7900000| PB 0x00000000f7900000| Complete 
| 122|0x00000000f7a00000, 0x00000000f7b00000, 0x00000000f7b00000|100%| E|CS|TAMS 0x00000000f7a00000| PB 0x00000000f7a00000| Complete 
| 123|0x00000000f7b00000, 0x00000000f7c00000, 0x00000000f7c00000|100%| E|CS|TAMS 0x00000000f7b00000| PB 0x00000000f7b00000| Complete 
| 124|0x00000000f7c00000, 0x00000000f7d00000, 0x00000000f7d00000|100%| E|CS|TAMS 0x00000000f7c00000| PB 0x00000000f7c00000| Complete 
| 125|0x00000000f7d00000, 0x00000000f7e00000, 0x00000000f7e00000|100%| E|CS|TAMS 0x00000000f7d00000| PB 0x00000000f7d00000| Complete 
| 126|0x00000000f7e00000, 0x00000000f7f00000, 0x00000000f7f00000|100%| E|CS|TAMS 0x00000000f7e00000| PB 0x00000000f7e00000| Complete 
| 127|0x00000000f7f00000, 0x00000000f8000000, 0x00000000f8000000|100%| E|CS|TAMS 0x00000000f7f00000| PB 0x00000000f7f00000| Complete 

Card table byte_map: [0x0000014bdb210000,0x0000014bdb290000] _byte_map_base: 0x0000014bdaa90000

Marking Bits: (CMBitMap*) 0x0000014bc35bd990
 Bits: [0x0000014bdb290000, 0x0000014bdb690000)

Polling page: 0x0000014bc1420000

Metaspace:

Usage:
  Non-class:      4.99 MB used.
      Class:    666.95 KB used.
       Both:      5.64 MB used.

Virtual space:
  Non-class space:       64.00 MB reserved,       5.06 MB (  8%) committed,  1 nodes.
      Class space:        1.00 GB reserved,     768.00 KB ( <1%) committed,  1 nodes.
             Both:        1.06 GB reserved,       5.81 MB ( <1%) committed. 

Chunk freelists:
   Non-Class:  9.16 MB
       Class:  15.28 MB
        Both:  24.44 MB

MaxMetaspaceSize: unlimited
CompressedClassSpaceSize: 1.00 GB
Initial GC threshold: 21.00 MB
Current GC threshold: 21.00 MB
CDS: on
 - commit_granule_bytes: 65536.
 - commit_granule_words: 8192.
 - virtual_space_node_default_size: 8388608.
 - enlarge_chunks_in_place: 1.
 - use_allocation_guard: 0.


Internal statistics:

num_allocs_failed_limit: 0.
num_arena_births: 54.
num_arena_deaths: 0.
num_vsnodes_births: 2.
num_vsnodes_deaths: 0.
num_space_committed: 93.
num_space_uncommitted: 0.
num_chunks_returned_to_freelist: 0.
num_chunks_taken_from_freelist: 215.
num_chunk_merges: 0.
num_chunk_splits: 139.
num_chunks_enlarged: 114.
num_inconsistent_stats: 0.

CodeHeap 'non-profiled nmethods': size=120000Kb used=324Kb max_used=324Kb free=119675Kb
 bounds [0x0000014bd3790000, 0x0000014bd3a00000, 0x0000014bdacc0000]
CodeHeap 'profiled nmethods': size=120000Kb used=2200Kb max_used=2200Kb free=117799Kb
 bounds [0x0000014bcbcc0000, 0x0000014bcbf30000, 0x0000014bd31f0000]
CodeHeap 'non-nmethods': size=5760Kb used=1297Kb max_used=1315Kb free=4462Kb
 bounds [0x0000014bd31f0000, 0x0000014bd3460000, 0x0000014bd3790000]
CodeCache: size=245760Kb, used=3821Kb, max_used=3839Kb, free=241936Kb
 total_blobs=1569, nmethods=1105, adapters=369, full_count=0
Compilation: enabled, stopped_count=0, restarted_count=0

Compilation events (20 events):
Event: 0.900 Thread 0x0000014bde303150 1080       3       java.nio.CharBuffer::limit (6 bytes)
Event: 0.900 Thread 0x0000014bde303150 nmethod 1080 0x0000014bcbec6990 code [0x0000014bcbec6b40, 0x0000014bcbec6cf0]
Event: 0.900 Thread 0x0000014bde303150 1081       3       java.nio.CharBuffer::limit (8 bytes)
Event: 0.900 Thread 0x0000014bde303150 nmethod 1081 0x0000014bcbec6e10 code [0x0000014bcbec6fc0, 0x0000014bcbec7110]
Event: 0.900 Thread 0x0000014bde303150 1082   !   3       java.nio.CharBuffer::wrap (21 bytes)
Event: 0.900 Thread 0x0000014bde303150 nmethod 1082 0x0000014bcbec7190 code [0x0000014bcbec7360, 0x0000014bcbec7610]
Event: 0.900 Thread 0x0000014bde303150 1083       3       java.nio.HeapCharBuffer::<init> (23 bytes)
Event: 0.901 Thread 0x0000014bde303150 nmethod 1083 0x0000014bcbec7790 code [0x0000014bcbec7940, 0x0000014bcbec7ac0]
Event: 0.901 Thread 0x0000014bde303150 1061   !   3       sun.nio.cs.StreamDecoder::read0 (59 bytes)
Event: 0.901 Thread 0x0000014bde303150 nmethod 1061 0x0000014bcbec7b90 code [0x0000014bcbec7e20, 0x0000014bcbec8c08]
Event: 0.901 Thread 0x0000014bde303150 1084       3       sun.nio.cs.StreamDecoder::lockedRead0 (95 bytes)
Event: 0.902 Thread 0x0000014bde303150 nmethod 1084 0x0000014bcbec9110 code [0x0000014bcbec92e0, 0x0000014bcbec9650]
Event: 0.903 Thread 0x0000014bde303150 1092       3       org.codehaus.plexus.util.xml.pull.MXParser::isS (30 bytes)
Event: 0.903 Thread 0x0000014bde303150 nmethod 1092 0x0000014bcbec9710 code [0x0000014bcbec98c0, 0x0000014bcbec9a90]
Event: 0.904 Thread 0x0000014bde303150 1094       3       org.codehaus.plexus.util.xml.pull.MXParser::isNameStartChar (56 bytes)
Event: 0.904 Thread 0x0000014bde303150 nmethod 1094 0x0000014bcbec9b10 code [0x0000014bcbec9cc0, 0x0000014bcbec9f40]
Event: 0.904 Thread 0x0000014bde303150 1093       3       org.codehaus.plexus.util.xml.pull.MXParser::getText (125 bytes)
Event: 0.905 Thread 0x0000014bde303150 nmethod 1093 0x0000014bcbeca010 code [0x0000014bcbeca200, 0x0000014bcbeca6f8]
Event: 0.905 Thread 0x0000014bde303150 1096       3       org.codehaus.plexus.util.xml.pull.MXParser::parseEndTag (429 bytes)
Event: 1.956 Thread 0x0000014bde303150 nmethod 1096 0x0000014bcbeca810 code [0x0000014bcbecade0, 0x0000014bcbecd310]

GC Heap History (0 events):
No events

Dll operation events (8 events):
Event: 0.012 Loaded shared library C:\Program Files\Eclipse Adoptium\jdk-21.0.11.10-hotspot\bin\java.dll
Event: 0.049 Loaded shared library C:\Program Files\Eclipse Adoptium\jdk-21.0.11.10-hotspot\bin\jsvml.dll
Event: 0.060 Loaded shared library C:\Program Files\Eclipse Adoptium\jdk-21.0.11.10-hotspot\bin\net.dll
Event: 0.063 Loaded shared library C:\Program Files\Eclipse Adoptium\jdk-21.0.11.10-hotspot\bin\nio.dll
Event: 0.067 Loaded shared library C:\Program Files\Eclipse Adoptium\jdk-21.0.11.10-hotspot\bin\zip.dll
Event: 0.277 Loaded shared library C:\Program Files\Eclipse Adoptium\jdk-21.0.11.10-hotspot\bin\jimage.dll
Event: 0.438 Loaded shared library C:\Users\singh\maven\apache-maven-3.9.6\lib\jansi-native\Windows\x86_64\jansi.dll
Event: 0.451 Loaded shared library C:\Program Files\Eclipse Adoptium\jdk-21.0.11.10-hotspot\bin\verify.dll

Deoptimization events (20 events):
Event: 0.767 Thread 0x0000014bc359f4f0 DEOPT PACKING pc=0x0000014bcbcf7743 sp=0x000000440e7fd460
Event: 0.767 Thread 0x0000014bc359f4f0 DEOPT UNPACKING pc=0x0000014bd3244bc2 sp=0x000000440e7fc8d8 mode 0
Event: 0.790 Thread 0x0000014bc359f4f0 DEOPT PACKING pc=0x0000014bcbd102c9 sp=0x000000440e7f90a0
Event: 0.790 Thread 0x0000014bc359f4f0 DEOPT UNPACKING pc=0x0000014bd3244bc2 sp=0x000000440e7f8510 mode 0
Event: 0.886 Thread 0x0000014bc359f4f0 Uncommon trap: trap_request=0xffffff6e fr.pc=0x0000014bd37c5740 relative=0x0000000000000400
Event: 0.886 Thread 0x0000014bc359f4f0 Uncommon trap: reason=loop_limit_check action=maybe_recompile pc=0x0000014bd37c5740 method=java.lang.StringLatin1.indexOf([BI[BII)I @ 37 c2
Event: 0.886 Thread 0x0000014bc359f4f0 DEOPT PACKING pc=0x0000014bd37c5740 sp=0x000000440e7fdb30
Event: 0.886 Thread 0x0000014bc359f4f0 DEOPT UNPACKING pc=0x0000014bd3244422 sp=0x000000440e7fda90 mode 2
Event: 0.889 Thread 0x0000014bc359f4f0 Uncommon trap: trap_request=0xffffffde fr.pc=0x0000014bd37c44e8 relative=0x00000000000006a8
Event: 0.889 Thread 0x0000014bc359f4f0 Uncommon trap: reason=class_check action=maybe_recompile pc=0x0000014bd37c44e8 method=java.util.regex.Matcher.search(I)Z @ 121 c2
Event: 0.889 Thread 0x0000014bc359f4f0 DEOPT PACKING pc=0x0000014bd37c44e8 sp=0x000000440e7fde00
Event: 0.889 Thread 0x0000014bc359f4f0 DEOPT UNPACKING pc=0x0000014bd3244422 sp=0x000000440e7fddd0 mode 2
Event: 0.889 Thread 0x0000014bc359f4f0 Uncommon trap: trap_request=0xffffff76 fr.pc=0x0000014bd37c0b8c relative=0x000000000000032c
Event: 0.889 Thread 0x0000014bc359f4f0 Uncommon trap: reason=predicate action=maybe_recompile pc=0x0000014bd37c0b8c method=java.util.regex.Pattern$BmpCharPropertyGreedy.match(Ljava/util/regex/Matcher;ILjava/lang/CharSequence;)Z @ 12 c2
Event: 0.889 Thread 0x0000014bc359f4f0 DEOPT PACKING pc=0x0000014bd37c0b8c sp=0x000000440e7fdbd0
Event: 0.889 Thread 0x0000014bc359f4f0 DEOPT UNPACKING pc=0x0000014bd3244422 sp=0x000000440e7fdb88 mode 2
Event: 0.889 Thread 0x0000014bc359f4f0 Uncommon trap: trap_request=0xffffff45 fr.pc=0x0000014bd37ba4e0 relative=0x00000000000000c0
Event: 0.889 Thread 0x0000014bc359f4f0 Uncommon trap: reason=unstable_if action=reinterpret pc=0x0000014bd37ba4e0 method=org.codehaus.plexus.util.xml.pull.MXParser.more()C @ 8 c2
Event: 0.889 Thread 0x0000014bc359f4f0 DEOPT PACKING pc=0x0000014bd37ba4e0 sp=0x000000440e7fdfc0
Event: 0.889 Thread 0x0000014bc359f4f0 DEOPT UNPACKING pc=0x0000014bd3244422 sp=0x000000440e7fdf50 mode 2

Classes loaded (20 events):
Event: 0.847 Loading class java/lang/annotation/Documented
Event: 0.847 Loading class java/lang/annotation/Documented done
Event: 0.857 Loading class java/util/concurrent/CancellationException
Event: 0.857 Loading class java/util/concurrent/CancellationException done
Event: 0.859 Loading class java/util/concurrent/TimeoutException
Event: 0.859 Loading class java/util/concurrent/TimeoutException done
Event: 0.860 Loading class java/security/PrivilegedActionException
Event: 0.860 Loading class java/security/PrivilegedActionException done
Event: 0.860 Loading class sun/misc/Unsafe
Event: 0.860 Loading class sun/misc/Unsafe done
Event: 0.861 Loading class java/lang/invoke/DirectMethodHandle$StaticAccessor
Event: 0.861 Loading class java/lang/invoke/DirectMethodHandle$StaticAccessor done
Event: 0.866 Loading class java/lang/reflect/ParameterizedType
Event: 0.866 Loading class java/lang/reflect/ParameterizedType done
Event: 0.868 Loading class java/lang/reflect/WildcardType
Event: 0.868 Loading class java/lang/reflect/WildcardType done
Event: 0.871 Loading class sun/reflect/generics/tree/TypeVariableSignature
Event: 0.871 Loading class sun/reflect/generics/tree/TypeVariableSignature done
Event: 0.883 Loading class java/lang/annotation/IncompleteAnnotationException
Event: 0.883 Loading class java/lang/annotation/IncompleteAnnotationException done

Classes unloaded (0 events):
No events

Classes redefined (0 events):
No events

Internal exceptions (20 events):
Event: 0.259 Thread 0x0000014bc359f4f0 Exception <a 'java/lang/NoSuchMethodError'{0x00000000f7b3c430}: 'java.lang.Object java.lang.invoke.Invokers$Holder.invokeExact_MT(java.lang.Object, java.lang.Object, java.lang.Object, java.lang.Object, java.lang.Object)'> (0x00000000f7b3c430) 
thrown [s\src\hotspot\share\interpreter\linkResolver.cpp, line 773]
Event: 0.273 Thread 0x0000014bc359f4f0 Exception <a 'java/lang/NullPointerException'{0x00000000f7b91718}> (0x00000000f7b91718) 
thrown [s\src\hotspot\share\interpreter\linkResolver.cpp, line 1372]
Event: 0.441 Thread 0x0000014bc359f4f0 Exception <a 'java/lang/NullPointerException'{0x00000000f7bd9800}> (0x00000000f7bd9800) 
thrown [s\src\hotspot\share\interpreter\linkResolver.cpp, line 1372]
Event: 0.441 Thread 0x0000014bc359f4f0 Exception <a 'java/lang/NullPointerException'{0x00000000f7bd9ae0}> (0x00000000f7bd9ae0) 
thrown [s\src\hotspot\share\interpreter\linkResolver.cpp, line 1372]
Event: 0.441 Thread 0x0000014bc359f4f0 Exception <a 'java/lang/NullPointerException'{0x00000000f7bd9dc0}> (0x00000000f7bd9dc0) 
thrown [s\src\hotspot\share\interpreter\linkResolver.cpp, line 1372]
Event: 0.442 Thread 0x0000014bc359f4f0 Exception <a 'java/lang/NullPointerException'{0x00000000f7bdea58}> (0x00000000f7bdea58) 
thrown [s\src\hotspot\share\interpreter\linkResolver.cpp, line 1372]
Event: 0.444 Thread 0x0000014bc359f4f0 Exception <a 'java/lang/NullPointerException'{0x00000000f7bf1f98}> (0x00000000f7bf1f98) 
thrown [s\src\hotspot\share\interpreter\linkResolver.cpp, line 1372]
Event: 0.444 Thread 0x0000014bc359f4f0 Exception <a 'java/lang/NullPointerException'{0x00000000f7bf2278}> (0x00000000f7bf2278) 
thrown [s\src\hotspot\share\interpreter\linkResolver.cpp, line 1372]
Event: 0.444 Thread 0x0000014bc359f4f0 Exception <a 'java/lang/NullPointerException'{0x00000000f7bf2558}> (0x00000000f7bf2558) 
thrown [s\src\hotspot\share\interpreter\linkResolver.cpp, line 1372]
Event: 0.444 Thread 0x0000014bc359f4f0 Exception <a 'java/lang/NullPointerException'{0x00000000f7bf2838}> (0x00000000f7bf2838) 
thrown [s\src\hotspot\share\interpreter\linkResolver.cpp, line 1372]
Event: 0.471 Thread 0x0000014bc359f4f0 Exception <a 'java/lang/NoSuchMethodError'{0x00000000f7a885b0}: 'void java.lang.invoke.DirectMethodHandle$Holder.invokeStatic(java.lang.Object, java.lang.Object, java.lang.Object)'> (0x00000000f7a885b0) 
thrown [s\src\hotspot\share\interpreter\linkResolver.cpp, line 773]
Event: 0.545 Thread 0x0000014bc359f4f0 Exception <a 'java/lang/NoSuchMethodError'{0x00000000f7835088}: 'java.lang.Object java.lang.invoke.DirectMethodHandle$Holder.invokeSpecialIFC(java.lang.Object, java.lang.Object, java.lang.Object, java.lang.Object)'> (0x00000000f7835088) 
thrown [s\src\hotspot\share\interpreter\linkResolver.cpp, line 773]
Event: 0.742 Thread 0x0000014bc359f4f0 Exception <a 'java/lang/NoSuchMethodError'{0x00000000f738f880}: 'void java.lang.invoke.DirectMethodHandle$Holder.invokeSpecial(java.lang.Object, java.lang.Object, java.lang.Object)'> (0x00000000f738f880) 
thrown [s\src\hotspot\share\interpreter\linkResolver.cpp, line 773]
Event: 0.779 Thread 0x0000014bc359f4f0 Exception <a 'java/lang/NoSuchMethodError'{0x00000000f72cdf58}: 'java.lang.Object java.lang.invoke.DirectMethodHandle$Holder.invokeInterface(java.lang.Object, java.lang.Object)'> (0x00000000f72cdf58) 
thrown [s\src\hotspot\share\interpreter\linkResolver.cpp, line 773]
Event: 0.797 Thread 0x0000014bc359f4f0 Exception <a 'java/lang/NoSuchMethodError'{0x00000000f715f788}: 'int java.lang.invoke.DirectMethodHandle$Holder.invokeStatic(java.lang.Object, java.lang.Object, java.lang.Object, java.lang.Object)'> (0x00000000f715f788) 
thrown [s\src\hotspot\share\interpreter\linkResolver.cpp, line 773]
Event: 0.798 Thread 0x0000014bc359f4f0 Exception <a 'java/lang/NoSuchMethodError'{0x00000000f7162e58}: 'java.lang.Object java.lang.invoke.Invokers$Holder.invokeExact_MT(java.lang.Object, java.lang.Object, java.lang.Object, java.lang.Object, java.lang.Object, java.lang.Object)'> (0x00000000f7162e58) 
thrown [s\src\hotspot\share\interpreter\linkResolver.cpp, line 773]
Event: 0.800 Thread 0x0000014bc359f4f0 Exception <a 'java/lang/NoSuchMethodError'{0x00000000f7171838}: 'int java.lang.invoke.DirectMethodHandle$Holder.invokeSpecialIFC(java.lang.Object, java.lang.Object, java.lang.Object, java.lang.Object, java.lang.Object)'> (0x00000000f7171838) 
thrown [s\src\hotspot\share\interpreter\linkResolver.cpp, line 773]
Event: 0.848 Thread 0x0000014bc359f4f0 Exception <a 'java/lang/NoSuchMethodError'{0x00000000f70e6458}: 'java.lang.Object java.lang.invoke.DirectMethodHandle$Holder.newInvokeSpecial(java.lang.Object, java.lang.Object, java.lang.Object, java.lang.Object, java.lang.Object)'> (0x00000000f70e6458) 
thrown [s\src\hotspot\share\interpreter\linkResolver.cpp, line 773]
Event: 0.876 Thread 0x0000014bc359f4f0 Exception <a 'java/lang/NoSuchMethodError'{0x00000000f6fdaea8}: 'int java.lang.invoke.DirectMethodHandle$Holder.invokeStaticInit(java.lang.Object, java.lang.Object)'> (0x00000000f6fdaea8) 
thrown [s\src\hotspot\share\interpreter\linkResolver.cpp, line 773]
Event: 0.884 Thread 0x0000014bc359f4f0 Exception <a 'java/lang/NoClassDefFoundError'{0x00000000f6e0f178}: javax/enterprise/inject/Typed> (0x00000000f6e0f178) 
thrown [s\src\hotspot\share\classfile\systemDictionary.cpp, line 302]

ZGC Phase Switch (0 events):
No events

VM Operations (8 events):
Event: 0.068 Executing non-safepoint VM operation: HandshakeAllThreads (Deoptimize)
Event: 0.088 Executing non-safepoint VM operation: HandshakeAllThreads (Deoptimize) done
Event: 0.272 Executing non-safepoint VM operation: HandshakeAllThreads (Deoptimize)
Event: 0.272 Executing non-safepoint VM operation: HandshakeAllThreads (Deoptimize) done
Event: 0.280 Executing non-safepoint VM operation: HandshakeAllThreads (Deoptimize)
Event: 0.280 Executing non-safepoint VM operation: HandshakeAllThreads (Deoptimize) done
Event: 0.897 Executing safepoint VM operation: ICBufferFull
Event: 0.897 Executing safepoint VM operation: ICBufferFull done

Memory protections (0 events):
No events

Nmethod flushes (0 events):
No events

Events (11 events):
Event: 0.026 Thread 0x0000014bc359f4f0 Thread added: 0x0000014bc359f4f0
Event: 0.042 Thread 0x0000014bc359f4f0 Thread added: 0x0000014bde2c6770
Event: 0.042 Thread 0x0000014bc359f4f0 Thread added: 0x0000014bde2c71d0
Event: 0.042 Thread 0x0000014bc359f4f0 Thread added: 0x0000014bde2cdbe0
Event: 0.042 Thread 0x0000014bc359f4f0 Thread added: 0x0000014bde2eeef0
Event: 0.042 Thread 0x0000014bc359f4f0 Thread added: 0x0000014bde2efb00
Event: 0.042 Thread 0x0000014bc359f4f0 Thread added: 0x0000014bde2f2f30
Event: 0.043 Thread 0x0000014bc359f4f0 Thread added: 0x0000014bde3026b0
Event: 0.043 Thread 0x0000014bc359f4f0 Thread added: 0x0000014bde303150
Event: 0.054 Thread 0x0000014bc359f4f0 Thread added: 0x0000014bde489090
Event: 0.056 Thread 0x0000014bc359f4f0 Thread added: 0x0000014bde48cd10


Dynamic libraries:
0x00007ff74abe0000 - 0x00007ff74abee000 	C:\Program Files\Eclipse Adoptium\jdk-21.0.11.10-hotspot\bin\java.exe
0x00007ffca7ea0000 - 0x00007ffca8106000 	C:\WINDOWS\SYSTEM32\ntdll.dll
0x00007ffca7200000 - 0x00007ffca72c9000 	C:\WINDOWS\System32\KERNEL32.DLL
0x00007ffca56e0000 - 0x00007ffca5ada000 	C:\WINDOWS\System32\KERNELBASE.dll
0x00007ffca5410000 - 0x00007ffca555c000 	C:\WINDOWS\System32\ucrtbase.dll
0x00007ffc8e710000 - 0x00007ffc8e72e000 	C:\Program Files\Eclipse Adoptium\jdk-21.0.11.10-hotspot\bin\VCRUNTIME140.dll
0x00007ffc97020000 - 0x00007ffc97038000 	C:\Program Files\Eclipse Adoptium\jdk-21.0.11.10-hotspot\bin\jli.dll
0x00007ffca7000000 - 0x00007ffca71c7000 	C:\WINDOWS\System32\USER32.dll
0x00007ffc94e60000 - 0x00007ffc950f2000 	C:\WINDOWS\WinSxS\amd64_microsoft.windows.common-controls_6595b64144ccf1df_6.0.26100.8521_none_3e08b75ce33403b3\COMCTL32.dll
0x00007ffca51c0000 - 0x00007ffca51e7000 	C:\WINDOWS\System32\win32u.dll
0x00007ffca7e30000 - 0x00007ffca7e5b000 	C:\WINDOWS\System32\GDI32.dll
0x00007ffca6340000 - 0x00007ffca63e9000 	C:\WINDOWS\System32\msvcrt.dll
0x00007ffca5ae0000 - 0x00007ffca5c0b000 	C:\WINDOWS\System32\gdi32full.dll
0x00007ffca51f0000 - 0x00007ffca5293000 	C:\WINDOWS\System32\msvcp_win.dll
0x00007ffca7c80000 - 0x00007ffca7cb2000 	C:\WINDOWS\System32\IMM32.DLL
0x00007ffca0070000 - 0x00007ffca007c000 	C:\Program Files\Eclipse Adoptium\jdk-21.0.11.10-hotspot\bin\vcruntime140_1.dll
0x00007ffc87c60000 - 0x00007ffc87ced000 	C:\Program Files\Eclipse Adoptium\jdk-21.0.11.10-hotspot\bin\msvcp140.dll
0x00007ffc70e80000 - 0x00007ffc71c22000 	C:\Program Files\Eclipse Adoptium\jdk-21.0.11.10-hotspot\bin\server\jvm.dll
0x00007ffca6270000 - 0x00007ffca6326000 	C:\WINDOWS\System32\ADVAPI32.dll
0x00007ffca5c10000 - 0x00007ffca5cba000 	C:\WINDOWS\System32\sechost.dll
0x00007ffca7cc0000 - 0x00007ffca7dd8000 	C:\WINDOWS\System32\RPCRT4.dll
0x00007ffca63f0000 - 0x00007ffca6470000 	C:\WINDOWS\System32\WS2_32.dll
0x00007ffca4fb0000 - 0x00007ffca500e000 	C:\WINDOWS\SYSTEM32\POWRPROF.dll
0x00007ffc9bfa0000 - 0x00007ffc9bfd6000 	C:\WINDOWS\SYSTEM32\WINMM.dll
0x00007ffc9bfe0000 - 0x00007ffc9bfeb000 	C:\WINDOWS\SYSTEM32\VERSION.dll
0x00007ffca4f90000 - 0x00007ffca4fa4000 	C:\WINDOWS\SYSTEM32\UMPDC.dll
0x00007ffca3ec0000 - 0x00007ffca3edb000 	C:\WINDOWS\SYSTEM32\kernel.appcore.dll
0x00007ffc97060000 - 0x00007ffc9706a000 	C:\Program Files\Eclipse Adoptium\jdk-21.0.11.10-hotspot\bin\jimage.dll
0x00007ffc9bbd0000 - 0x00007ffc9be12000 	C:\WINDOWS\SYSTEM32\DBGHELP.DLL
0x00007ffca5cc0000 - 0x00007ffca6043000 	C:\WINDOWS\System32\combase.dll
0x00007ffca6e90000 - 0x00007ffca6f69000 	C:\WINDOWS\System32\OLEAUT32.dll
0x00007ffc93220000 - 0x00007ffc9325b000 	C:\WINDOWS\SYSTEM32\dbgcore.DLL
0x00007ffca52a0000 - 0x00007ffca5348000 	C:\WINDOWS\System32\bcryptPrimitives.dll
0x00007ffc8e6f0000 - 0x00007ffc8e710000 	C:\Program Files\Eclipse Adoptium\jdk-21.0.11.10-hotspot\bin\java.dll
0x00007ffca74f0000 - 0x00007ffca7c74000 	C:\WINDOWS\System32\SHELL32.dll
0x00007ffca2ce0000 - 0x00007ffca3560000 	C:\WINDOWS\SYSTEM32\windows.storage.dll
0x00007ffca6c90000 - 0x00007ffca6d86000 	C:\WINDOWS\System32\SHCORE.dll
0x00007ffca6d90000 - 0x00007ffca6df7000 	C:\WINDOWS\System32\shlwapi.dll
0x00007ffca5050000 - 0x00007ffca5079000 	C:\WINDOWS\SYSTEM32\profapi.dll
0x00007ffc82ae0000 - 0x00007ffc82bb7000 	C:\Program Files\Eclipse Adoptium\jdk-21.0.11.10-hotspot\bin\jsvml.dll
0x00007ffc97010000 - 0x00007ffc97020000 	C:\Program Files\Eclipse Adoptium\jdk-21.0.11.10-hotspot\bin\net.dll
0x00007ffc9cf50000 - 0x00007ffc9d079000 	C:\WINDOWS\SYSTEM32\WINHTTP.dll
0x00007ffca4430000 - 0x00007ffca449c000 	C:\WINDOWS\system32\mswsock.dll
0x00007ffc8d740000 - 0x00007ffc8d756000 	C:\Program Files\Eclipse Adoptium\jdk-21.0.11.10-hotspot\bin\nio.dll
0x00007ffc8d720000 - 0x00007ffc8d738000 	C:\Program Files\Eclipse Adoptium\jdk-21.0.11.10-hotspot\bin\zip.dll
0x0000000069ac0000 - 0x0000000069ae4000 	C:\Users\singh\maven\apache-maven-3.9.6\lib\jansi-native\Windows\x86_64\jansi.dll
0x00007ffc954e0000 - 0x00007ffc954f0000 	C:\Program Files\Eclipse Adoptium\jdk-21.0.11.10-hotspot\bin\verify.dll

JVMTI agents: none

dbghelp: loaded successfully - version: 4.0.5 - missing functions: none
symbol engine: initialized successfully - sym options: 0x614 - pdb path: .;C:\Program Files\Eclipse Adoptium\jdk-21.0.11.10-hotspot\bin;C:\WINDOWS\SYSTEM32;C:\WINDOWS\WinSxS\amd64_microsoft.windows.common-controls_6595b64144ccf1df_6.0.26100.8521_none_3e08b75ce33403b3;C:\Program Files\Eclipse Adoptium\jdk-21.0.11.10-hotspot\bin\server;C:\Users\singh\maven\apache-maven-3.9.6\lib\jansi-native\Windows\x86_64

VM Arguments:
jvm_args: -Xmx256m -Xms128m -Dclassworlds.conf=C:\Users\singh\maven\apache-maven-3.9.6\bin\m2.conf -Dmaven.home=C:\Users\singh\maven\apache-maven-3.9.6 -Dlibrary.jansi.path=C:\Users\singh\maven\apache-maven-3.9.6\lib\jansi-native -Dmaven.multiModuleProjectDirectory=C:\HIGH LEVEL PROJECTS\upi-dispute-platform\backend 
java_command: org.codehaus.plexus.classworlds.launcher.Launcher spring-boot:run
java_class_path (initial): C:\Users\singh\maven\apache-maven-3.9.6\boot\plexus-classworlds-2.7.0.jar
Launcher Type: SUN_STANDARD

[Global flags]
     intx CICompilerCount                          = 4                                         {product} {ergonomic}
     uint ConcGCThreads                            = 3                                         {product} {ergonomic}
     uint G1ConcRefinementThreads                  = 10                                        {product} {ergonomic}
   size_t G1HeapRegionSize                         = 1048576                                   {product} {ergonomic}
    uintx GCDrainStackTargetSize                   = 64                                        {product} {ergonomic}
   size_t InitialHeapSize                          = 134217728                                 {product} {command line}
   size_t MarkStackSize                            = 4194304                                   {product} {ergonomic}
   size_t MaxHeapSize                              = 268435456                                 {product} {command line}
   size_t MaxNewSize                               = 160432128                                 {product} {ergonomic}
   size_t MinHeapDeltaBytes                        = 1048576                                   {product} {ergonomic}
   size_t MinHeapSize                              = 134217728                                 {product} {command line}
    uintx NonNMethodCodeHeapSize                   = 5839372                                {pd product} {ergonomic}
    uintx NonProfiledCodeHeapSize                  = 122909434                              {pd product} {ergonomic}
    uintx ProfiledCodeHeapSize                     = 122909434                              {pd product} {ergonomic}
    uintx ReservedCodeCacheSize                    = 251658240                              {pd product} {ergonomic}
     bool SegmentedCodeCache                       = true                                      {product} {ergonomic}
   size_t SoftMaxHeapSize                          = 268435456                              {manageable} {ergonomic}
     bool UseCompressedOops                        = true                           {product lp64_product} {ergonomic}
     bool UseG1GC                                  = true                                      {product} {ergonomic}
     bool UseLargePagesIndividualAllocation        = false                                  {pd product} {ergonomic}

Logging:
Log output configuration:
 #0: stdout all=warning uptime,level,tags foldmultilines=false
 #1: stderr all=off uptime,level,tags foldmultilines=false

Release file:
IMPLEMENTOR="Eclipse Adoptium" 
IMPLEMENTOR_VERSION="Temurin-21.0.11+10" 
JAVA_RUNTIME_VERSION="21.0.11+10-LTS" 
JAVA_VERSION="21.0.11" 
JAVA_VERSION_DATE="2026-04-21" 
LIBC="default" 
MODULES="java.base java.compiler java.datatransfer java.xml java.prefs java.desktop java.instrument java.logging java.management java.security.sasl java.naming java.rmi java.management.rmi java.net.http java.scripting java.security.jgss java.transaction.xa java.sql java.sql.rowset java.xml.crypto java.se java.smartcardio jdk.accessibility jdk.internal.jvmstat jdk.attach jdk.charsets jdk.internal.opt jdk.zipfs jdk.compiler jdk.crypto.ec jdk.crypto.cryptoki jdk.crypto.mscapi jdk.dynalink jdk.internal.ed jdk.editpad jdk.hotspot.agent jdk.httpserver jdk.incubator.vector jdk.internal.le jdk.internal.vm.ci jdk.internal.vm.compiler jdk.internal.vm.compiler.management jdk.jartool jdk.javadoc jdk.jcmd jdk.management jdk.management.agent jdk.jconsole jdk.jdeps jdk.jdwp.agent jdk.jdi jdk.jfr jdk.jlink jdk.jpackage jdk.jshell jdk.jsobject jdk.jstatd jdk.localedata jdk.management.jfr jdk.naming.dns jdk.naming.rmi jdk.net jdk.nio.mapmode jdk.random jdk.sctp jdk.security.auth jdk.security.jgss jdk.unsupported jdk.unsupported.desktop jdk.xml.dom" 
OS_ARCH="x86_64" 
OS_NAME="Windows" 
SOURCE=".:git:254494ad7d75" 
BUILD_SOURCE="git:a612825ee82a20ac872d60958c349854c1f29a8e"
BUILD_SOURCE_REPO="https://github.com/adoptium/temurin-build.git"
SOURCE_REPO="https://github.com/adoptium/jdk21u.git"
FULL_VERSION="21.0.11+10-LTS"
SEMANTIC_VERSION="21.0.11+10"
BUILD_INFO="OS: Windows Server 2022 Version: 10.0"
JVM_VARIANT="Hotspot"
JVM_VERSION="21.0.11+10-LTS"
IMAGE_TYPE="JDK"

Environment Variables:
JAVA_HOME=C:\Program Files\Eclipse Adoptium\jdk-21.0.11.10-hotspot\
PATH=c:\Users\singh\.vscode\extensions\vadimcn.vscode-lldb-1.12.1\bin;C:\Program Files\Eclipse Adoptium\jdk-21.0.11.10-hotspot\bin;C:\Program Files\Common Files\Oracle\Java\javapath;C:\Program Files (x86)\Common Files\Intel\Shared Libraries\redist\intel64\compiler;C:\WINDOWS\system32;C:\WINDOWS;C:\WINDOWS\System32\Wbem;C:\WINDOWS\System32\WindowsPowerShell\v1.0\;C:\WINDOWS\System32\OpenSSH\;C:\Program Files\Java\jdk-22\bin;C:\Program Files\nodejs\;C:\Program Files\Git\cmd;C:\Program Files\Docker\Docker\resources\bin;C:\Users\singh\AppData\Local\Programs\Python\Python312\Scripts\;C:\Users\singh\AppData\Local\Programs\Python\Python312\;C:\Users\singh\AppData\Local\Programs\Python\Launcher\;C:\Users\singh\AppData\Local\Microsoft\WindowsApps;C:\Users\singh\AppData\Local\GitHubDesktop\bin;C:\Users\singh\AppData\Local\Programs\Microsoft VS Code\bin;C:\Users\singh\AppData\Roaming\npm;C:\Users\singh\AppData\Local\Programs\Microsoft VS Code\bin;C:\Users\singh\maven\apache-maven-3.9.6\bin
USERNAME=singh
LANG=en_US.UTF-8
OS=Windows_NT
PROCESSOR_IDENTIFIER=AMD64 Family 23 Model 104 Stepping 1, AuthenticAMD
TMP=C:\Users\singh\AppData\Local\Temp
TEMP=C:\Users\singh\AppData\Local\Temp




Periodic native trim disabled

---------------  S Y S T E M  ---------------

OS:
 Windows 11 , 64 bit Build 26100 (10.0.26100.8521)
OS uptime: 0 days 15:13 hours
Hyper-V role detected

CPU: total 12 (initial active 12) (12 cores per cpu, 2 threads per core) family 23 model 104 stepping 1 microcode 0x8608103, cx8, cmov, fxsr, ht, mmx, 3dnowpref, sse, sse2, sse3, ssse3, sse4a, sse4.1, sse4.2, popcnt, lzcnt, tsc, tscinvbit, avx, avx2, aes, clmul, bmi1, bmi2, adx, sha, fma, vzeroupper, clflush, clflushopt, hv, rdtscp, rdpid, f16c
Processor Information for processor 0
  Max Mhz: 2100, Current Mhz: 1988, Mhz Limit: 2100
Processor Information for processor 1
  Max Mhz: 2100, Current Mhz: 1988, Mhz Limit: 2100
Processor Information for processor 2
  Max Mhz: 2100, Current Mhz: 1988, Mhz Limit: 2100
Processor Information for processor 3
  Max Mhz: 2100, Current Mhz: 1988, Mhz Limit: 2100
Processor Information for processor 4
  Max Mhz: 2100, Current Mhz: 1988, Mhz Limit: 2100
Processor Information for processor 5
  Max Mhz: 2100, Current Mhz: 2100, Mhz Limit: 2100
Processor Information for processor 6
  Max Mhz: 2100, Current Mhz: 1988, Mhz Limit: 2100
Processor Information for processor 7
  Max Mhz: 2100, Current Mhz: 1988, Mhz Limit: 2100
Processor Information for processor 8
  Max Mhz: 2100, Current Mhz: 2100, Mhz Limit: 2100
Processor Information for processor 9
  Max Mhz: 2100, Current Mhz: 1988, Mhz Limit: 2100
Processor Information for processor 10
  Max Mhz: 2100, Current Mhz: 1988, Mhz Limit: 2100
Processor Information for processor 11
  Max Mhz: 2100, Current Mhz: 1988, Mhz Limit: 2100

Memory: 4k page, system-wide physical 5989M (375M free)
TotalPageFile size 24421M (AvailPageFile size 7M)
current process WorkingSet (physical memory assigned to process): 76M, peak: 76M
current process commit charge ("private bytes"): 228M, peak: 229M

vm_info: OpenJDK 64-Bit Server VM (21.0.11+10-LTS) for windows-amd64 JRE (21.0.11+10-LTS), built on 2026-04-21T00:00:00Z by "admin" with MS VC++ 17.12 (VS2022)

END.
