#
# There is insufficient memory for the Java Runtime Environment to continue.
# Native memory allocation (malloc) failed to allocate 1702992 bytes. Error detail: Chunk::new
# Possible reasons:
#   The system is out of physical RAM or swap space
#   This process is running with CompressedOops enabled, and the Java Heap may be blocking the growth of the native heap
# Possible solutions:
#   Reduce memory load on the system
#   Increase physical memory or swap space
#   Check if swap backing store is full
#   Decrease Java heap size (-Xmx/-Xms)
#   Decrease number of Java threads
#   Decrease Java thread stack sizes (-Xss)
#   Set larger code cache with -XX:ReservedCodeCacheSize=
#   JVM is running with Unscaled Compressed Oops mode in which the Java heap is
#     placed in the first 4GB address space. The Java Heap base address is the
#     maximum limit for the native heap growth. Please use -XX:HeapBaseMinAddress
#     to set the Java Heap base and to place the Java Heap above 4GB virtual address.
# This output file may be truncated or incomplete.
#
#  Out of Memory Error (arena.cpp:168), pid=24616, tid=7376
#
# JRE version: OpenJDK Runtime Environment Temurin-21.0.11+10 (21.0.11+10) (build 21.0.11+10-LTS)
# Java VM: OpenJDK 64-Bit Server VM Temurin-21.0.11+10 (21.0.11+10-LTS, mixed mode, sharing, tiered, compressed oops, compressed class ptrs, g1 gc, windows-amd64)
# No core dump will be written. Minidumps are not enabled by default on client versions of Windows
#

---------------  S U M M A R Y ------------

Command Line: -Dclassworlds.conf=C:\Users\singh\maven\apache-maven-3.9.6\bin\m2.conf -Dmaven.home=C:\Users\singh\maven\apache-maven-3.9.6 -Dlibrary.jansi.path=C:\Users\singh\maven\apache-maven-3.9.6\lib\jansi-native -Dmaven.multiModuleProjectDirectory=C:\HIGH LEVEL PROJECTS\upi-dispute-platform\npci-service org.codehaus.plexus.classworlds.launcher.Launcher spring-boot:run

Host: AMD Ryzen 5 5500U with Radeon Graphics         , 12 cores, 5G,  Windows 11 , 64 bit Build 26100 (10.0.26100.8521)
Time: Tue Jun 16 05:58:26 2026 India Standard Time elapsed time: 3.832189 seconds (0d 0h 0m 3s)

---------------  T H R E A D  ---------------

Current thread (0x00000293785764d0):  JavaThread "C2 CompilerThread0" daemon [_thread_in_native, id=7376, stack(0x000000f3a3100000,0x000000f3a3200000) (1024K)]


Current CompileTask:
C2:3832 3995   !   4       org.codehaus.plexus.interpolation.StringSearchInterpolator::interpolate (668 bytes)

Stack: [0x000000f3a3100000,0x000000f3a3200000]
Native frames: (J=compiled Java code, j=interpreted, Vv=VM code, C=native code)
V  [jvm.dll+0x6d7e19]
V  [jvm.dll+0x8b5096]
V  [jvm.dll+0x8b764e]
V  [jvm.dll+0x8b7d33]
V  [jvm.dll+0x284596]
V  [jvm.dll+0xc685d]
V  [jvm.dll+0xc6da1]
V  [jvm.dll+0x3bed6b]
V  [jvm.dll+0x1e4149]
V  [jvm.dll+0x24c853]
V  [jvm.dll+0x24bce0]
V  [jvm.dll+0x1cb4ae]
V  [jvm.dll+0x25baad]
V  [jvm.dll+0x25a03a]
V  [jvm.dll+0x3f868e]
V  [jvm.dll+0x85fb0d]
V  [jvm.dll+0x6d664d]
C  [ucrtbase.dll+0x2cd30]
C  [KERNEL32.DLL+0x2e957]
C  [ntdll.dll+0x87c1c]


---------------  P R O C E S S  ---------------

Threads class SMR info:
_java_thread_list=0x00000293786ddd30, length=11, elements={
0x0000029368af46b0, 0x0000029378559b30, 0x000002937855e960, 0x0000029378563a00,
0x00000293785677e0, 0x00000293785683f0, 0x0000029378568e50, 0x00000293785764d0,
0x000002937857b3a0, 0x00000293786d61d0, 0x00000293786df210
}

Java Threads: ( => current thread )
  0x0000029368af46b0 JavaThread "main"                              [_thread_in_vm, id=26960, stack(0x000000f3a2300000,0x000000f3a2400000) (1024K)]
  0x0000029378559b30 JavaThread "Reference Handler"          daemon [_thread_blocked, id=7124, stack(0x000000f3a2b00000,0x000000f3a2c00000) (1024K)]
  0x000002937855e960 JavaThread "Finalizer"                  daemon [_thread_blocked, id=15524, stack(0x000000f3a2c00000,0x000000f3a2d00000) (1024K)]
  0x0000029378563a00 JavaThread "Signal Dispatcher"          daemon [_thread_blocked, id=12064, stack(0x000000f3a2d00000,0x000000f3a2e00000) (1024K)]
  0x00000293785677e0 JavaThread "Attach Listener"            daemon [_thread_blocked, id=23240, stack(0x000000f3a2e00000,0x000000f3a2f00000) (1024K)]
  0x00000293785683f0 JavaThread "Service Thread"             daemon [_thread_blocked, id=23976, stack(0x000000f3a2f00000,0x000000f3a3000000) (1024K)]
  0x0000029378568e50 JavaThread "Monitor Deflation Thread"   daemon [_thread_blocked, id=17636, stack(0x000000f3a3000000,0x000000f3a3100000) (1024K)]
=>0x00000293785764d0 JavaThread "C2 CompilerThread0"         daemon [_thread_in_native, id=7376, stack(0x000000f3a3100000,0x000000f3a3200000) (1024K)]
  0x000002937857b3a0 JavaThread "C1 CompilerThread0"         daemon [_thread_in_native, id=7628, stack(0x000000f3a3200000,0x000000f3a3300000) (1024K)]
  0x00000293786d61d0 JavaThread "Notification Thread"        daemon [_thread_blocked, id=8748, stack(0x000000f3a3300000,0x000000f3a3400000) (1024K)]
  0x00000293786df210 JavaThread "Common-Cleaner"             daemon [_thread_blocked, id=18684, stack(0x000000f3a3400000,0x000000f3a3500000) (1024K)]
Total: 11

Other Threads:
  0x0000029378542af0 VMThread "VM Thread"                           [id=2028, stack(0x000000f3a2a00000,0x000000f3a2b00000) (1024K)]
  0x000002937852f700 WatcherThread "VM Periodic Task Thread"        [id=24604, stack(0x000000f3a2900000,0x000000f3a2a00000) (1024K)]
  0x000002936afa11d0 WorkerThread "GC Thread#0"                     [id=5736, stack(0x000000f3a2400000,0x000000f3a2500000) (1024K)]
  0x000002937d7bef90 WorkerThread "GC Thread#1"                     [id=7744, stack(0x000000f3a3500000,0x000000f3a3600000) (1024K)]
  0x000002937d895560 WorkerThread "GC Thread#2"                     [id=27832, stack(0x000000f3a3600000,0x000000f3a3700000) (1024K)]
  0x000002937d8a0a10 WorkerThread "GC Thread#3"                     [id=7164, stack(0x000000f3a3700000,0x000000f3a3800000) (1024K)]
  0x000002937d8a0dc0 WorkerThread "GC Thread#4"                     [id=15548, stack(0x000000f3a3800000,0x000000f3a3900000) (1024K)]
  0x000002937d8a1170 WorkerThread "GC Thread#5"                     [id=26748, stack(0x000000f3a3900000,0x000000f3a3a00000) (1024K)]
  0x000002937d8a1520 WorkerThread "GC Thread#6"                     [id=21556, stack(0x000000f3a3a00000,0x000000f3a3b00000) (1024K)]
  0x000002937d8a38e0 WorkerThread "GC Thread#7"                     [id=11668, stack(0x000000f3a3b00000,0x000000f3a3c00000) (1024K)]
  0x000002937d8a3c90 WorkerThread "GC Thread#8"                     [id=17156, stack(0x000000f3a3c00000,0x000000f3a3d00000) (1024K)]
  0x000002937daf3300 WorkerThread "GC Thread#9"                     [id=26448, stack(0x000000f3a3d00000,0x000000f3a3e00000) (1024K)]
  0x000002936afadd00 ConcurrentGCThread "G1 Main Marker"            [id=27428, stack(0x000000f3a2500000,0x000000f3a2600000) (1024K)]
  0x000002936afae810 WorkerThread "G1 Conc#0"                       [id=26288, stack(0x000000f3a2600000,0x000000f3a2700000) (1024K)]
  0x000002936b01ea10 ConcurrentGCThread "G1 Refine#0"               [id=24248, stack(0x000000f3a2700000,0x000000f3a2800000) (1024K)]
  0x00000293783f35b0 ConcurrentGCThread "G1 Service"                [id=28024, stack(0x000000f3a2800000,0x000000f3a2900000) (1024K)]
Total: 16

Threads with active compile tasks:
C2 CompilerThread0  3869 3995   !   4       org.codehaus.plexus.interpolation.StringSearchInterpolator::interpolate (668 bytes)
C1 CompilerThread0  3869 4099       3       org.apache.maven.repository.internal.DefaultVersionResolver::resolveVersion (953 bytes)
Total: 2

VM state: not at safepoint (normal execution)

VM Mutex/Monitor currently owned by a thread: None

Heap address: 0x00000000a2600000, size: 1498 MB, Compressed Oops mode: 32-bit

CDS archive(s) mapped at: [0x000002930f000000-0x000002930fc80000-0x000002930fc80000), size 13107200, SharedBaseAddress: 0x000002930f000000, ArchiveRelocationMode: 1.
Compressed class space mapped at: 0x0000029310000000-0x0000029350000000, reserved size: 1073741824
Narrow klass base: 0x000002930f000000, Narrow klass shift: 0, Narrow klass range: 0x100000000

GC Precious Log:
 CardTable entry size: 512
 Card Set container configuration: InlinePtr #cards 5 size 8 Array Of Cards #cards 12 size 40 Howl #buckets 4 coarsen threshold 1843 Howl Bitmap #cards 512 size 80 coarsen threshold 460 Card regions per heap region 1 cards per card region 2048
 CPUs: 12 total, 12 available
 Memory: 5989M
 Large Page Support: Disabled
 NUMA Support: Disabled
 Compressed Oops: Enabled (32-bit)
 Heap Region Size: 1M
 Heap Min Capacity: 8M
 Heap Initial Capacity: 94M
 Heap Max Capacity: 1498M
 Pre-touch: Disabled
 Parallel Workers: 10
 Concurrent Workers: 3
 Concurrent Refinement Workers: 10
 Periodic GC: Disabled

Heap:
 garbage-first heap   total 96256K, used 33595K [0x00000000a2600000, 0x0000000100000000)
  region size 1024K, 28 young (28672K), 7 survivors (7168K)
 Metaspace       used 16475K, committed 16704K, reserved 1114112K
  class space    used 1904K, committed 1984K, reserved 1048576K

Heap Regions: E=young(eden), S=young(survivor), O=old, HS=humongous(starts), HC=humongous(continues), CS=collection set, F=free, TAMS=top-at-mark-start, PB=parsable bottom
|   0|0x00000000a2600000, 0x00000000a2700000, 0x00000000a2700000|100%| O|  |TAMS 0x00000000a2600000| PB 0x00000000a2600000| Untracked 
|   1|0x00000000a2700000, 0x00000000a2800000, 0x00000000a2800000|100%| O|  |TAMS 0x00000000a2700000| PB 0x00000000a2700000| Untracked 
|   2|0x00000000a2800000, 0x00000000a2900000, 0x00000000a2900000|100%| O|  |TAMS 0x00000000a2800000| PB 0x00000000a2800000| Untracked 
|   3|0x00000000a2900000, 0x00000000a2a00000, 0x00000000a2a00000|100%| O|  |TAMS 0x00000000a2900000| PB 0x00000000a2900000| Untracked 
|   4|0x00000000a2a00000, 0x00000000a2b00000, 0x00000000a2b00000|100%| O|  |TAMS 0x00000000a2a00000| PB 0x00000000a2a00000| Untracked 
|   5|0x00000000a2b00000, 0x00000000a2bcecc0, 0x00000000a2c00000| 80%| O|  |TAMS 0x00000000a2b00000| PB 0x00000000a2b00000| Untracked 
|   6|0x00000000a2c00000, 0x00000000a2c00000, 0x00000000a2d00000|  0%| F|  |TAMS 0x00000000a2c00000| PB 0x00000000a2c00000| Untracked 
|   7|0x00000000a2d00000, 0x00000000a2d00000, 0x00000000a2e00000|  0%| F|  |TAMS 0x00000000a2d00000| PB 0x00000000a2d00000| Untracked 
|   8|0x00000000a2e00000, 0x00000000a2e00000, 0x00000000a2f00000|  0%| F|  |TAMS 0x00000000a2e00000| PB 0x00000000a2e00000| Untracked 
|   9|0x00000000a2f00000, 0x00000000a2f00000, 0x00000000a3000000|  0%| F|  |TAMS 0x00000000a2f00000| PB 0x00000000a2f00000| Untracked 
|  10|0x00000000a3000000, 0x00000000a3000000, 0x00000000a3100000|  0%| F|  |TAMS 0x00000000a3000000| PB 0x00000000a3000000| Untracked 
|  11|0x00000000a3100000, 0x00000000a3100000, 0x00000000a3200000|  0%| F|  |TAMS 0x00000000a3100000| PB 0x00000000a3100000| Untracked 
|  12|0x00000000a3200000, 0x00000000a3200000, 0x00000000a3300000|  0%| F|  |TAMS 0x00000000a3200000| PB 0x00000000a3200000| Untracked 
|  13|0x00000000a3300000, 0x00000000a3300000, 0x00000000a3400000|  0%| F|  |TAMS 0x00000000a3300000| PB 0x00000000a3300000| Untracked 
|  14|0x00000000a3400000, 0x00000000a3400000, 0x00000000a3500000|  0%| F|  |TAMS 0x00000000a3400000| PB 0x00000000a3400000| Untracked 
|  15|0x00000000a3500000, 0x00000000a3500000, 0x00000000a3600000|  0%| F|  |TAMS 0x00000000a3500000| PB 0x00000000a3500000| Untracked 
|  16|0x00000000a3600000, 0x00000000a3600000, 0x00000000a3700000|  0%| F|  |TAMS 0x00000000a3600000| PB 0x00000000a3600000| Untracked 
|  17|0x00000000a3700000, 0x00000000a3700000, 0x00000000a3800000|  0%| F|  |TAMS 0x00000000a3700000| PB 0x00000000a3700000| Untracked 
|  18|0x00000000a3800000, 0x00000000a3800000, 0x00000000a3900000|  0%| F|  |TAMS 0x00000000a3800000| PB 0x00000000a3800000| Untracked 
|  19|0x00000000a3900000, 0x00000000a3900000, 0x00000000a3a00000|  0%| F|  |TAMS 0x00000000a3900000| PB 0x00000000a3900000| Untracked 
|  20|0x00000000a3a00000, 0x00000000a3a00000, 0x00000000a3b00000|  0%| F|  |TAMS 0x00000000a3a00000| PB 0x00000000a3a00000| Untracked 
|  21|0x00000000a3b00000, 0x00000000a3b00000, 0x00000000a3c00000|  0%| F|  |TAMS 0x00000000a3b00000| PB 0x00000000a3b00000| Untracked 
|  22|0x00000000a3c00000, 0x00000000a3c00000, 0x00000000a3d00000|  0%| F|  |TAMS 0x00000000a3c00000| PB 0x00000000a3c00000| Untracked 
|  23|0x00000000a3d00000, 0x00000000a3d00000, 0x00000000a3e00000|  0%| F|  |TAMS 0x00000000a3d00000| PB 0x00000000a3d00000| Untracked 
|  24|0x00000000a3e00000, 0x00000000a3e00000, 0x00000000a3f00000|  0%| F|  |TAMS 0x00000000a3e00000| PB 0x00000000a3e00000| Untracked 
|  25|0x00000000a3f00000, 0x00000000a3f00000, 0x00000000a4000000|  0%| F|  |TAMS 0x00000000a3f00000| PB 0x00000000a3f00000| Untracked 
|  26|0x00000000a4000000, 0x00000000a4000000, 0x00000000a4100000|  0%| F|  |TAMS 0x00000000a4000000| PB 0x00000000a4000000| Untracked 
|  27|0x00000000a4100000, 0x00000000a4100000, 0x00000000a4200000|  0%| F|  |TAMS 0x00000000a4100000| PB 0x00000000a4100000| Untracked 
|  28|0x00000000a4200000, 0x00000000a4200000, 0x00000000a4300000|  0%| F|  |TAMS 0x00000000a4200000| PB 0x00000000a4200000| Untracked 
|  29|0x00000000a4300000, 0x00000000a4300000, 0x00000000a4400000|  0%| F|  |TAMS 0x00000000a4300000| PB 0x00000000a4300000| Untracked 
|  30|0x00000000a4400000, 0x00000000a4400000, 0x00000000a4500000|  0%| F|  |TAMS 0x00000000a4400000| PB 0x00000000a4400000| Untracked 
|  31|0x00000000a4500000, 0x00000000a4600000, 0x00000000a4600000|100%| S|CS|TAMS 0x00000000a4500000| PB 0x00000000a4500000| Complete 
|  32|0x00000000a4600000, 0x00000000a4700000, 0x00000000a4700000|100%| S|CS|TAMS 0x00000000a4600000| PB 0x00000000a4600000| Complete 
|  33|0x00000000a4700000, 0x00000000a4800000, 0x00000000a4800000|100%| S|CS|TAMS 0x00000000a4700000| PB 0x00000000a4700000| Complete 
|  34|0x00000000a4800000, 0x00000000a4900000, 0x00000000a4900000|100%| S|CS|TAMS 0x00000000a4800000| PB 0x00000000a4800000| Complete 
|  35|0x00000000a4900000, 0x00000000a4a00000, 0x00000000a4a00000|100%| S|CS|TAMS 0x00000000a4900000| PB 0x00000000a4900000| Complete 
|  36|0x00000000a4a00000, 0x00000000a4b00000, 0x00000000a4b00000|100%| S|CS|TAMS 0x00000000a4a00000| PB 0x00000000a4a00000| Complete 
|  37|0x00000000a4b00000, 0x00000000a4c00000, 0x00000000a4c00000|100%| S|CS|TAMS 0x00000000a4b00000| PB 0x00000000a4b00000| Complete 
|  38|0x00000000a4c00000, 0x00000000a4c00000, 0x00000000a4d00000|  0%| F|  |TAMS 0x00000000a4c00000| PB 0x00000000a4c00000| Untracked 
|  39|0x00000000a4d00000, 0x00000000a4d00000, 0x00000000a4e00000|  0%| F|  |TAMS 0x00000000a4d00000| PB 0x00000000a4d00000| Untracked 
|  40|0x00000000a4e00000, 0x00000000a4e00000, 0x00000000a4f00000|  0%| F|  |TAMS 0x00000000a4e00000| PB 0x00000000a4e00000| Untracked 
|  41|0x00000000a4f00000, 0x00000000a4f00000, 0x00000000a5000000|  0%| F|  |TAMS 0x00000000a4f00000| PB 0x00000000a4f00000| Untracked 
|  42|0x00000000a5000000, 0x00000000a5000000, 0x00000000a5100000|  0%| F|  |TAMS 0x00000000a5000000| PB 0x00000000a5000000| Untracked 
|  43|0x00000000a5100000, 0x00000000a5100000, 0x00000000a5200000|  0%| F|  |TAMS 0x00000000a5100000| PB 0x00000000a5100000| Untracked 
|  44|0x00000000a5200000, 0x00000000a5200000, 0x00000000a5300000|  0%| F|  |TAMS 0x00000000a5200000| PB 0x00000000a5200000| Untracked 
|  45|0x00000000a5300000, 0x00000000a5300000, 0x00000000a5400000|  0%| F|  |TAMS 0x00000000a5300000| PB 0x00000000a5300000| Untracked 
|  46|0x00000000a5400000, 0x00000000a5400000, 0x00000000a5500000|  0%| F|  |TAMS 0x00000000a5400000| PB 0x00000000a5400000| Untracked 
|  47|0x00000000a5500000, 0x00000000a5500000, 0x00000000a5600000|  0%| F|  |TAMS 0x00000000a5500000| PB 0x00000000a5500000| Untracked 
|  48|0x00000000a5600000, 0x00000000a5600000, 0x00000000a5700000|  0%| F|  |TAMS 0x00000000a5600000| PB 0x00000000a5600000| Untracked 
|  49|0x00000000a5700000, 0x00000000a5700000, 0x00000000a5800000|  0%| F|  |TAMS 0x00000000a5700000| PB 0x00000000a5700000| Untracked 
|  50|0x00000000a5800000, 0x00000000a5800000, 0x00000000a5900000|  0%| F|  |TAMS 0x00000000a5800000| PB 0x00000000a5800000| Untracked 
|  51|0x00000000a5900000, 0x00000000a5900000, 0x00000000a5a00000|  0%| F|  |TAMS 0x00000000a5900000| PB 0x00000000a5900000| Untracked 
|  52|0x00000000a5a00000, 0x00000000a5a00000, 0x00000000a5b00000|  0%| F|  |TAMS 0x00000000a5a00000| PB 0x00000000a5a00000| Untracked 
|  53|0x00000000a5b00000, 0x00000000a5b00000, 0x00000000a5c00000|  0%| F|  |TAMS 0x00000000a5b00000| PB 0x00000000a5b00000| Untracked 
|  54|0x00000000a5c00000, 0x00000000a5c00000, 0x00000000a5d00000|  0%| F|  |TAMS 0x00000000a5c00000| PB 0x00000000a5c00000| Untracked 
|  55|0x00000000a5d00000, 0x00000000a5d00000, 0x00000000a5e00000|  0%| F|  |TAMS 0x00000000a5d00000| PB 0x00000000a5d00000| Untracked 
|  56|0x00000000a5e00000, 0x00000000a5e00000, 0x00000000a5f00000|  0%| F|  |TAMS 0x00000000a5e00000| PB 0x00000000a5e00000| Untracked 
|  57|0x00000000a5f00000, 0x00000000a5f00000, 0x00000000a6000000|  0%| F|  |TAMS 0x00000000a5f00000| PB 0x00000000a5f00000| Untracked 
|  58|0x00000000a6000000, 0x00000000a6000000, 0x00000000a6100000|  0%| F|  |TAMS 0x00000000a6000000| PB 0x00000000a6000000| Untracked 
|  59|0x00000000a6100000, 0x00000000a6100000, 0x00000000a6200000|  0%| F|  |TAMS 0x00000000a6100000| PB 0x00000000a6100000| Untracked 
|  60|0x00000000a6200000, 0x00000000a6200000, 0x00000000a6300000|  0%| F|  |TAMS 0x00000000a6200000| PB 0x00000000a6200000| Untracked 
|  61|0x00000000a6300000, 0x00000000a6300000, 0x00000000a6400000|  0%| F|  |TAMS 0x00000000a6300000| PB 0x00000000a6300000| Untracked 
|  62|0x00000000a6400000, 0x00000000a6400000, 0x00000000a6500000|  0%| F|  |TAMS 0x00000000a6400000| PB 0x00000000a6400000| Untracked 
|  63|0x00000000a6500000, 0x00000000a6500000, 0x00000000a6600000|  0%| F|  |TAMS 0x00000000a6500000| PB 0x00000000a6500000| Untracked 
|  64|0x00000000a6600000, 0x00000000a6600000, 0x00000000a6700000|  0%| F|  |TAMS 0x00000000a6600000| PB 0x00000000a6600000| Untracked 
|  65|0x00000000a6700000, 0x00000000a6700000, 0x00000000a6800000|  0%| F|  |TAMS 0x00000000a6700000| PB 0x00000000a6700000| Untracked 
|  66|0x00000000a6800000, 0x00000000a6800000, 0x00000000a6900000|  0%| F|  |TAMS 0x00000000a6800000| PB 0x00000000a6800000| Untracked 
|  67|0x00000000a6900000, 0x00000000a6900000, 0x00000000a6a00000|  0%| F|  |TAMS 0x00000000a6900000| PB 0x00000000a6900000| Untracked 
|  68|0x00000000a6a00000, 0x00000000a6a00000, 0x00000000a6b00000|  0%| F|  |TAMS 0x00000000a6a00000| PB 0x00000000a6a00000| Untracked 
|  69|0x00000000a6b00000, 0x00000000a6b00000, 0x00000000a6c00000|  0%| F|  |TAMS 0x00000000a6b00000| PB 0x00000000a6b00000| Untracked 
|  70|0x00000000a6c00000, 0x00000000a6c00000, 0x00000000a6d00000|  0%| F|  |TAMS 0x00000000a6c00000| PB 0x00000000a6c00000| Untracked 
|  71|0x00000000a6d00000, 0x00000000a6d00000, 0x00000000a6e00000|  0%| F|  |TAMS 0x00000000a6d00000| PB 0x00000000a6d00000| Untracked 
|  72|0x00000000a6e00000, 0x00000000a6e00000, 0x00000000a6f00000|  0%| F|  |TAMS 0x00000000a6e00000| PB 0x00000000a6e00000| Untracked 
|  73|0x00000000a6f00000, 0x00000000a6f80000, 0x00000000a7000000| 50%| E|  |TAMS 0x00000000a6f00000| PB 0x00000000a6f00000| Complete 
|  74|0x00000000a7000000, 0x00000000a7100000, 0x00000000a7100000|100%| E|CS|TAMS 0x00000000a7000000| PB 0x00000000a7000000| Complete 
|  75|0x00000000a7100000, 0x00000000a7200000, 0x00000000a7200000|100%| E|CS|TAMS 0x00000000a7100000| PB 0x00000000a7100000| Complete 
|  76|0x00000000a7200000, 0x00000000a7300000, 0x00000000a7300000|100%| E|CS|TAMS 0x00000000a7200000| PB 0x00000000a7200000| Complete 
|  77|0x00000000a7300000, 0x00000000a7400000, 0x00000000a7400000|100%| E|CS|TAMS 0x00000000a7300000| PB 0x00000000a7300000| Complete 
|  78|0x00000000a7400000, 0x00000000a7500000, 0x00000000a7500000|100%| E|CS|TAMS 0x00000000a7400000| PB 0x00000000a7400000| Complete 
|  79|0x00000000a7500000, 0x00000000a7600000, 0x00000000a7600000|100%| E|CS|TAMS 0x00000000a7500000| PB 0x00000000a7500000| Complete 
|  80|0x00000000a7600000, 0x00000000a7700000, 0x00000000a7700000|100%| E|CS|TAMS 0x00000000a7600000| PB 0x00000000a7600000| Complete 
|  81|0x00000000a7700000, 0x00000000a7800000, 0x00000000a7800000|100%| E|CS|TAMS 0x00000000a7700000| PB 0x00000000a7700000| Complete 
|  82|0x00000000a7800000, 0x00000000a7900000, 0x00000000a7900000|100%| E|CS|TAMS 0x00000000a7800000| PB 0x00000000a7800000| Complete 
|  83|0x00000000a7900000, 0x00000000a7a00000, 0x00000000a7a00000|100%| E|CS|TAMS 0x00000000a7900000| PB 0x00000000a7900000| Complete 
|  84|0x00000000a7a00000, 0x00000000a7b00000, 0x00000000a7b00000|100%| E|CS|TAMS 0x00000000a7a00000| PB 0x00000000a7a00000| Complete 
|  85|0x00000000a7b00000, 0x00000000a7c00000, 0x00000000a7c00000|100%| E|CS|TAMS 0x00000000a7b00000| PB 0x00000000a7b00000| Complete 
|  86|0x00000000a7c00000, 0x00000000a7d00000, 0x00000000a7d00000|100%| E|CS|TAMS 0x00000000a7c00000| PB 0x00000000a7c00000| Complete 
|  87|0x00000000a7d00000, 0x00000000a7e00000, 0x00000000a7e00000|100%| E|CS|TAMS 0x00000000a7d00000| PB 0x00000000a7d00000| Complete 
|  88|0x00000000a7e00000, 0x00000000a7f00000, 0x00000000a7f00000|100%| E|CS|TAMS 0x00000000a7e00000| PB 0x00000000a7e00000| Complete 
|  89|0x00000000a7f00000, 0x00000000a8000000, 0x00000000a8000000|100%| E|CS|TAMS 0x00000000a7f00000| PB 0x00000000a7f00000| Complete 
|  90|0x00000000a8000000, 0x00000000a8100000, 0x00000000a8100000|100%| E|CS|TAMS 0x00000000a8000000| PB 0x00000000a8000000| Complete 
|  91|0x00000000a8100000, 0x00000000a8200000, 0x00000000a8200000|100%| E|CS|TAMS 0x00000000a8100000| PB 0x00000000a8100000| Complete 
|  92|0x00000000a8200000, 0x00000000a8300000, 0x00000000a8300000|100%| E|CS|TAMS 0x00000000a8200000| PB 0x00000000a8200000| Complete 
|  93|0x00000000a8300000, 0x00000000a8400000, 0x00000000a8400000|100%| E|CS|TAMS 0x00000000a8300000| PB 0x00000000a8300000| Complete 

Card table byte_map: [0x0000029373ed0000,0x00000293741c0000] _byte_map_base: 0x00000293739bd000

Marking Bits: (CMBitMap*) 0x000002936afa18e0
 Bits: [0x00000293741c0000, 0x0000029375928000)

Polling page: 0x0000029368cb0000

Metaspace:

Usage:
  Non-class:     14.24 MB used.
      Class:      1.86 MB used.
       Both:     16.09 MB used.

Virtual space:
  Non-class space:       64.00 MB reserved,      14.38 MB ( 22%) committed,  1 nodes.
      Class space:        1.00 GB reserved,       1.94 MB ( <1%) committed,  1 nodes.
             Both:        1.06 GB reserved,      16.31 MB (  1%) committed. 

Chunk freelists:
   Non-Class:  1.46 MB
       Class:  13.89 MB
        Both:  15.34 MB

MaxMetaspaceSize: unlimited
CompressedClassSpaceSize: 1.00 GB
Initial GC threshold: 21.00 MB
Current GC threshold: 21.00 MB
CDS: on
 - commit_granule_bytes: 65536.
 - commit_granule_words: 8192.
 - virtual_space_node_default_size: 8388608.
 - enlarge_chunks_in_place: 1.
 - use_allocation_guard: 0.


Internal statistics:

num_allocs_failed_limit: 0.
num_arena_births: 162.
num_arena_deaths: 0.
num_vsnodes_births: 2.
num_vsnodes_deaths: 0.
num_space_committed: 261.
num_space_uncommitted: 0.
num_chunks_returned_to_freelist: 0.
num_chunks_taken_from_freelist: 696.
num_chunk_merges: 0.
num_chunk_splits: 501.
num_chunks_enlarged: 409.
num_inconsistent_stats: 0.

CodeHeap 'non-profiled nmethods': size=120000Kb used=1727Kb max_used=1727Kb free=118272Kb
 bounds [0x0000029307ad0000, 0x0000029307d40000, 0x000002930f000000]
CodeHeap 'profiled nmethods': size=120000Kb used=8119Kb max_used=8119Kb free=111880Kb
 bounds [0x0000029300000000, 0x00000293007f0000, 0x0000029307530000]
CodeHeap 'non-nmethods': size=5760Kb used=1332Kb max_used=1364Kb free=4427Kb
 bounds [0x0000029307530000, 0x00000293077a0000, 0x0000029307ad0000]
CodeCache: size=245760Kb, used=11178Kb, max_used=11210Kb, free=234579Kb
 total_blobs=4581, nmethods=4087, adapters=398, full_count=0
Compilation: enabled, stopped_count=0, restarted_count=0

Compilation events (20 events):
Event: 3.670 Thread 0x000002937857b3a0 4076       3       org.eclipse.sisu.wire.EntrySetAdapter::iterator (12 bytes)
Event: 3.671 Thread 0x000002937857b3a0 nmethod 4076 0x00000293007e6a90 code [0x00000293007e6c60, 0x00000293007e6fb8]
Event: 3.671 Thread 0x000002937857b3a0 4077       3       org.eclipse.sisu.wire.EntrySetAdapter$ValueIterator::<init> (15 bytes)
Event: 3.671 Thread 0x000002937857b3a0 nmethod 4077 0x00000293007e7110 code [0x00000293007e72c0, 0x00000293007e7550]
Event: 3.671 Thread 0x000002937857b3a0 4078  s!   3       sun.nio.ch.NativeThreadSet::signalAndWait (134 bytes)
Event: 3.672 Thread 0x000002937857b3a0 nmethod 4078 0x00000293007e7690 code [0x00000293007e78a0, 0x00000293007e7fb8]
Event: 3.672 Thread 0x000002937857b3a0 4081       3       org.eclipse.aether.RepositoryEvent$Builder::<init> (38 bytes)
Event: 3.672 Thread 0x000002937857b3a0 nmethod 4081 0x00000293007e8210 code [0x00000293007e8420, 0x00000293007e8ac8]
Event: 3.672 Thread 0x000002937857b3a0 4082       3       org.eclipse.aether.RepositoryEvent$Builder::setTrace (7 bytes)
Event: 3.672 Thread 0x000002937857b3a0 nmethod 4082 0x00000293007e8d10 code [0x00000293007e8ea0, 0x00000293007e8ff8]
Event: 3.672 Thread 0x000002937857b3a0 4083       3       org.eclipse.aether.RepositoryEvent$Builder::setArtifact (7 bytes)
Event: 3.672 Thread 0x000002937857b3a0 nmethod 4083 0x00000293007e9090 code [0x00000293007e9220, 0x00000293007e9378]
Event: 3.672 Thread 0x000002937857b3a0 4079   !   3       java.lang.Thread::blockedOn (27 bytes)
Event: 3.672 Thread 0x000002937857b3a0 nmethod 4079 0x00000293007e9410 code [0x00000293007e95c0, 0x00000293007e9830]
Event: 3.672 Thread 0x000002937857b3a0 4080       3       org.eclipse.aether.internal.impl.EnhancedLocalRepositoryManager::getKey (27 bytes)
Event: 3.673 Thread 0x000002937857b3a0 nmethod 4080 0x00000293007e9910 code [0x00000293007e9b40, 0x00000293007ea100]
Event: 3.707 Thread 0x000002937857b3a0 4084       3       java.io.File::getParent (65 bytes)
Event: 3.707 Thread 0x000002937857b3a0 nmethod 4084 0x00000293007ea390 code [0x00000293007ea5e0, 0x00000293007eaca8]
Event: 3.724 Thread 0x000002937857b3a0 4085       3       java.io.File::getParentFile (41 bytes)
Event: 3.724 Thread 0x000002937857b3a0 nmethod 4085 0x00000293007eaf90 code [0x00000293007eb180, 0x00000293007eb570]

GC Heap History (6 events):
Event: 0.983 GC heap before
{Heap before GC invocations=0 (full 0):
 garbage-first heap   total 96256K, used 23552K [0x00000000a2600000, 0x0000000100000000)
  region size 1024K, 23 young (23552K), 0 survivors (0K)
 Metaspace       used 5877K, committed 6016K, reserved 1114112K
  class space    used 681K, committed 768K, reserved 1048576K
}
Event: 0.990 GC heap after
{Heap after GC invocations=1 (full 0):
 garbage-first heap   total 96256K, used 3967K [0x00000000a2600000, 0x0000000100000000)
  region size 1024K, 3 young (3072K), 3 survivors (3072K)
 Metaspace       used 5877K, committed 6016K, reserved 1114112K
  class space    used 681K, committed 768K, reserved 1048576K
}
Event: 1.716 GC heap before
{Heap before GC invocations=1 (full 0):
 garbage-first heap   total 96256K, used 34687K [0x00000000a2600000, 0x0000000100000000)
  region size 1024K, 34 young (34816K), 3 survivors (3072K)
 Metaspace       used 11069K, committed 11264K, reserved 1114112K
  class space    used 1322K, committed 1408K, reserved 1048576K
}
Event: 1.723 GC heap after
{Heap after GC invocations=2 (full 0):
 garbage-first heap   total 96256K, used 6086K [0x00000000a2600000, 0x0000000100000000)
  region size 1024K, 3 young (3072K), 3 survivors (3072K)
 Metaspace       used 11069K, committed 11264K, reserved 1114112K
  class space    used 1322K, committed 1408K, reserved 1048576K
}
Event: 3.084 GC heap before
{Heap before GC invocations=2 (full 0):
 garbage-first heap   total 96256K, used 60358K [0x00000000a2600000, 0x0000000100000000)
  region size 1024K, 56 young (57344K), 3 survivors (3072K)
 Metaspace       used 16124K, committed 16384K, reserved 1114112K
  class space    used 1883K, committed 1984K, reserved 1048576K
}
Event: 3.111 GC heap after
{Heap after GC invocations=3 (full 0):
 garbage-first heap   total 96256K, used 13115K [0x00000000a2600000, 0x0000000100000000)
  region size 1024K, 7 young (7168K), 7 survivors (7168K)
 Metaspace       used 16124K, committed 16384K, reserved 1114112K
  class space    used 1883K, committed 1984K, reserved 1048576K
}

Dll operation events (8 events):
Event: 0.014 Loaded shared library C:\Program Files\Eclipse Adoptium\jdk-21.0.11.10-hotspot\bin\java.dll
Event: 0.049 Loaded shared library C:\Program Files\Eclipse Adoptium\jdk-21.0.11.10-hotspot\bin\jsvml.dll
Event: 0.061 Loaded shared library C:\Program Files\Eclipse Adoptium\jdk-21.0.11.10-hotspot\bin\net.dll
Event: 0.063 Loaded shared library C:\Program Files\Eclipse Adoptium\jdk-21.0.11.10-hotspot\bin\nio.dll
Event: 0.068 Loaded shared library C:\Program Files\Eclipse Adoptium\jdk-21.0.11.10-hotspot\bin\zip.dll
Event: 0.269 Loaded shared library C:\Program Files\Eclipse Adoptium\jdk-21.0.11.10-hotspot\bin\jimage.dll
Event: 0.451 Loaded shared library C:\Users\singh\maven\apache-maven-3.9.6\lib\jansi-native\Windows\x86_64\jansi.dll
Event: 0.468 Loaded shared library C:\Program Files\Eclipse Adoptium\jdk-21.0.11.10-hotspot\bin\verify.dll

Deoptimization events (20 events):
Event: 3.490 Thread 0x0000029368af46b0 DEOPT PACKING pc=0x0000029307b0ee6c sp=0x000000f3a23fd660
Event: 3.490 Thread 0x0000029368af46b0 DEOPT UNPACKING pc=0x0000029307584422 sp=0x000000f3a23fd5d0 mode 2
Event: 3.561 Thread 0x0000029368af46b0 Uncommon trap: trap_request=0xffffff76 fr.pc=0x0000029307b428cc relative=0x00000000000002ec
Event: 3.561 Thread 0x0000029368af46b0 Uncommon trap: reason=predicate action=maybe_recompile pc=0x0000029307b428cc method=java.nio.charset.CharsetDecoder.decode(Ljava/nio/ByteBuffer;Ljava/nio/CharBuffer;Z)Ljava/nio/charset/CoderResult; @ 54 c2
Event: 3.561 Thread 0x0000029368af46b0 DEOPT PACKING pc=0x0000029307b428cc sp=0x000000f3a23fc660
Event: 3.561 Thread 0x0000029368af46b0 DEOPT UNPACKING pc=0x0000029307584422 sp=0x000000f3a23fc5f0 mode 2
Event: 3.605 Thread 0x0000029368af46b0 Uncommon trap: trap_request=0xffffff45 fr.pc=0x0000029307c5e824 relative=0x0000000000000264
Event: 3.605 Thread 0x0000029368af46b0 Uncommon trap: reason=unstable_if action=reinterpret pc=0x0000029307c5e824 method=java.util.HashMap.getNode(Ljava/lang/Object;)Ljava/util/HashMap$Node; @ 57 c2
Event: 3.605 Thread 0x0000029368af46b0 DEOPT PACKING pc=0x0000029307c5e824 sp=0x000000f3a23fdcc0
Event: 3.605 Thread 0x0000029368af46b0 DEOPT UNPACKING pc=0x0000029307584422 sp=0x000000f3a23fdbd0 mode 2
Event: 3.605 Thread 0x0000029368af46b0 Uncommon trap: trap_request=0xffffff45 fr.pc=0x0000029307c5de20 relative=0x0000000000000260
Event: 3.605 Thread 0x0000029368af46b0 Uncommon trap: reason=unstable_if action=reinterpret pc=0x0000029307c5de20 method=java.util.HashMap.getNode(Ljava/lang/Object;)Ljava/util/HashMap$Node; @ 57 c2
Event: 3.605 Thread 0x0000029368af46b0 DEOPT PACKING pc=0x0000029307c5de20 sp=0x000000f3a23fdc50
Event: 3.605 Thread 0x0000029368af46b0 DEOPT UNPACKING pc=0x0000029307584422 sp=0x000000f3a23fdbd0 mode 2
Event: 3.605 Thread 0x0000029368af46b0 Uncommon trap: trap_request=0xffffff45 fr.pc=0x0000029307bcce50 relative=0x00000000000000b0
Event: 3.605 Thread 0x0000029368af46b0 Uncommon trap: reason=unstable_if action=reinterpret pc=0x0000029307bcce50 method=java.util.HashMap.hash(Ljava/lang/Object;)I @ 1 c2
Event: 3.605 Thread 0x0000029368af46b0 DEOPT PACKING pc=0x0000029307bcce50 sp=0x000000f3a23fdbc0
Event: 3.605 Thread 0x0000029368af46b0 DEOPT UNPACKING pc=0x0000029307584422 sp=0x000000f3a23fdb58 mode 2
Event: 3.621 Thread 0x0000029368af46b0 DEOPT PACKING pc=0x0000029300258093 sp=0x000000f3a23fd7c0
Event: 3.621 Thread 0x0000029368af46b0 DEOPT UNPACKING pc=0x0000029307584bc2 sp=0x000000f3a23fcd40 mode 0

Classes loaded (20 events):
Event: 2.274 Loading class java/lang/Short$ShortCache
Event: 2.274 Loading class java/lang/Short$ShortCache done
Event: 2.274 Loading class java/lang/Byte$ByteCache
Event: 2.274 Loading class java/lang/Byte$ByteCache done
Event: 2.713 Loading class java/util/stream/MatchOps$MatchKind
Event: 2.713 Loading class java/util/stream/MatchOps$MatchKind done
Event: 2.713 Loading class java/util/stream/MatchOps
Event: 2.713 Loading class java/util/stream/MatchOps done
Event: 2.713 Loading class java/util/stream/MatchOps$MatchOp
Event: 2.714 Loading class java/util/stream/MatchOps$MatchOp done
Event: 2.714 Loading class java/util/stream/MatchOps$BooleanTerminalSink
Event: 2.714 Loading class java/util/stream/MatchOps$BooleanTerminalSink done
Event: 2.714 Loading class java/util/stream/MatchOps$1MatchSink
Event: 2.714 Loading class java/util/stream/MatchOps$1MatchSink done
Event: 2.744 Loading class java/util/LinkedList$LLSpliterator
Event: 2.745 Loading class java/util/LinkedList$LLSpliterator done
Event: 3.234 Loading class java/util/stream/IntStream
Event: 3.234 Loading class java/util/stream/IntStream done
Event: 3.561 Loading class sun/nio/cs/ISO_8859_1$Decoder
Event: 3.561 Loading class sun/nio/cs/ISO_8859_1$Decoder done

Classes unloaded (0 events):
No events

Classes redefined (0 events):
No events

Internal exceptions (20 events):
Event: 1.716 Thread 0x0000029368af46b0 Exception <a 'java/lang/NoSuchMethodError'{0x00000000a62fd558}: 'long java.lang.invoke.DirectMethodHandle$Holder.invokeStatic(java.lang.Object, java.lang.Object, int)'> (0x00000000a62fd558) 
thrown [s\src\hotspot\share\interpreter\linkResolver.cpp, line 773]
Event: 1.725 Thread 0x0000029368af46b0 Exception <a 'java/lang/NoSuchMethodError'{0x00000000a8310da8}: 'java.lang.Object java.lang.invoke.DirectMethodHandle$Holder.invokeStatic(java.lang.Object, java.lang.Object, java.lang.Object, java.lang.Object, int)'> (0x00000000a8310da8) 
thrown [s\src\hotspot\share\interpreter\linkResolver.cpp, line 773]
Event: 1.725 Thread 0x0000029368af46b0 Exception <a 'java/lang/NoSuchMethodError'{0x00000000a8319438}: 'java.lang.Object java.lang.invoke.DirectMethodHandle$Holder.invokeSpecial(java.lang.Object, java.lang.Object, java.lang.Object, java.lang.Object, long)'> (0x00000000a8319438) 
thrown [s\src\hotspot\share\interpreter\linkResolver.cpp, line 773]
Event: 1.726 Thread 0x0000029368af46b0 Exception <a 'java/lang/NoSuchMethodError'{0x00000000a83251d8}: 'java.lang.Object java.lang.invoke.DirectMethodHandle$Holder.invokeSpecial(java.lang.Object, java.lang.Object, java.lang.Object, int, java.lang.Object)'> (0x00000000a83251d8) 
thrown [s\src\hotspot\share\interpreter\linkResolver.cpp, line 773]
Event: 1.727 Thread 0x0000029368af46b0 Exception <a 'java/lang/NoSuchMethodError'{0x00000000a832d528}: 'int java.lang.invoke.DirectMethodHandle$Holder.invokeSpecial(java.lang.Object, java.lang.Object, java.lang.Object, int)'> (0x00000000a832d528) 
thrown [s\src\hotspot\share\interpreter\linkResolver.cpp, line 773]
Event: 1.730 Thread 0x0000029368af46b0 Implicit null exception at 0x0000029307b5cfdd to 0x0000029307b5d1e4
Event: 1.732 Thread 0x0000029368af46b0 Exception <a 'java/lang/NoSuchMethodError'{0x00000000a8351bc8}: 'java.lang.Object java.lang.invoke.Invokers$Holder.invokeExact_MT(java.lang.Object, int, java.lang.Object)'> (0x00000000a8351bc8) 
thrown [s\src\hotspot\share\interpreter\linkResolver.cpp, line 773]
Event: 1.741 Thread 0x0000029368af46b0 Exception <a 'java/lang/NoSuchMethodError'{0x00000000a83e8058}: 'void java.lang.invoke.DirectMethodHandle$Holder.invokeStatic(java.lang.Object, java.lang.Object)'> (0x00000000a83e8058) 
thrown [s\src\hotspot\share\interpreter\linkResolver.cpp, line 773]
Event: 1.940 Thread 0x0000029368af46b0 Exception <a 'java/lang/NoSuchMethodError'{0x00000000a7b50af8}: 'void java.lang.invoke.Invokers$Holder.invokeExact_MT(java.lang.Object, java.lang.Object, java.lang.Object, java.lang.Object)'> (0x00000000a7b50af8) 
thrown [s\src\hotspot\share\interpreter\linkResolver.cpp, line 773]
Event: 1.959 Thread 0x0000029368af46b0 Exception <a 'java/lang/NoClassDefFoundError'{0x00000000a7bd8ff8}: com/google/inject/servlet/ServletModuleTargetVisitor> (0x00000000a7bd8ff8) 
thrown [s\src\hotspot\share\classfile\systemDictionary.cpp, line 302]
Event: 2.023 Thread 0x0000029368af46b0 Exception <a 'java/lang/NoSuchMethodError'{0x00000000a799c810}: 'void java.lang.invoke.DirectMethodHandle$Holder.invokeVirtual(java.lang.Object, java.lang.Object)'> (0x00000000a799c810) 
thrown [s\src\hotspot\share\interpreter\linkResolver.cpp, line 773]
Event: 2.058 Thread 0x0000029368af46b0 Exception <a 'java/lang/NoSuchMethodError'{0x00000000a781c058}: 'java.lang.Object java.lang.invoke.DirectMethodHandle$Holder.invokeStaticInit(java.lang.Object, int, int, int, int)'> (0x00000000a781c058) 
thrown [s\src\hotspot\share\interpreter\linkResolver.cpp, line 773]
Event: 2.186 Thread 0x0000029368af46b0 Implicit null exception at 0x0000029307b78f24 to 0x0000029307b79570
Event: 2.186 Thread 0x0000029368af46b0 Implicit null exception at 0x0000029307b10920 to 0x0000029307b10f6c
Event: 2.282 Thread 0x0000029368af46b0 Exception <a 'java/lang/NoSuchMethodError'{0x00000000a7141268}: 'void java.lang.invoke.DirectMethodHandle$Holder.invokeVirtual(java.lang.Object, java.lang.Object, int)'> (0x00000000a7141268) 
thrown [s\src\hotspot\share\interpreter\linkResolver.cpp, line 773]
Event: 2.283 Thread 0x0000029368af46b0 Exception <a 'java/lang/NoSuchMethodError'{0x00000000a7148328}: 'void java.lang.invoke.DelegatingMethodHandle$Holder.reinvoke_L(java.lang.Object, java.lang.Object, int)'> (0x00000000a7148328) 
thrown [s\src\hotspot\share\interpreter\linkResolver.cpp, line 773]
Event: 2.813 Thread 0x0000029368af46b0 Implicit null exception at 0x0000029307be4b31 to 0x0000029307be5e8c
Event: 2.813 Thread 0x0000029368af46b0 Implicit null exception at 0x0000029307b75718 to 0x0000029307b7590c
Event: 2.813 Thread 0x0000029368af46b0 Implicit null exception at 0x0000029307bceb8d to 0x0000029307bcf3ec
Event: 3.605 Thread 0x0000029368af46b0 Implicit null exception at 0x0000029307bccdbd to 0x0000029307bcce41

ZGC Phase Switch (0 events):
No events

VM Operations (20 events):
Event: 1.935 Executing non-safepoint VM operation: HandshakeAllThreads (Deoptimize)
Event: 1.935 Executing non-safepoint VM operation: HandshakeAllThreads (Deoptimize) done
Event: 1.985 Executing safepoint VM operation: ICBufferFull
Event: 1.985 Executing safepoint VM operation: ICBufferFull done
Event: 2.033 Executing non-safepoint VM operation: HandshakeAllThreads (Deoptimize)
Event: 2.033 Executing non-safepoint VM operation: HandshakeAllThreads (Deoptimize) done
Event: 2.074 Executing non-safepoint VM operation: HandshakeAllThreads (Deoptimize)
Event: 2.074 Executing non-safepoint VM operation: HandshakeAllThreads (Deoptimize) done
Event: 2.107 Executing non-safepoint VM operation: HandshakeAllThreads (Deoptimize)
Event: 2.107 Executing non-safepoint VM operation: HandshakeAllThreads (Deoptimize) done
Event: 2.152 Executing non-safepoint VM operation: HandshakeAllThreads (Deoptimize)
Event: 2.152 Executing non-safepoint VM operation: HandshakeAllThreads (Deoptimize) done
Event: 2.153 Executing non-safepoint VM operation: HandshakeAllThreads (Deoptimize)
Event: 2.153 Executing non-safepoint VM operation: HandshakeAllThreads (Deoptimize) done
Event: 2.331 Executing safepoint VM operation: ICBufferFull
Event: 2.331 Executing safepoint VM operation: ICBufferFull done
Event: 2.753 Executing safepoint VM operation: ICBufferFull
Event: 2.753 Executing safepoint VM operation: ICBufferFull done
Event: 3.083 Executing safepoint VM operation: G1CollectForAllocation (G1 Evacuation Pause)
Event: 3.111 Executing safepoint VM operation: G1CollectForAllocation (G1 Evacuation Pause) done

Memory protections (0 events):
No events

Nmethod flushes (0 events):
No events

Events (11 events):
Event: 0.029 Thread 0x0000029368af46b0 Thread added: 0x0000029368af46b0
Event: 0.040 Thread 0x0000029368af46b0 Thread added: 0x0000029378559b30
Event: 0.041 Thread 0x0000029368af46b0 Thread added: 0x000002937855e960
Event: 0.041 Thread 0x0000029368af46b0 Thread added: 0x0000029378563a00
Event: 0.041 Thread 0x0000029368af46b0 Thread added: 0x00000293785677e0
Event: 0.041 Thread 0x0000029368af46b0 Thread added: 0x00000293785683f0
Event: 0.041 Thread 0x0000029368af46b0 Thread added: 0x0000029378568e50
Event: 0.042 Thread 0x0000029368af46b0 Thread added: 0x00000293785764d0
Event: 0.042 Thread 0x0000029368af46b0 Thread added: 0x000002937857b3a0
Event: 0.055 Thread 0x0000029368af46b0 Thread added: 0x00000293786d61d0
Event: 0.057 Thread 0x0000029368af46b0 Thread added: 0x00000293786df210


Dynamic libraries:
0x00007ff74abe0000 - 0x00007ff74abee000 	C:\Program Files\Eclipse Adoptium\jdk-21.0.11.10-hotspot\bin\java.exe
0x00007ffca7ea0000 - 0x00007ffca8106000 	C:\WINDOWS\SYSTEM32\ntdll.dll
0x00007ffca7200000 - 0x00007ffca72c9000 	C:\WINDOWS\System32\KERNEL32.DLL
0x00007ffca56e0000 - 0x00007ffca5ada000 	C:\WINDOWS\System32\KERNELBASE.dll
0x00007ffca5410000 - 0x00007ffca555c000 	C:\WINDOWS\System32\ucrtbase.dll
0x00007ffc97020000 - 0x00007ffc97038000 	C:\Program Files\Eclipse Adoptium\jdk-21.0.11.10-hotspot\bin\jli.dll
0x00007ffc8e710000 - 0x00007ffc8e72e000 	C:\Program Files\Eclipse Adoptium\jdk-21.0.11.10-hotspot\bin\VCRUNTIME140.dll
0x00007ffca7000000 - 0x00007ffca71c7000 	C:\WINDOWS\System32\USER32.dll
0x00007ffca51c0000 - 0x00007ffca51e7000 	C:\WINDOWS\System32\win32u.dll
0x00007ffca7e30000 - 0x00007ffca7e5b000 	C:\WINDOWS\System32\GDI32.dll
0x00007ffca5ae0000 - 0x00007ffca5c0b000 	C:\WINDOWS\System32\gdi32full.dll
0x00007ffca51f0000 - 0x00007ffca5293000 	C:\WINDOWS\System32\msvcp_win.dll
0x00007ffc94e60000 - 0x00007ffc950f2000 	C:\WINDOWS\WinSxS\amd64_microsoft.windows.common-controls_6595b64144ccf1df_6.0.26100.8521_none_3e08b75ce33403b3\COMCTL32.dll
0x00007ffca6340000 - 0x00007ffca63e9000 	C:\WINDOWS\System32\msvcrt.dll
0x00007ffca7c80000 - 0x00007ffca7cb2000 	C:\WINDOWS\System32\IMM32.DLL
0x00007ffca0070000 - 0x00007ffca007c000 	C:\Program Files\Eclipse Adoptium\jdk-21.0.11.10-hotspot\bin\vcruntime140_1.dll
0x00007ffc87c60000 - 0x00007ffc87ced000 	C:\Program Files\Eclipse Adoptium\jdk-21.0.11.10-hotspot\bin\msvcp140.dll
0x00007ffc70e80000 - 0x00007ffc71c22000 	C:\Program Files\Eclipse Adoptium\jdk-21.0.11.10-hotspot\bin\server\jvm.dll
0x00007ffca6270000 - 0x00007ffca6326000 	C:\WINDOWS\System32\ADVAPI32.dll
0x00007ffca5c10000 - 0x00007ffca5cba000 	C:\WINDOWS\System32\sechost.dll
0x00007ffca7cc0000 - 0x00007ffca7dd8000 	C:\WINDOWS\System32\RPCRT4.dll
0x00007ffca63f0000 - 0x00007ffca6470000 	C:\WINDOWS\System32\WS2_32.dll
0x00007ffca4fb0000 - 0x00007ffca500e000 	C:\WINDOWS\SYSTEM32\POWRPROF.dll
0x00007ffc9bfe0000 - 0x00007ffc9bfeb000 	C:\WINDOWS\SYSTEM32\VERSION.dll
0x00007ffc9bfa0000 - 0x00007ffc9bfd6000 	C:\WINDOWS\SYSTEM32\WINMM.dll
0x00007ffca4f90000 - 0x00007ffca4fa4000 	C:\WINDOWS\SYSTEM32\UMPDC.dll
0x00007ffca3ec0000 - 0x00007ffca3edb000 	C:\WINDOWS\SYSTEM32\kernel.appcore.dll
0x00007ffc97060000 - 0x00007ffc9706a000 	C:\Program Files\Eclipse Adoptium\jdk-21.0.11.10-hotspot\bin\jimage.dll
0x00007ffc9bbd0000 - 0x00007ffc9be12000 	C:\WINDOWS\SYSTEM32\DBGHELP.DLL
0x00007ffca5cc0000 - 0x00007ffca6043000 	C:\WINDOWS\System32\combase.dll
0x00007ffca6e90000 - 0x00007ffca6f69000 	C:\WINDOWS\System32\OLEAUT32.dll
0x00007ffc93220000 - 0x00007ffc9325b000 	C:\WINDOWS\SYSTEM32\dbgcore.DLL
0x00007ffca52a0000 - 0x00007ffca5348000 	C:\WINDOWS\System32\bcryptPrimitives.dll
0x00007ffc8e6f0000 - 0x00007ffc8e710000 	C:\Program Files\Eclipse Adoptium\jdk-21.0.11.10-hotspot\bin\java.dll
0x00007ffca74f0000 - 0x00007ffca7c74000 	C:\WINDOWS\System32\SHELL32.dll
0x00007ffca2ce0000 - 0x00007ffca3560000 	C:\WINDOWS\SYSTEM32\windows.storage.dll
0x00007ffca6c90000 - 0x00007ffca6d86000 	C:\WINDOWS\System32\SHCORE.dll
0x00007ffca6d90000 - 0x00007ffca6df7000 	C:\WINDOWS\System32\shlwapi.dll
0x00007ffca5050000 - 0x00007ffca5079000 	C:\WINDOWS\SYSTEM32\profapi.dll
0x00007ffc82ae0000 - 0x00007ffc82bb7000 	C:\Program Files\Eclipse Adoptium\jdk-21.0.11.10-hotspot\bin\jsvml.dll
0x00007ffc97010000 - 0x00007ffc97020000 	C:\Program Files\Eclipse Adoptium\jdk-21.0.11.10-hotspot\bin\net.dll
0x00007ffc9cf50000 - 0x00007ffc9d079000 	C:\WINDOWS\SYSTEM32\WINHTTP.dll
0x00007ffca4430000 - 0x00007ffca449c000 	C:\WINDOWS\system32\mswsock.dll
0x00007ffc8d740000 - 0x00007ffc8d756000 	C:\Program Files\Eclipse Adoptium\jdk-21.0.11.10-hotspot\bin\nio.dll
0x00007ffc8d720000 - 0x00007ffc8d738000 	C:\Program Files\Eclipse Adoptium\jdk-21.0.11.10-hotspot\bin\zip.dll
0x0000000069ac0000 - 0x0000000069ae4000 	C:\Users\singh\maven\apache-maven-3.9.6\lib\jansi-native\Windows\x86_64\jansi.dll
0x00007ffc954e0000 - 0x00007ffc954f0000 	C:\Program Files\Eclipse Adoptium\jdk-21.0.11.10-hotspot\bin\verify.dll

JVMTI agents: none

dbghelp: loaded successfully - version: 4.0.5 - missing functions: none
symbol engine: initialized successfully - sym options: 0x614 - pdb path: .;C:\Program Files\Eclipse Adoptium\jdk-21.0.11.10-hotspot\bin;C:\WINDOWS\SYSTEM32;C:\WINDOWS\WinSxS\amd64_microsoft.windows.common-controls_6595b64144ccf1df_6.0.26100.8521_none_3e08b75ce33403b3;C:\Program Files\Eclipse Adoptium\jdk-21.0.11.10-hotspot\bin\server;C:\Users\singh\maven\apache-maven-3.9.6\lib\jansi-native\Windows\x86_64

VM Arguments:
jvm_args: -Dclassworlds.conf=C:\Users\singh\maven\apache-maven-3.9.6\bin\m2.conf -Dmaven.home=C:\Users\singh\maven\apache-maven-3.9.6 -Dlibrary.jansi.path=C:\Users\singh\maven\apache-maven-3.9.6\lib\jansi-native -Dmaven.multiModuleProjectDirectory=C:\HIGH LEVEL PROJECTS\upi-dispute-platform\npci-service 
java_command: org.codehaus.plexus.classworlds.launcher.Launcher spring-boot:run
java_class_path (initial): C:\Users\singh\maven\apache-maven-3.9.6\boot\plexus-classworlds-2.7.0.jar
Launcher Type: SUN_STANDARD

[Global flags]
     intx CICompilerCount                          = 4                                         {product} {ergonomic}
     uint ConcGCThreads                            = 3                                         {product} {ergonomic}
     uint G1ConcRefinementThreads                  = 10                                        {product} {ergonomic}
   size_t G1HeapRegionSize                         = 1048576                                   {product} {ergonomic}
    uintx GCDrainStackTargetSize                   = 64                                        {product} {ergonomic}
   size_t InitialHeapSize                          = 98566144                                  {product} {ergonomic}
   size_t MarkStackSize                            = 4194304                                   {product} {ergonomic}
   size_t MaxHeapSize                              = 1570766848                                {product} {ergonomic}
   size_t MaxNewSize                               = 941621248                                 {product} {ergonomic}
   size_t MinHeapDeltaBytes                        = 1048576                                   {product} {ergonomic}
   size_t MinHeapSize                              = 8388608                                   {product} {ergonomic}
    uintx NonNMethodCodeHeapSize                   = 5839372                                {pd product} {ergonomic}
    uintx NonProfiledCodeHeapSize                  = 122909434                              {pd product} {ergonomic}
    uintx ProfiledCodeHeapSize                     = 122909434                              {pd product} {ergonomic}
    uintx ReservedCodeCacheSize                    = 251658240                              {pd product} {ergonomic}
     bool SegmentedCodeCache                       = true                                      {product} {ergonomic}
   size_t SoftMaxHeapSize                          = 1570766848                             {manageable} {ergonomic}
     bool UseCompressedOops                        = true                           {product lp64_product} {ergonomic}
     bool UseG1GC                                  = true                                      {product} {ergonomic}
     bool UseLargePagesIndividualAllocation        = false                                  {pd product} {ergonomic}

Logging:
Log output configuration:
 #0: stdout all=warning uptime,level,tags foldmultilines=false
 #1: stderr all=off uptime,level,tags foldmultilines=false

Release file:
IMPLEMENTOR="Eclipse Adoptium" 
IMPLEMENTOR_VERSION="Temurin-21.0.11+10" 
JAVA_RUNTIME_VERSION="21.0.11+10-LTS" 
JAVA_VERSION="21.0.11" 
JAVA_VERSION_DATE="2026-04-21" 
LIBC="default" 
MODULES="java.base java.compiler java.datatransfer java.xml java.prefs java.desktop java.instrument java.logging java.management java.security.sasl java.naming java.rmi java.management.rmi java.net.http java.scripting java.security.jgss java.transaction.xa java.sql java.sql.rowset java.xml.crypto java.se java.smartcardio jdk.accessibility jdk.internal.jvmstat jdk.attach jdk.charsets jdk.internal.opt jdk.zipfs jdk.compiler jdk.crypto.ec jdk.crypto.cryptoki jdk.crypto.mscapi jdk.dynalink jdk.internal.ed jdk.editpad jdk.hotspot.agent jdk.httpserver jdk.incubator.vector jdk.internal.le jdk.internal.vm.ci jdk.internal.vm.compiler jdk.internal.vm.compiler.management jdk.jartool jdk.javadoc jdk.jcmd jdk.management jdk.management.agent jdk.jconsole jdk.jdeps jdk.jdwp.agent jdk.jdi jdk.jfr jdk.jlink jdk.jpackage jdk.jshell jdk.jsobject jdk.jstatd jdk.localedata jdk.management.jfr jdk.naming.dns jdk.naming.rmi jdk.net jdk.nio.mapmode jdk.random jdk.sctp jdk.security.auth jdk.security.jgss jdk.unsupported jdk.unsupported.desktop jdk.xml.dom" 
OS_ARCH="x86_64" 
OS_NAME="Windows" 
SOURCE=".:git:254494ad7d75" 
BUILD_SOURCE="git:a612825ee82a20ac872d60958c349854c1f29a8e"
BUILD_SOURCE_REPO="https://github.com/adoptium/temurin-build.git"
SOURCE_REPO="https://github.com/adoptium/jdk21u.git"
FULL_VERSION="21.0.11+10-LTS"
SEMANTIC_VERSION="21.0.11+10"
BUILD_INFO="OS: Windows Server 2022 Version: 10.0"
JVM_VARIANT="Hotspot"
JVM_VERSION="21.0.11+10-LTS"
IMAGE_TYPE="JDK"

Environment Variables:
JAVA_HOME=C:\Program Files\Eclipse Adoptium\jdk-21.0.11.10-hotspot\
PATH=c:\Users\singh\.vscode\extensions\vadimcn.vscode-lldb-1.12.1\bin;c:\Users\singh\.vscode\extensions\vadimcn.vscode-lldb-1.12.1\bin;C:\Program Files\Eclipse Adoptium\jdk-21.0.11.10-hotspot\bin;C:\Program Files\Common Files\Oracle\Java\javapath;C:\Program Files (x86)\Common Files\Intel\Shared Libraries\redist\intel64\compiler;C:\WINDOWS\system32;C:\WINDOWS;C:\WINDOWS\System32\Wbem;C:\WINDOWS\System32\WindowsPowerShell\v1.0\;C:\WINDOWS\System32\OpenSSH\;C:\Program Files\Java\jdk-22\bin;C:\Program Files\nodejs\;C:\Program Files\Git\cmd;C:\Program Files\Docker\Docker\resources\bin;C:\Users\singh\AppData\Local\Programs\Python\Python312\Scripts\;C:\Users\singh\AppData\Local\Programs\Python\Python312\;C:\Users\singh\AppData\Local\Programs\Python\Launcher\;C:\Users\singh\AppData\Local\Microsoft\WindowsApps;C:\Users\singh\AppData\Local\GitHubDesktop\bin;C:\Users\singh\AppData\Local\Programs\Microsoft VS Code\bin;C:\Users\singh\AppData\Roaming\npm;C:\Users\singh\AppData\Local\Programs\Microsoft VS Code\bin;C:\Users\singh\maven\apache-maven-3.9.6\bin
USERNAME=singh
LANG=en_US.UTF-8
OS=Windows_NT
PROCESSOR_IDENTIFIER=AMD64 Family 23 Model 104 Stepping 1, AuthenticAMD
TMP=C:\Users\singh\AppData\Local\Temp
TEMP=C:\Users\singh\AppData\Local\Temp




Periodic native trim disabled

---------------  S Y S T E M  ---------------

OS:
 Windows 11 , 64 bit Build 26100 (10.0.26100.8521)
OS uptime: 0 days 15:08 hours
Hyper-V role detected

CPU: total 12 (initial active 12) (12 cores per cpu, 2 threads per core) family 23 model 104 stepping 1 microcode 0x8608103, cx8, cmov, fxsr, ht, mmx, 3dnowpref, sse, sse2, sse3, ssse3, sse4a, sse4.1, sse4.2, popcnt, lzcnt, tsc, tscinvbit, avx, avx2, aes, clmul, bmi1, bmi2, adx, sha, fma, vzeroupper, clflush, clflushopt, hv, rdtscp, rdpid, f16c
Processor Information for processor 0
  Max Mhz: 2100, Current Mhz: 2100, Mhz Limit: 2100
Processor Information for processor 1
  Max Mhz: 2100, Current Mhz: 1988, Mhz Limit: 2100
Processor Information for processor 2
  Max Mhz: 2100, Current Mhz: 2100, Mhz Limit: 2100
Processor Information for processor 3
  Max Mhz: 2100, Current Mhz: 1988, Mhz Limit: 2100
Processor Information for processor 4
  Max Mhz: 2100, Current Mhz: 1988, Mhz Limit: 2100
Processor Information for processor 5
  Max Mhz: 2100, Current Mhz: 2100, Mhz Limit: 2100
Processor Information for processor 6
  Max Mhz: 2100, Current Mhz: 2100, Mhz Limit: 2100
Processor Information for processor 7
  Max Mhz: 2100, Current Mhz: 2100, Mhz Limit: 2100
Processor Information for processor 8
  Max Mhz: 2100, Current Mhz: 2100, Mhz Limit: 2100
Processor Information for processor 9
  Max Mhz: 2100, Current Mhz: 2100, Mhz Limit: 2100
Processor Information for processor 10
  Max Mhz: 2100, Current Mhz: 1988, Mhz Limit: 2100
Processor Information for processor 11
  Max Mhz: 2100, Current Mhz: 1988, Mhz Limit: 2100

Memory: 4k page, system-wide physical 5989M (316M free)
TotalPageFile size 24421M (AvailPageFile size 7M)
current process WorkingSet (physical memory assigned to process): 159M, peak: 162M
current process commit charge ("private bytes"): 230M, peak: 231M

vm_info: OpenJDK 64-Bit Server VM (21.0.11+10-LTS) for windows-amd64 JRE (21.0.11+10-LTS), built on 2026-04-21T00:00:00Z by "admin" with MS VC++ 17.12 (VS2022)

END.
